Component: ARM Compiler 5.06 update 5 (build 528) Tool: armlink [4d35e2]

==============================================================================

Section Cross References

    nrf.o(i.nrf_enable_rf) refers to nrf.o(.bss) for .bss
    nrf.o(i.nrf_init) refers to nrf.o(i.nrf_write_command) for nrf_write_command
    nrf.o(i.nrf_init) refers to nrf.o(i.__ARM_common_memcpy4_5) for __ARM_common_memcpy4_5
    nrf.o(i.nrf_init) refers to ssp_lpc17xx.o(.constdata) for Driver_SPI0
    nrf.o(i.nrf_init) refers to nrf.o(.data) for .data
    nrf.o(i.nrf_init) refers to nrf.o(.bss) for .bss
    nrf.o(i.nrf_irq_clr_stat) refers to nrf.o(i.nrf_write_command) for nrf_write_command
    nrf.o(i.nrf_read_command) refers to nrf.o(.data) for .data
    nrf.o(i.nrf_read_data) refers to nrf.o(.data) for .data
    nrf.o(i.nrf_read_stat) refers to nrf.o(.data) for .data
    nrf.o(i.nrf_set_address) refers to nrf.o(i.nrf_write_command) for nrf_write_command
    nrf.o(i.nrf_set_address) refers to nrf.o(i.__ARM_common_memcpy4_5) for __ARM_common_memcpy4_5
    nrf.o(i.nrf_set_address) refers to nrf.o(.bss) for .bss
    nrf.o(i.nrf_set_channel) refers to nrf.o(i.nrf_write_command) for nrf_write_command
    nrf.o(i.nrf_set_rf_mode) refers to nrf.o(i.nrf_write_command) for nrf_write_command
    nrf.o(i.nrf_set_rf_mode) refers to nrf.o(.bss) for .bss
    nrf.o(i.nrf_write_command) refers to nrf.o(.data) for .data
    nrf.o(i.nrf_write_data) refers to nrf.o(i.nrf_write_command) for nrf_write_command
    nrf.o(i.nrf_write_stat) refers to nrf.o(i.nrf_write_command) for nrf_write_command
    0.o(i.if_rgb565_data) refers to rt_memcpy_v6.o(.text) for __aeabi_memcpy
    0.o(i.if_rgb565_data) refers to 0.o(.bss) for .bss
    0.o(i.main) refers to gpdma_lpc17xx.o(i.GPDMA_Initialize) for GPDMA_Initialize
    0.o(i.main) refers to 0.o(i.main_app) for main_app
    0.o(i.main_app) refers to _printf_percent.o(.ARM.Collect$$_printf_percent$$00000000) for _printf_percent
    0.o(i.main_app) refers to _printf_s.o(.ARM.Collect$$_printf_percent$$00000014) for _printf_s
    0.o(i.main_app) refers to _printf_str.o(.text) for _printf_str
    0.o(i.main_app) refers to __2sprintf.o(.text) for __2sprintf
    0.o(i.main_app) refers to nrf.o(i.nrf_init) for nrf_init
    0.o(i.main_app) refers to nrf.o(i.nrf_set_channel) for nrf_set_channel
    0.o(i.main_app) refers to nrf.o(i.nrf_set_rf_mode) for nrf_set_rf_mode
    0.o(i.main_app) refers to nrf.o(i.nrf_write_command) for nrf_write_command
    0.o(i.main_app) refers to nrf.o(i.nrf_set_address) for nrf_set_address
    0.o(i.main_app) refers to nrf.o(i.nrf_write_data) for nrf_write_data
    0.o(i.main_app) refers to nrf.o(i.nrf_irq_clr_stat) for nrf_irq_clr_stat
    0.o(i.main_app) refers to rt_cmsis.o(i.osDelay) for osDelay
    0.o(i.main_app) refers to nrf.o(i.nrf_enable_rf) for nrf_enable_rf
    0.o(i.main_app) refers to nrf.o(i.nrf_irq_stat) for nrf_irq_stat
    0.o(i.main_app) refers to nrf.o(i.nrf_read_data) for nrf_read_data
    0.o(i.main_app) refers to nrf.o(i.nrf_read_stat) for nrf_read_stat
    0.o(i.main_app) refers to 0.o(.data) for .data
    0.o(i.main_app) refers to 0.o(.bss) for .bss
    0.o(i.main_app) refers to 0.o(i.if_rgb565_data) for if_rgb565_data
    0.o(i.main_app) refers to 0.o(i.if_rgb565_init) for if_rgb565_init
    0.o(i.main_app) refers to 1.o(.constdata) for i1
    0.o(i.main_app) refers to 2.o(.constdata) for i2
    0.o(i.main_app) refers to 3.o(.constdata) for i3
    0.o(i.transfer_image) refers to rt_cmsis.o(i.osDelay) for osDelay
    0.o(i.transfer_image) refers to nrf.o(i.nrf_set_rf_mode) for nrf_set_rf_mode
    0.o(i.transfer_image) refers to nrf.o(i.nrf_write_data) for nrf_write_data
    0.o(i.transfer_image) refers to nrf.o(i.nrf_irq_clr_stat) for nrf_irq_clr_stat
    0.o(i.transfer_image) refers to nrf.o(i.nrf_enable_rf) for nrf_enable_rf
    0.o(i.transfer_image) refers to nrf.o(i.nrf_irq_stat) for nrf_irq_stat
    0.o(i.transfer_image) refers to nrf.o(i.nrf_read_stat) for nrf_read_stat
    0.o(i.transfer_image) refers to nrf.o(i.nrf_write_command) for nrf_write_command
    stdout_user.o(i.SSD1306_send_data) refers to stdout_user.o(.data) for .data
    stdout_user.o(i.check_line_end) refers to stdout_user.o(.data) for .data
    stdout_user.o(i.stdout_cls) refers to rt_memclr.o(.text) for __aeabi_memclr
    stdout_user.o(i.stdout_cls) refers to stdout_user.o(.bss) for .bss
    stdout_user.o(i.stdout_cls) refers to stdout_user.o(.data) for .data
    stdout_user.o(i.stdout_cmdmode) refers to stdout_user.o(.data) for .data
    stdout_user.o(i.stdout_contrast) refers to stdout_user.o(.data) for .data
    stdout_user.o(i.stdout_init) refers to rt_memclr.o(.text) for __aeabi_memclr
    stdout_user.o(i.stdout_init) refers to i2c_lpc17xx.o(.constdata) for Driver_I2C1
    stdout_user.o(i.stdout_init) refers to stdout_user.o(.data) for .data
    stdout_user.o(i.stdout_init) refers to stdout_user.o(.bss) for .bss
[...]
    .text                                    0x00000340   Section        0  __printf.o(.text)
    .text                                    0x000003a8   Section        0  _printf_str.o(.text)
    .text                                    0x000003fa   Section        0  exit.o(.text)
    .text                                    0x0000040c   Section      138  rt_memcpy_v6.o(.text)
    .text                                    0x00000496   Section        0  heapauxi.o(.text)
    .text                                    0x0000049c   Section        0  _printf_char_common.o(.text)
    _printf_input_char                       0x0000049d   Thumb Code    10  _printf_char_common.o(.text)
    .text                                    0x000004cc   Section        0  _sputc.o(.text)
    .text                                    0x000004d6   Section        0  _printf_char.o(.text)
    .text                                    0x00000502   Section      100  rt_memcpy_w.o(.text)
    .text                                    0x00000568   Section        0  sys_exit.o(.text)
    .text                                    0x00000574   Section       74  sys_stackheap_outer.o(.text)
    SVC_TABLE                                0x000005c0   Section        4  svc_table.o(SVC_TABLE)
    i.DMA_IRQHandler                         0x000005c4   Section        0  gpdma_lpc17xx.o(i.DMA_IRQHandler)
    i.GPDMA_ChannelConfigure                 0x000006d8   Section        0  gpdma_lpc17xx.o(i.GPDMA_ChannelConfigure)
    i.GPDMA_ChannelDisable                   0x000007dc   Section        0  gpdma_lpc17xx.o(i.GPDMA_ChannelDisable)
    i.GPDMA_ChannelGetCount                  0x00000820   Section        0  gpdma_lpc17xx.o(i.GPDMA_ChannelGetCount)
    i.GPDMA_Initialize                       0x00000850   Section        0  gpdma_lpc17xx.o(i.GPDMA_Initialize)
    i.GPDMA_PeripheralSelect                 0x000008c4   Section        0  gpdma_lpc17xx.o(i.GPDMA_PeripheralSelect)
    i.GPDMA_Uninitialize                     0x000008fc   Section        0  gpdma_lpc17xx.o(i.GPDMA_Uninitialize)
    i.GPIO_PinWrite                          0x00000944   Section        0  gpio_lpc17xx.o(i.GPIO_PinWrite)
    i.GPIO_SetDir                            0x0000095e   Section        0  gpio_lpc17xx.o(i.GPIO_SetDir)
    i.I2C0_IRQHandler                        0x00000980   Section        0  i2c_lpc17xx.o(i.I2C0_IRQHandler)
    i.I2C1_IRQHandler                        0x0000098c   Section        0  i2c_lpc17xx.o(i.I2C1_IRQHandler)
    i.I2Cx_IRQHandler                        0x00000998   Section        0  i2c_lpc17xx.o(i.I2Cx_IRQHandler)
    I2Cx_IRQHandler                          0x00000999   Thumb Code   902  i2c_lpc17xx.o(i.I2Cx_IRQHandler)
    i.PIN_Configure                          0x00000d1e   Section        0  pin_lpc17xx.o(i.PIN_Configure)
    i.SSP0_Control                           0x00000d9c   Section        0  ssp_lpc17xx.o(i.SSP0_Control)
    SSP0_Control                             0x00000d9d   Thumb Code     6  ssp_lpc17xx.o(i.SSP0_Control)
    i.SSP0_GPDMA_Rx_SignalEvent              0x00000da8   Section        0  ssp_lpc17xx.o(i.SSP0_GPDMA_Rx_SignalEvent)
    i.SSP0_GPDMA_Tx_SignalEvent              0x00000dd0   Section        0  ssp_lpc17xx.o(i.SSP0_GPDMA_Tx_SignalEvent)
    i.SSP0_GetDataCount                      0x00000de8   Section        0  ssp_lpc17xx.o(i.SSP0_GetDataCount)
    SSP0_GetDataCount                        0x00000de9   Thumb Code    38  ssp_lpc17xx.o(i.SSP0_GetDataCount)
    i.SSP0_GetStatus                         0x00000e14   Section        0  ssp_lpc17xx.o(i.SSP0_GetStatus)
    SSP0_GetStatus                           0x00000e15   Thumb Code    74  ssp_lpc17xx.o(i.SSP0_GetStatus)
    i.SSP0_IRQHandler                        0x00000e64   Section        0  ssp_lpc17xx.o(i.SSP0_IRQHandler)
    i.SSP0_Initialize                        0x00000f54   Section        0  ssp_lpc17xx.o(i.SSP0_Initialize)
    SSP0_Initialize                          0x00000f55   Thumb Code   170  ssp_lpc17xx.o(i.SSP0_Initialize)
    i.SSP0_PowerControl                      0x00001004   Section        0  ssp_lpc17xx.o(i.SSP0_PowerControl)
    SSP0_PowerControl                        0x00001005   Thumb Code   400  ssp_lpc17xx.o(i.SSP0_PowerControl)
    i.SSP0_Receive                           0x00001198   Section        0  ssp_lpc17xx.o(i.SSP0_Receive)
    SSP0_Receive                             0x00001199   Thumb Code   326  ssp_lpc17xx.o(i.SSP0_Receive)
    i.SSP0_Send                              0x000012ec   Section        0  ssp_lpc17xx.o(i.SSP0_Send)
    SSP0_Send                                0x000012ed   Thumb Code   310  ssp_lpc17xx.o(i.SSP0_Send)
    i.SSP0_Transfer                          0x0000142c   Section        0  ssp_lpc17xx.o(i.SSP0_Transfer)
    SSP0_Transfer                            0x0000142d   Thumb Code   324  ssp_lpc17xx.o(i.SSP0_Transfer)
    i.SSP0_Uninitialize                      0x00001574   Section        0  ssp_lpc17xx.o(i.SSP0_Uninitialize)
    SSP0_Uninitialize                        0x00001575   Thumb Code   110  ssp_lpc17xx.o(i.SSP0_Uninitialize)
    i.SSP_GetCapabilities                    0x000015e8   Section        0  ssp_lpc17xx.o(i.SSP_GetCapabilities)
    SSP_GetCapabilities                      0x000015e9   Thumb Code     6  ssp_lpc17xx.o(i.SSP_GetCapabilities)
    i.SSP_GetVersion                         0x000015f4   Section        0  ssp_lpc17xx.o(i.SSP_GetVersion)
    SSP_GetVersion                           0x000015f5   Thumb Code     6  ssp_lpc17xx.o(i.SSP_GetVersion)
    i.SSPx_Control                           0x00001600   Section        0  ssp_lpc17xx.o(i.SSPx_Control)
    SSPx_Control                             0x00001601   Thumb Code  1158  ssp_lpc17xx.o(i.SSPx_Control)
    i.SystemInit                             0x00001a88   Section        0  system_lpc17xx.o(i.SystemInit)
    i.__ARM_common_memcpy4_5                 0x00001b70   Section        0  nrf.o(i.__ARM_common_memcpy4_5)
    i._init_box                              0x00001b7a   Section        0  rt_membox.o(i._init_box)
    i._mutex_acquire                         0x00001bc0   Section        0  rtx_conf_cm.o(i._mutex_acquire)
    __tagsym$$used                           0x00001bc1   Number         0  rtx_conf_cm.o(i._mutex_acquire)
    i._mutex_release                         0x00001be0   Section        0  rtx_conf_cm.o(i._mutex_release)
    __tagsym$$used                           0x00001be1   Number         0  rtx_conf_cm.o(i._mutex_release)
    i.dbg_init                               0x00001bfc   Section        0  hal_cm.o(i.dbg_init)
    i.dbg_task_notify                        0x00001c2c   Section        0  hal_cm.o(i.dbg_task_notify)
    i.dbg_task_switch                        0x00001c4c   Section        0  hal_cm.o(i.dbg_task_switch)
    i.if_rgb565_data                         0x00001c5c   Section        0  0.o(i.if_rgb565_data)
    i.if_rgb565_init                         0x00001c88   Section        0  0.o(i.if_rgb565_init)
    i.isrMessageGet                          0x00001c8e   Section        0  rt_cmsis.o(i.isrMessageGet)
    i.isrMessagePut                          0x00001cb8   Section        0  rt_cmsis.o(i.isrMessagePut)
    i.isr_mbx_receive                        0x00001ce4   Section        0  rt_mailbox.o(i.isr_mbx_receive)
    i.isr_mbx_send                           0x00001d3a   Section        0  rt_mailbox.o(i.isr_mbx_send)
    i.main                                   0x00001d48   Section        0  0.o(i.main)
    i.main_app                               0x00001d50   Section        0  0.o(i.main_app)
    i.nrf_enable_rf                          0x00002074   Section        0  nrf.o(i.nrf_enable_rf)
    i.nrf_init                               0x00002094   Section        0  nrf.o(i.nrf_init)
    i.nrf_irq_clr_stat                       0x000021e0   Section        0  nrf.o(i.nrf_irq_clr_stat)
    i.nrf_irq_stat                           0x00002200   Section        0  nrf.o(i.nrf_irq_stat)
    i.nrf_read_data                          0x00002210   Section        0  nrf.o(i.nrf_read_data)
    i.nrf_read_stat                          0x00002268   Section        0  nrf.o(i.nrf_read_stat)
    i.nrf_set_address                        0x000022c4   Section        0  nrf.o(i.nrf_set_address)
    i.nrf_set_channel                        0x00002324   Section        0  nrf.o(i.nrf_set_channel)
    i.nrf_set_rf_mode                        0x00002334   Section        0  nrf.o(i.nrf_set_rf_mode)
    i.nrf_write_command                      0x00002358   Section        0  nrf.o(i.nrf_write_command)
    i.nrf_write_data                         0x000023ac   Section        0  nrf.o(i.nrf_write_data)
    i.osDelay                                0x000023bc   Section        0  rt_cmsis.o(i.osDelay)
    i.osKernelInitialize                     0x000023d4   Section        0  rt_cmsis.o(i.osKernelInitialize)
    i.osKernelStart                          0x000023f8   Section        0  rt_cmsis.o(i.osKernelStart)
    i.osMessageGet                           0x00002464   Section        0  rt_cmsis.o(i.osMessageGet)
    i.osThreadCreate                         0x0000247c   Section        0  rt_cmsis.o(i.osThreadCreate)
    i.osThreadExit                           0x000024a8   Section        0  rt_cmsis.o(i.osThreadExit)
    i.osTimerCall                            0x000024c0   Section        0  rt_cmsis.o(i.osTimerCall)
    i.osTimerThread                          0x000024cc   Section        0  rt_cmsis.o(i.osTimerThread)
    i.os_idle_demon                          0x000024f8   Section        0  rtx_conf_cm.o(i.os_idle_demon)
    i.os_tick_init                           0x000024fc   Section        0  rt_system.o(i.os_tick_init)
    i.os_tick_irqack                         0x00002524   Section        0  rt_system.o(i.os_tick_irqack)
    i.rt_alloc_box                           0x00002526   Section        0  rt_membox.o(i.rt_alloc_box)
    i.rt_alloc_mem                           0x00002540   Section        0  rt_memory.o(i.rt_alloc_mem)
    i.rt_block                               0x00002580   Section        0  rt_task.o(i.rt_block)
    i.rt_chk_robin                           0x000025b8   Section        0  rtx_conf_cm.o(i.rt_chk_robin)
    i.rt_dec_dly                             0x000025bc   Section        0  rt_list.o(i.rt_dec_dly)
    i.rt_dispatch                            0x0000262c   Section        0  rt_task.o(i.rt_dispatch)
    i.rt_dly_wait                            0x00002670   Section        0  rt_time.o(i.rt_dly_wait)
    i.rt_evt_psh                             0x00002678   Section        0  rt_event.o(i.rt_evt_psh)
    i.rt_free_box                            0x000026c8   Section        0  rt_membox.o(i.rt_free_box)
    i.rt_free_mem                            0x000026f4   Section        0  rt_memory.o(i.rt_free_mem)
    i.rt_get_first                           0x0000271c   Section        0  rt_list.o(i.rt_get_first)
    i.rt_id2obj                              0x00002744   Section        0  rt_cmsis.o(i.rt_id2obj)
    rt_id2obj                                0x00002745   Thumb Code     8  rt_cmsis.o(i.rt_id2obj)
    i.rt_init_context                        0x0000274c   Section        0  rt_task.o(i.rt_init_context)
    rt_init_context                          0x0000274d   Thumb Code    66  rt_task.o(i.rt_init_context)
    i.rt_init_mem                            0x00002794   Section        0  rt_memory.o(i.rt_init_mem)
    i.rt_init_robin                          0x000027ae   Section        0  rtx_conf_cm.o(i.rt_init_robin)
    i.rt_init_stack                          0x000027b0   Section        0  hal_cm.o(i.rt_init_stack)
    i.rt_mbx_check                           0x00002830   Section        0  rt_mailbox.o(i.rt_mbx_check)
    i.rt_mbx_init                            0x00002838   Section        0  rt_mailbox.o(i.rt_mbx_init)
    i.rt_mbx_psh                             0x00002854   Section        0  rt_mailbox.o(i.rt_mbx_psh)
    i.rt_mbx_wait                            0x00002944   Section        0  rt_mailbox.o(i.rt_mbx_wait)
    i.rt_ms2tick                             0x000029f8   Section        0  rt_cmsis.o(i.rt_ms2tick)
    rt_ms2tick                               0x000029f9   Thumb Code    58  rt_cmsis.o(i.rt_ms2tick)
    i.rt_mut_release                         0x00002a3c   Section        0  rt_mutex.o(i.rt_mut_release)
    i.rt_mut_wait                            0x00002b14   Section        0  rt_mutex.o(i.rt_mut_wait)
    i.rt_pop_req                             0x00002b8c   Section        0  rt_system.o(i.rt_pop_req)
    i.rt_psh_req                             0x00002c08   Section        0  rt_system.o(i.rt_psh_req)
    i.rt_psq_enq                             0x00002c28   Section        0  rt_list.o(i.rt_psq_enq)
    i.rt_put_dly                             0x00002c84   Section        0  rt_list.o(i.rt_put_dly)
    i.rt_put_prio                            0x00002ccc   Section        0  rt_list.o(i.rt_put_prio)
    i.rt_put_rdy_first                       0x00002d04   Section        0  rt_list.o(i.rt_put_rdy_first)
    i.rt_resort_prio                         0x00002d18   Section        0  rt_list.o(i.rt_resort_prio)
    i.rt_ret_val                             0x00002d4c   Section        0  hal_cm.o(i.rt_ret_val)
    i.rt_ret_val2                            0x00002d52   Section        0  hal_cm.o(i.rt_ret_val2)
    i.rt_rmv_dly                             0x00002d5a   Section        0  rt_list.o(i.rt_rmv_dly)
    i.rt_rmv_list                            0x00002d84   Section        0  rt_list.o(i.rt_rmv_list)
    i.rt_sem_psh                             0x00002db4   Section        0  rt_semaphore.o(i.rt_sem_psh)
    i.rt_stk_check                           0x00002de8   Section        0  rt_system.o(i.rt_stk_check)
    i.rt_switch_req                          0x00002e0c   Section        0  rt_task.o(i.rt_switch_req)
    i.rt_sys_init                            0x00002e34   Section        0  rt_task.o(i.rt_sys_init)
    i.rt_sys_start                           0x00002f00   Section        0  rt_task.o(i.rt_sys_start)
    i.rt_systick                             0x00002f78   Section        0  rt_system.o(i.rt_systick)
    i.rt_tid2ptcb                            0x00002fb8   Section        0  rt_cmsis.o(i.rt_tid2ptcb)
    rt_tid2ptcb                              0x00002fb9   Thumb Code    18  rt_cmsis.o(i.rt_tid2ptcb)
    i.rt_timer_insert                        0x00002fcc   Section        0  rt_cmsis.o(i.rt_timer_insert)
    rt_timer_insert                          0x00002fcd   Thumb Code    48  rt_cmsis.o(i.rt_timer_insert)
    i.rt_tsk_create                          0x00003000   Section        0  rt_task.o(i.rt_tsk_create)
    i.rt_tsk_delete                          0x00003088   Section        0  rt_task.o(i.rt_tsk_delete)
    i.rt_tsk_prio                            0x00003204   Section        0  rt_task.o(i.rt_tsk_prio)
    i.rt_tsk_self                            0x00003280   Section        0  rt_task.o(i.rt_tsk_self)
    i.svcDelay                               0x00003290   Section        0  rt_cmsis.o(i.svcDelay)
    i.svcKernelInitialize                    0x000032a4   Section        0  rt_cmsis.o(i.svcKernelInitialize)
    i.svcKernelStart                         0x00003314   Section        0  rt_cmsis.o(i.svcKernelStart)
    i.svcMessageCreate                       0x0000335c   Section        0  rt_cmsis.o(i.svcMessageCreate)
    i.svcMessageGet                          0x00003380   Section        0  rt_cmsis.o(i.svcMessageGet)
    i.svcThreadCreate                        0x000033bc   Section        0  rt_cmsis.o(i.svcThreadCreate)
    i.svcThreadGetId                         0x00003428   Section        0  rt_cmsis.o(i.svcThreadGetId)
    i.svcThreadTerminate                     0x00003444   Section        0  rt_cmsis.o(i.svcThreadTerminate)
    i.svcTimerCall                           0x0000347c   Section        0  rt_cmsis.o(i.svcTimerCall)
    i.sysTimerTick                           0x00003494   Section        0  rt_cmsis.o(i.sysTimerTick)
    .constdata                               0x000034f0   Section    31236  1.o(.constdata)
    .constdata                               0x0000aef4   Section    31748  2.o(.constdata)
    .constdata                               0x00012af8   Section    32772  3.o(.constdata)
    .constdata                               0x0001aafc   Section        2  rtx_conf_cm.o(.constdata)
    .constdata                               0x0001ab00   Section        4  rtx_conf_cm.o(.constdata)
    .constdata                               0x0001ab04   Section        4  rtx_conf_cm.o(.constdata)
    .constdata                               0x0001ab08   Section        1  rtx_conf_cm.o(.constdata)
    .constdata                               0x0001ab0c   Section       16  rtx_conf_cm.o(.constdata)
    __tagsym$$used                           0x0001ab0c   Number         0  rtx_conf_cm.o(.constdata)
    __tagsym$$used                           0x0001ab10   Number         0  rtx_conf_cm.o(.constdata)
    __tagsym$$used                           0x0001ab14   Number         0  rtx_conf_cm.o(.constdata)
    __tagsym$$used                           0x0001ab18   Number         0  rtx_conf_cm.o(.constdata)
    .constdata                               0x0001ab1c   Section        2  rtx_conf_cm.o(.constdata)
    .constdata                               0x0001ab20   Section        4  rtx_conf_cm.o(.constdata)
    .constdata                               0x0001ab24   Section        4  rtx_conf_cm.o(.constdata)
    .constdata                               0x0001ab28   Section        1  rtx_conf_cm.o(.constdata)
    .constdata                               0x0001ab2c   Section       16  rtx_conf_cm.o(.constdata)
    .constdata                               0x0001ab3c   Section        8  rtx_conf_cm.o(.constdata)
    .constdata                               0x0001ab44   Section        2  rtx_conf_cm.o(.constdata)
    .constdata                               0x0001ab48   Section       16  rtx_conf_cm.o(.constdata)
    .constdata                               0x0001ab58   Section       96  i2c_lpc17xx.o(.constdata)
    DriverVersion                            0x0001ab58   Data           4  i2c_lpc17xx.o(.constdata)
    DriverCapabilities                       0x0001ab5c   Data           4  i2c_lpc17xx.o(.constdata)
    I2C0_Resources                           0x0001ab60   Data          44  i2c_lpc17xx.o(.constdata)
    I2C1_Resources                           0x0001ab8c   Data          44  i2c_lpc17xx.o(.constdata)
    .constdata                               0x0001abb8   Section       80  ssp_lpc17xx.o(.constdata)
    DriverVersion                            0x0001abb8   Data           4  ssp_lpc17xx.o(.constdata)
    DriverCapabilities                       0x0001abbc   Data           4  ssp_lpc17xx.o(.constdata)
    SSP0_Resources                           0x0001abc0   Data          72  ssp_lpc17xx.o(.constdata)
    .constdata                               0x0001ac08   Section       44  ssp_lpc17xx.o(.constdata)
    .bss                                     0x10000000   Section    30784  0.o(.bss)
    .data                                    0x2007c000   Section        4  nrf.o(.data)
    .data                                    0x2007c004   Section       27  0.o(.data)
    .data                                    0x2007c020   Section        4  rtx_conf_cm.o(.data)
    .data                                    0x2007c024   Section        4  rtx_conf_cm.o(.data)
    .data                                    0x2007c028   Section        4  rtx_conf_cm.o(.data)
    .data                                    0x2007c02c   Section        4  i2c_lpc17xx.o(.data)
    .data                                    0x2007c030   Section        4  i2c_lpc17xx.o(.data)
    .data                                    0x2007c034   Section        2  ssp_lpc17xx.o(.data)
    SSPO_pin_sck                             0x2007c034   Data           2  ssp_lpc17xx.o(.data)
    .data                                    0x2007c036   Section        2  ssp_lpc17xx.o(.data)
    SSPO_pin_miso                            0x2007c036   Data           2  ssp_lpc17xx.o(.data)
    .data                                    0x2007c038   Section        2  ssp_lpc17xx.o(.data)
    SSPO_pin_mosi                            0x2007c038   Data           2  ssp_lpc17xx.o(.data)
    .data                                    0x2007c03a   Section        2  ssp_lpc17xx.o(.data)
    SSPO_pin_ssel                            0x2007c03a   Data           2  ssp_lpc17xx.o(.data)
    .data                                    0x2007c03c   Section        8  ssp_lpc17xx.o(.data)
    dummy_data                               0x2007c03c   Data           4  ssp_lpc17xx.o(.data)
    dummy_data                               0x2007c040   Data           4  ssp_lpc17xx.o(.data)
    .data                                    0x2007c044   Section        8  gpdma_lpc17xx.o(.data)
    Channel_active                           0x2007c044   Data           4  gpdma_lpc17xx.o(.data)
    Init_cnt                                 0x2007c048   Data           4  gpdma_lpc17xx.o(.data)
    .data                                    0x2007c04c   Section        4  system_lpc17xx.o(.data)
    .data                                    0x2007c050   Section        8  rt_cmsis.o(.data)
    .data                                    0x2007c058   Section        8  rt_task.o(.data)
    .data                                    0x2007c060   Section        8  rt_system.o(.data)
    os_lock                                  0x2007c060   Data           1  rt_system.o(.data)
    os_psh_flag                              0x2007c061   Data           1  rt_system.o(.data)
    pend_flags                               0x2007c062   Data           1  rt_system.o(.data)
    .data                                    0x2007c068   Section        4  rt_time.o(.data)
    .data                                    0x2007c06c   Section        1  hal_cm.o(.data)
    .bss                                     0x2007c070   Section       18  nrf.o(.bss)
    .bss                                     0x2007c084   Section       32  rtx_conf_cm.o(.bss)
    .bss                                     0x2007c0a4   Section      376  rtx_conf_cm.o(.bss)
    .bss                                     0x2007c220   Section     1216  rtx_conf_cm.o(.bss)
    .bss                                     0x2007c6e0   Section      744  rtx_conf_cm.o(.bss)
    .bss                                     0x2007c9c8   Section      132  rtx_conf_cm.o(.bss)
    .bss                                     0x2007ca4c   Section       28  rtx_conf_cm.o(.bss)
    .bss                                     0x2007ca68   Section       72  i2c_lpc17xx.o(.bss)
    I2C0_Ctrl                                0x2007ca68   Data          36  i2c_lpc17xx.o(.bss)
    I2C1_Ctrl                                0x2007ca8c   Data          36  i2c_lpc17xx.o(.bss)
    .bss                                     0x2007cab0   Section       12  ssp_lpc17xx.o(.bss)
    SSP0_Info                                0x2007cab0   Data          12  ssp_lpc17xx.o(.bss)
    .bss                                     0x2007cabc   Section       28  ssp_lpc17xx.o(.bss)
    SSP0_Xfer                                0x2007cabc   Data          28  ssp_lpc17xx.o(.bss)
    .bss                                     0x2007cad8   Section      160  gpdma_lpc17xx.o(.bss)
    Channel_info                             0x2007cad8   Data         160  gpdma_lpc17xx.o(.bss)
    .bss                                     0x2007cb78   Section       52  rt_task.o(.bss)
    .bss                                     0x2007cbac   Section       48  rt_list.o(.bss)
    .bss                                     0x2007cbdc   Section       96  libspace.o(.bss)
    HEAP                                     0x2007cc40   Section     2048  startup_lpc17xx.o(HEAP)
    Heap_Mem                                 0x2007cc40   Data        2048  startup_lpc17xx.o(HEAP)
    STACK                                    0x2007d440   Section     4096  startup_lpc17xx.o(STACK)
    Stack_Mem                                0x2007d440   Data        4096  startup_lpc17xx.o(STACK)
    __initial_sp                             0x2007e440   Data           0  startup_lpc17xx.o(STACK)

    Global Symbols

    Symbol Name                              Value     Ov Type        Size  Object(Section)

    BuildAttributes$$THM_ISAv4$P$D$K$B$S$PE$A:L22UL41UL21$X:L11$S22US41US21$IEEE1$IW$USESV6$~STKCKD$USESV7$~SHL$OTIME$ROPI$EBA8$UX$STANDARDLIB$REQ8$PRES8$EABIv2 0x00000000   Number         0  anon$$obj.o ABSOLUTE
    __ARM_use_no_argv                        0x00000000   Number         0  0.o ABSOLUTE
    __Vectors                                0x00000000   Data           4  startup_lpc17xx.o(RESET)
    _printf_flags                            0x00000000   Number         0  printf_stubs.o ABSOLUTE
    _printf_return_value                     0x00000000   Number         0  printf_stubs.o ABSOLUTE
    _printf_sizespec                         0x00000000   Number         0  printf_stubs.o ABSOLUTE
    _printf_widthprec                        0x00000000   Number         0  printf_stubs.o ABSOLUTE
    __ARM_exceptions_init                     - Undefined Weak Reference
    __alloca_initialize                       - Undefined Weak Reference
    __arm_preinit_                            - Undefined Weak Reference
    __cpp_initialize__aeabi_                  - Undefined Weak Reference
    __cxa_finalize                            - Undefined Weak Reference
    __rt_locale                               - Undefined Weak Reference
    __sigvec_lookup                           - Undefined Weak Reference
    _atexit_init                              - Undefined Weak Reference
    _call_atexit_fns                          - Undefined Weak Reference
    _clock_init                               - Undefined Weak Reference
    _fp_trap_init                             - Undefined Weak Reference
    _fp_trap_shutdown                         - Undefined Weak Reference
    _get_lc_collate                           - Undefined Weak Reference
    _get_lc_ctype                             - Undefined Weak Reference
    _get_lc_monetary                          - Undefined Weak Reference
    _get_lc_numeric                           - Undefined Weak Reference
    _get_lc_time                              - Undefined Weak Reference
    _getenv_init                              - Undefined Weak Reference
    _handle_redirection                       - Undefined Weak Reference
    _init_alloc                               - Undefined Weak Reference
    _init_user_alloc                          - Undefined Weak Reference
    _initio                                   - Undefined Weak Reference
    _printf_mbtowc                            - Undefined Weak Reference
    _printf_post_padding                      - Undefined Weak Reference
    _printf_pre_padding                       - Undefined Weak Reference
    _rand_init                                - Undefined Weak Reference
    _signal_finish                            - Undefined Weak Reference
    _signal_init                              - Undefined Weak Reference
    _terminate_alloc                          - Undefined Weak Reference
    _terminate_user_alloc                     - Undefined Weak Reference
    _terminateio                              - Undefined Weak Reference
    __main                                   0x000000cd   Thumb Code     8  __main.o(!!!main)
    __scatterload                            0x000000d5   Thumb Code     0  __scatter.o(!!!scatter)
    __scatterload_rt2                        0x000000d5   Thumb Code    44  __scatter.o(!!!scatter)
    __scatterload_rt2_thumb_only             0x000000d5   Thumb Code     0  __scatter.o(!!!scatter)
    __scatterload_null                       0x000000e3   Thumb Code     0  __scatter.o(!!!scatter)
    __scatterload_copy                       0x00000109   Thumb Code    26  __scatter_copy.o(!!handler_copy)
    __scatterload_zeroinit                   0x00000125   Thumb Code    28  __scatter_zi.o(!!handler_zi)
    _printf_percent                          0x00000141   Thumb Code     0  _printf_percent.o(.ARM.Collect$$_printf_percent$$00000000)
    _printf_s                                0x00000141   Thumb Code     0  _printf_s.o(.ARM.Collect$$_printf_percent$$00000014)
    _printf_percent_end                      0x00000147   Thumb Code     0  _printf_percent_end.o(.ARM.Collect$$_printf_percent$$00000017)
    __rt_lib_init                            0x0000014b   Thumb Code     0  libinit.o(.ARM.Collect$$libinit$$00000000)
    __rt_lib_init_alloca_1                   0x0000014d   Thumb Code     0  libinit2.o(.ARM.Collect$$libinit$$0000002E)
    __rt_lib_init_argv_1                     0x0000014d   Thumb Code     0  libinit2.o(.ARM.Collect$$libinit$$0000002C)
    __rt_lib_init_atexit_1                   0x0000014d   Thumb Code     0  libinit2.o(.ARM.Collect$$libinit$$0000001B)
    __rt_lib_init_clock_1                    0x0000014d   Thumb Code     0  libinit2.o(.ARM.Collect$$libinit$$00000021)
    __rt_lib_init_cpp_1                      0x0000014d   Thumb Code     0  libinit2.o(.ARM.Collect$$libinit$$00000032)
    __rt_lib_init_exceptions_1               0x0000014d   Thumb Code     0  libinit2.o(.ARM.Collect$$libinit$$00000030)
    __rt_lib_init_fp_1                       0x0000014d   Thumb Code     0  libinit2.o(.ARM.Collect$$libinit$$00000002)
    __rt_lib_init_fp_trap_1                  0x0000014d   Thumb Code     0  libinit2.o(.ARM.Collect$$libinit$$0000001F)
    __rt_lib_init_getenv_1                   0x0000014d   Thumb Code     0  libinit2.o(.ARM.Collect$$libinit$$00000023)
    __rt_lib_init_heap_1                     0x0000014d   Thumb Code     0  libinit2.o(.ARM.Collect$$libinit$$0000000A)
    __rt_lib_init_lc_collate_1               0x0000014d   Thumb Code     0  libinit2.o(.ARM.Collect$$libinit$$00000011)
    __rt_lib_init_lc_ctype_1                 0x0000014d   Thumb Code     0  libinit2.o(.ARM.Collect$$libinit$$00000013)
    __rt_lib_init_lc_monetary_1              0x0000014d   Thumb Code     0  libinit2.o(.ARM.Collect$$libinit$$00000015)
    __rt_lib_init_lc_numeric_1               0x0000014d   Thumb Code     0  libinit2.o(.ARM.Collect$$libinit$$00000017)
    __rt_lib_init_lc_time_1                  0x0000014d   Thumb Code     0  libinit2.o(.ARM.Collect$$libinit$$00000019)
    __rt_lib_init_preinit_1                  0x0000014d   Thumb Code     0  libinit2.o(.ARM.Collect$$libinit$$00000004)
    __rt_lib_init_rand_1                     0x0000014d   Thumb Code     0  libinit2.o(.ARM.Collect$$libinit$$0000000E)
    __rt_lib_init_return                     0x0000014d   Thumb Code     0  libinit2.o(.ARM.Collect$$libinit$$00000033)
    __rt_lib_init_signal_1                   0x0000014d   Thumb Code     0  libinit2.o(.ARM.Collect$$libinit$$0000001D)
    __rt_lib_init_stdio_1                    0x0000014d   Thumb Code     0  libinit2.o(.ARM.Collect$$libinit$$00000025)
    __rt_lib_init_user_alloc_1               0x0000014d   Thumb Code     0  libinit2.o(.ARM.Collect$$libinit$$0000000C)
    __rt_lib_shutdown                        0x0000014f   Thumb Code     0  libshutdown.o(.ARM.Collect$$libshutdown$$00000000)
    __rt_lib_shutdown_cpp_1                  0x00000151   Thumb Code     0  libshutdown2.o(.ARM.Collect$$libshutdown$$00000002)
    __rt_lib_shutdown_fp_trap_1              0x00000151   Thumb Code     0  libshutdown2.o(.ARM.Collect$$libshutdown$$00000007)
    __rt_lib_shutdown_heap_1                 0x00000151   Thumb Code     0  libshutdown2.o(.ARM.Collect$$libshutdown$$0000000F)
    __rt_lib_shutdown_return                 0x00000151   Thumb Code     0  libshutdown2.o(.ARM.Collect$$libshutdown$$00000010)
    __rt_lib_shutdown_signal_1               0x00000151   Thumb Code     0  libshutdown2.o(.ARM.Collect$$libshutdown$$0000000A)
    __rt_lib_shutdown_stdio_1                0x00000151   Thumb Code     0  libshutdown2.o(.ARM.Collect$$libshutdown$$00000004)
    __rt_lib_shutdown_user_alloc_1           0x00000151   Thumb Code     0  libshutdown2.o(.ARM.Collect$$libshutdown$$0000000C)
    __rt_entry                               0x00000153   Thumb Code     0  __rtentry.o(.ARM.Collect$$rtentry$$00000000)
    __rt_entry_presh_1                       0x00000153   Thumb Code     0  __rtentry2.o(.ARM.Collect$$rtentry$$00000002)
    __rt_entry_sh                            0x00000153   Thumb Code     0  __rtentry4.o(.ARM.Collect$$rtentry$$00000004)
    __rt_entry_li                            0x00000159   Thumb Code     0  __rtentry2.o(.ARM.Collect$$rtentry$$0000000A)
    __rt_entry_postsh_1                      0x00000159   Thumb Code     0  __rtentry2.o(.ARM.Collect$$rtentry$$00000009)
    __rt_entry_postli_1                      0x0000015d   Thumb Code     0  __rtentry2.o(.ARM.Collect$$rtentry$$0000000B)
    __rt_entry_main                          0x00000165   Thumb Code     0  __rtentry2.o(.ARM.Collect$$rtentry$$0000000D)
    __rt_exit                                0x0000016d   Thumb Code     0  rtexit.o(.ARM.Collect$$rtexit$$00000000)
    __rt_exit_ls                             0x0000016f   Thumb Code     0  rtexit2.o(.ARM.Collect$$rtexit$$00000003)
    __rt_exit_prels_1                        0x0000016f   Thumb Code     0  rtexit2.o(.ARM.Collect$$rtexit$$00000002)
    __rt_exit_exit                           0x00000173   Thumb Code     0  rtexit2.o(.ARM.Collect$$rtexit$$00000004)
    _platform_post_lib_init                  0x00000179   Thumb Code    24  rtx_conf_cm.o(.emb_text)
    rt_set_PSP                               0x00000195   Thumb Code     6  hal_cm3.o(.emb_text)
    rt_get_PSP                               0x0000019b   Thumb Code     6  hal_cm3.o(.emb_text)
    os_set_env                               0x000001a1   Thumb Code    24  hal_cm3.o(.emb_text)
    _alloc_box                               0x000001bd   Thumb Code    28  hal_cm3.o(.emb_text)
    _free_box                                0x000001dd   Thumb Code    28  hal_cm3.o(.emb_text)
    SVC_Handler                              0x000001fd   Thumb Code   108  hal_cm3.o(.emb_text)
    PendSV_Handler                           0x00000275   Thumb Code    56  hal_cm3.o(.emb_text)
    SysTick_Handler                          0x000002b1   Thumb Code     8  hal_cm3.o(.emb_text)
    OS_Tick_Handler                          0x000002b9   Thumb Code    12  hal_cm3.o(.emb_text)
    __user_libspace                          0x000002c5   Thumb Code     8  libspace.o(.text)
    __user_perproc_libspace                  0x000002c5   Thumb Code     0  libspace.o(.text)
    __2sprintf                               0x000002cd   Thumb Code    38  __2sprintf.o(.text)
    __I$use$semihosting                      0x000002f9   Thumb Code     0  use_no_semi.o(.text)
    __use_no_semihosting_swi                 0x000002f9   Thumb Code     2  use_no_semi.o(.text)
    __semihosting_library_function           0x000002fb   Thumb Code     0  indicate_semi.o(.text)
    os_error                                 0x000002fb   Thumb Code     2  rtx_conf_cm.o(i.os_error)
    Reset_Handler                            0x00000301   Thumb Code     8  startup_lpc17xx.o(.text)
    NMI_Handler                              0x00000309   Thumb Code     2  startup_lpc17xx.o(.text)
    HardFault_Handler                        0x0000030b   Thumb Code     2  startup_lpc17xx.o(.text)
    MemManage_Handler                        0x0000030d   Thumb Code     2  startup_lpc17xx.o(.text)
    BusFault_Handler                         0x0000030f   Thumb Code     2  startup_lpc17xx.o(.text)
    UsageFault_Handler                       0x00000311   Thumb Code     2  startup_lpc17xx.o(.text)
    DebugMon_Handler                         0x00000315   Thumb Code     2  startup_lpc17xx.o(.text)
    ADC_IRQHandler                           0x0000031b   Thumb Code     0  startup_lpc17xx.o(.text)
    BOD_IRQHandler                           0x0000031b   Thumb Code     0  startup_lpc17xx.o(.text)
    CANActivity_IRQHandler                   0x0000031b   Thumb Code     0  startup_lpc17xx.o(.text)
    CAN_IRQHandler                           0x0000031b   Thumb Code     0  startup_lpc17xx.o(.text)
    EINT0_IRQHandler                         0x0000031b   Thumb Code     0  startup_lpc17xx.o(.text)
    EINT1_IRQHandler                         0x0000031b   Thumb Code     0  startup_lpc17xx.o(.text)
    EINT2_IRQHandler                         0x0000031b   Thumb Code     0  startup_lpc17xx.o(.text)
    EINT3_IRQHandler                         0x0000031b   Thumb Code     0  startup_lpc17xx.o(.text)
    ENET_IRQHandler                          0x0000031b   Thumb Code     0  startup_lpc17xx.o(.text)
    I2C2_IRQHandler                          0x0000031b   Thumb Code     0  startup_lpc17xx.o(.text)
    I2S_IRQHandler                           0x0000031b   Thumb Code     0  startup_lpc17xx.o(.text)
    MCPWM_IRQHandler                         0x0000031b   Thumb Code     0  startup_lpc17xx.o(.text)
    PLL0_IRQHandler                          0x0000031b   Thumb Code     0  startup_lpc17xx.o(.text)
    PLL1_IRQHandler                          0x0000031b   Thumb Code     0  startup_lpc17xx.o(.text)
    PWM1_IRQHandler                          0x0000031b   Thumb Code     0  startup_lpc17xx.o(.text)
    QEI_IRQHandler                           0x0000031b   Thumb Code     0  startup_lpc17xx.o(.text)
    RIT_IRQHandler                           0x0000031b   Thumb Code     0  startup_lpc17xx.o(.text)
    RTC_IRQHandler                           0x0000031b   Thumb Code     0  startup_lpc17xx.o(.text)
    SPI_IRQHandler                           0x0000031b   Thumb Code     0  startup_lpc17xx.o(.text)
    SSP1_IRQHandler                          0x0000031b   Thumb Code     0  startup_lpc17xx.o(.text)
    TIMER0_IRQHandler                        0x0000031b   Thumb Code     0  startup_lpc17xx.o(.text)
    TIMER1_IRQHandler                        0x0000031b   Thumb Code     0  startup_lpc17xx.o(.text)
    TIMER2_IRQHandler                        0x0000031b   Thumb Code     0  startup_lpc17xx.o(.text)
    TIMER3_IRQHandler                        0x0000031b   Thumb Code     0  startup_lpc17xx.o(.text)
    UART0_IRQHandler                         0x0000031b   Thumb Code     0  startup_lpc17xx.o(.text)
    UART1_IRQHandler                         0x0000031b   Thumb Code     0  startup_lpc17xx.o(.text)
    UART2_IRQHandler                         0x0000031b   Thumb Code     0  startup_lpc17xx.o(.text)
    UART3_IRQHandler                         0x0000031b   Thumb Code     0  startup_lpc17xx.o(.text)
    USBActivity_IRQHandler                   0x0000031b   Thumb Code     0  startup_lpc17xx.o(.text)
    USB_IRQHandler                           0x0000031b   Thumb Code     0  startup_lpc17xx.o(.text)
    WDT_IRQHandler                           0x0000031b   Thumb Code     0  startup_lpc17xx.o(.text)
    __user_initial_stackheap                 0x0000031d   Thumb Code     0  startup_lpc17xx.o(.text)
    __printf                                 0x00000341   Thumb Code   104  __printf.o(.text)
    _printf_str                              0x000003a9   Thumb Code    82  _printf_str.o(.text)
    exit                                     0x000003fb   Thumb Code    18  exit.o(.text)
    __aeabi_memcpy                           0x0000040d   Thumb Code     0  rt_memcpy_v6.o(.text)
    __rt_memcpy                              0x0000040d   Thumb Code   138  rt_memcpy_v6.o(.text)
    _memcpy_lastbytes                        0x00000473   Thumb Code     0  rt_memcpy_v6.o(.text)
    __RL_RTX_VER                             0x00000482   Number         0  rt_system.o ABSOLUTE
    __use_two_region_memory                  0x00000497   Thumb Code     2  heapauxi.o(.text)
    __rt_heap_escrow$2region                 0x00000499   Thumb Code     2  heapauxi.o(.text)
    __rt_heap_expand$2region                 0x0000049b   Thumb Code     2  heapauxi.o(.text)
    _printf_char_common                      0x000004a7   Thumb Code    32  _printf_char_common.o(.text)
    _sputc                                   0x000004cd   Thumb Code    10  _sputc.o(.text)
    _printf_cs_common                        0x000004d7   Thumb Code    20  _printf_char.o(.text)
    _printf_char                             0x000004eb   Thumb Code    16  _printf_char.o(.text)
    _printf_string                           0x000004fb   Thumb Code     8  _printf_char.o(.text)
    __aeabi_memcpy4                          0x00000503   Thumb Code     0  rt_memcpy_w.o(.text)
    __aeabi_memcpy8                          0x00000503   Thumb Code     0  rt_memcpy_w.o(.text)
    __rt_memcpy_w                            0x00000503   Thumb Code   100  rt_memcpy_w.o(.text)
    _memcpy_lastbytes_aligned                0x0000054b   Thumb Code     0  rt_memcpy_w.o(.text)
    _sys_exit                                0x00000569   Thumb Code     8  sys_exit.o(.text)
    __user_setup_stackheap                   0x00000575   Thumb Code    74  sys_stackheap_outer.o(.text)
    SVC_Count                                0x000005c0   Data           4  svc_table.o(SVC_TABLE)
    DMA_IRQHandler                           0x000005c5   Thumb Code   258  gpdma_lpc17xx.o(i.DMA_IRQHandler)
    SVC_Table                                0x000005c4   Data           0  svc_table.o(SVC_TABLE)
    GPDMA_ChannelConfigure                   0x000006d9   Thumb Code   242  gpdma_lpc17xx.o(i.GPDMA_ChannelConfigure)
    GPDMA_ChannelDisable                     0x000007dd   Thumb Code    62  gpdma_lpc17xx.o(i.GPDMA_ChannelDisable)
    GPDMA_ChannelGetCount                    0x00000821   Thumb Code    42  gpdma_lpc17xx.o(i.GPDMA_ChannelGetCount)
    GPDMA_Initialize                         0x00000851   Thumb Code    98  gpdma_lpc17xx.o(i.GPDMA_Initialize)
    GPDMA_PeripheralSelect                   0x000008c5   Thumb Code    50  gpdma_lpc17xx.o(i.GPDMA_PeripheralSelect)
    GPDMA_Uninitialize                       0x000008fd   Thumb Code    64  gpdma_lpc17xx.o(i.GPDMA_Uninitialize)
    GPIO_PinWrite                            0x00000945   Thumb Code    26  gpio_lpc17xx.o(i.GPIO_PinWrite)
    GPIO_SetDir                              0x0000095f   Thumb Code    32  gpio_lpc17xx.o(i.GPIO_SetDir)
    I2C0_IRQHandler                          0x00000981   Thumb Code     6  i2c_lpc17xx.o(i.I2C0_IRQHandler)
    I2C1_IRQHandler                          0x0000098d   Thumb Code     6  i2c_lpc17xx.o(i.I2C1_IRQHandler)
    PIN_Configure                            0x00000d1f   Thumb Code   126  pin_lpc17xx.o(i.PIN_Configure)
    SSP0_GPDMA_Rx_SignalEvent                0x00000da9   Thumb Code    36  ssp_lpc17xx.o(i.SSP0_GPDMA_Rx_SignalEvent)
    SSP0_GPDMA_Tx_SignalEvent                0x00000dd1   Thumb Code    18  ssp_lpc17xx.o(i.SSP0_GPDMA_Tx_SignalEvent)
    SSP0_IRQHandler                          0x00000e65   Thumb Code   234  ssp_lpc17xx.o(i.SSP0_IRQHandler)
    SystemInit                               0x00001a89   Thumb Code   220  system_lpc17xx.o(i.SystemInit)
    __ARM_common_memcpy4_5                   0x00001b71   Thumb Code    10  nrf.o(i.__ARM_common_memcpy4_5)
    _init_box                                0x00001b7b   Thumb Code    70  rt_membox.o(i._init_box)
    _mutex_acquire                           0x00001bc1   Thumb Code    24  rtx_conf_cm.o(i._mutex_acquire)
    _mutex_release                           0x00001be1   Thumb Code    20  rtx_conf_cm.o(i._mutex_release)
    dbg_init                                 0x00001bfd   Thumb Code    34  hal_cm.o(i.dbg_init)
    dbg_task_notify                          0x00001c2d   Thumb Code    32  hal_cm.o(i.dbg_task_notify)
    dbg_task_switch                          0x00001c4d   Thumb Code    16  hal_cm.o(i.dbg_task_switch)
    if_rgb565_data                           0x00001c5d   Thumb Code    40  0.o(i.if_rgb565_data)
    if_rgb565_init                           0x00001c89   Thumb Code     6  0.o(i.if_rgb565_init)
    isrMessageGet                            0x00001c8f   Thumb Code    42  rt_cmsis.o(i.isrMessageGet)
    isrMessagePut                            0x00001cb9   Thumb Code    44  rt_cmsis.o(i.isrMessagePut)
    isr_mbx_receive                          0x00001ce5   Thumb Code    86  rt_mailbox.o(i.isr_mbx_receive)
    isr_mbx_send                             0x00001d3b   Thumb Code    14  rt_mailbox.o(i.isr_mbx_send)
    main                                     0x00001d49   Thumb Code     8  0.o(i.main)
    main_app                                 0x00001d51   Thumb Code   752  0.o(i.main_app)
    nrf_enable_rf                            0x00002075   Thumb Code    22  nrf.o(i.nrf_enable_rf)
    nrf_init                                 0x00002095   Thumb Code   304  nrf.o(i.nrf_init)
    nrf_irq_clr_stat                         0x000021e1   Thumb Code    28  nrf.o(i.nrf_irq_clr_stat)
    nrf_irq_stat                             0x00002201   Thumb Code    12  nrf.o(i.nrf_irq_stat)
    nrf_read_data                            0x00002211   Thumb Code    82  nrf.o(i.nrf_read_data)
    nrf_read_stat                            0x00002269   Thumb Code    88  nrf.o(i.nrf_read_stat)
    nrf_set_address                          0x000022c5   Thumb Code    82  nrf.o(i.nrf_set_address)
    nrf_set_channel                          0x00002325   Thumb Code    14  nrf.o(i.nrf_set_channel)
    nrf_set_rf_mode                          0x00002335   Thumb Code    32  nrf.o(i.nrf_set_rf_mode)
    nrf_write_command                        0x00002359   Thumb Code    78  nrf.o(i.nrf_write_command)
    nrf_write_data                           0x000023ad   Thumb Code    14  nrf.o(i.nrf_write_data)
    osDelay                                  0x000023bd   Thumb Code    18  rt_cmsis.o(i.osDelay)
    osKernelInitialize                       0x000023d5   Thumb Code    30  rt_cmsis.o(i.osKernelInitialize)
    osKernelStart                            0x000023f9   Thumb Code    98  rt_cmsis.o(i.osKernelStart)
    osMessageGet                             0x00002465   Thumb Code    18  rt_cmsis.o(i.osMessageGet)
    osThreadCreate                           0x0000247d   Thumb Code    36  rt_cmsis.o(i.osThreadCreate)
    osThreadExit                             0x000024a9   Thumb Code    14  rt_cmsis.o(i.osThreadExit)
    osTimerCall                              0x000024c1   Thumb Code     8  rt_cmsis.o(i.osTimerCall)
    osTimerThread                            0x000024cd   Thumb Code    38  rt_cmsis.o(i.osTimerThread)
    os_idle_demon                            0x000024f9   Thumb Code     2  rtx_conf_cm.o(i.os_idle_demon)
    os_tick_init                             0x000024fd   Thumb Code    32  rt_system.o(i.os_tick_init)
    os_tick_irqack                           0x00002525   Thumb Code     2  rt_system.o(i.os_tick_irqack)
    rt_alloc_box                             0x00002527   Thumb Code    26  rt_membox.o(i.rt_alloc_box)
    rt_alloc_mem                             0x00002541   Thumb Code    62  rt_memory.o(i.rt_alloc_mem)
    rt_block                                 0x00002581   Thumb Code    48  rt_task.o(i.rt_block)
    rt_chk_robin                             0x000025b9   Thumb Code     2  rtx_conf_cm.o(i.rt_chk_robin)
    rt_dec_dly                               0x000025bd   Thumb Code   102  rt_list.o(i.rt_dec_dly)
    rt_dispatch                              0x0000262d   Thumb Code    60  rt_task.o(i.rt_dispatch)
    rt_dly_wait                              0x00002671   Thumb Code     6  rt_time.o(i.rt_dly_wait)
    rt_evt_psh                               0x00002679   Thumb Code    76  rt_event.o(i.rt_evt_psh)
    rt_free_box                              0x000026c9   Thumb Code    44  rt_membox.o(i.rt_free_box)
    rt_free_mem                              0x000026f5   Thumb Code    40  rt_memory.o(i.rt_free_mem)
    rt_get_first                             0x0000271d   Thumb Code    40  rt_list.o(i.rt_get_first)
    rt_init_mem                              0x00002795   Thumb Code    26  rt_memory.o(i.rt_init_mem)
    rt_init_robin                            0x000027af   Thumb Code     2  rtx_conf_cm.o(i.rt_init_robin)
    rt_init_stack                            0x000027b1   Thumb Code   118  hal_cm.o(i.rt_init_stack)
    rt_mbx_check                             0x00002831   Thumb Code     8  rt_mailbox.o(i.rt_mbx_check)
    rt_mbx_init                              0x00002839   Thumb Code    26  rt_mailbox.o(i.rt_mbx_init)
    rt_mbx_psh                               0x00002855   Thumb Code   236  rt_mailbox.o(i.rt_mbx_psh)
    rt_mbx_wait                              0x00002945   Thumb Code   174  rt_mailbox.o(i.rt_mbx_wait)
    rt_mut_release                           0x00002a3d   Thumb Code   208  rt_mutex.o(i.rt_mut_release)
    rt_mut_wait                              0x00002b15   Thumb Code   114  rt_mutex.o(i.rt_mut_wait)
    rt_pop_req                               0x00002b8d   Thumb Code   112  rt_system.o(i.rt_pop_req)
    rt_psh_req                               0x00002c09   Thumb Code    22  rt_system.o(i.rt_psh_req)
    rt_psq_enq                               0x00002c29   Thumb Code    88  rt_list.o(i.rt_psq_enq)
    rt_put_dly                               0x00002c85   Thumb Code    68  rt_list.o(i.rt_put_dly)
    rt_put_prio                              0x00002ccd   Thumb Code    54  rt_list.o(i.rt_put_prio)
    rt_put_rdy_first                         0x00002d05   Thumb Code    14  rt_list.o(i.rt_put_rdy_first)
    rt_resort_prio                           0x00002d19   Thumb Code    46  rt_list.o(i.rt_resort_prio)
    rt_ret_val                               0x00002d4d   Thumb Code     6  hal_cm.o(i.rt_ret_val)
    rt_ret_val2                              0x00002d53   Thumb Code     8  hal_cm.o(i.rt_ret_val2)
    rt_rmv_dly                               0x00002d5b   Thumb Code    40  rt_list.o(i.rt_rmv_dly)
    rt_rmv_list                              0x00002d85   Thumb Code    44  rt_list.o(i.rt_rmv_list)
    rt_sem_psh                               0x00002db5   Thumb Code    48  rt_semaphore.o(i.rt_sem_psh)
    rt_stk_check                             0x00002de9   Thumb Code    28  rt_system.o(i.rt_stk_check)
    rt_switch_req                            0x00002e0d   Thumb Code    30  rt_task.o(i.rt_switch_req)
    rt_sys_init                              0x00002e35   Thumb Code   138  rt_task.o(i.rt_sys_init)
    rt_sys_start                             0x00002f01   Thumb Code   110  rt_task.o(i.rt_sys_start)
    rt_systick                               0x00002f79   Thumb Code    50  rt_system.o(i.rt_systick)
    rt_tsk_create                            0x00003001   Thumb Code   118  rt_task.o(i.rt_tsk_create)
    rt_tsk_delete                            0x00003089   Thumb Code   352  rt_task.o(i.rt_tsk_delete)
    rt_tsk_prio                              0x00003205   Thumb Code   108  rt_task.o(i.rt_tsk_prio)
    rt_tsk_self                              0x00003281   Thumb Code    12  rt_task.o(i.rt_tsk_self)
    svcDelay                                 0x00003291   Thumb Code    18  rt_cmsis.o(i.svcDelay)
    svcKernelInitialize                      0x000032a5   Thumb Code    80  rt_cmsis.o(i.svcKernelInitialize)
    svcKernelStart                           0x00003315   Thumb Code    62  rt_cmsis.o(i.svcKernelStart)
    svcMessageCreate                         0x0000335d   Thumb Code    36  rt_cmsis.o(i.svcMessageCreate)
    svcMessageGet                            0x00003381   Thumb Code    58  rt_cmsis.o(i.svcMessageGet)
    svcThreadCreate                          0x000033bd   Thumb Code    96  rt_cmsis.o(i.svcThreadCreate)
    svcThreadGetId                           0x00003429   Thumb Code    22  rt_cmsis.o(i.svcThreadGetId)
    svcThreadTerminate                       0x00003445   Thumb Code    50  rt_cmsis.o(i.svcThreadTerminate)
    svcTimerCall                             0x0000347d   Thumb Code    24  rt_cmsis.o(i.svcTimerCall)
    sysTimerTick                             0x00003495   Thumb Code    84  rt_cmsis.o(i.sysTimerTick)
    i1                                       0x000034f0   Data       31236  1.o(.constdata)
    i2                                       0x0000aef4   Data       31748  2.o(.constdata)
    i3                                       0x00012af8   Data       32772  3.o(.constdata)
    os_maxtaskrun                            0x0001aafc   Data           2  rtx_conf_cm.o(.constdata)
    os_stackinfo                             0x0001ab00   Data           4  rtx_conf_cm.o(.constdata)
    os_trv                                   0x0001ab04   Data           4  rtx_conf_cm.o(.constdata)
    os_flags                                 0x0001ab08   Data           1  rtx_conf_cm.o(.constdata)
    CMSIS_RTOS_API_Version                   0x0001ab0c   Data           4  rtx_conf_cm.o(.constdata)
    CMSIS_RTOS_RTX_Version                   0x0001ab10   Data           4  rtx_conf_cm.o(.constdata)
    os_clockrate                             0x0001ab14   Data           4  rtx_conf_cm.o(.constdata)
    os_timernum                              0x0001ab18   Data           4  rtx_conf_cm.o(.constdata)
    mp_tcb_size                              0x0001ab1c   Data           2  rtx_conf_cm.o(.constdata)
    mp_stk_size                              0x0001ab20   Data           4  rtx_conf_cm.o(.constdata)
    os_stack_sz                              0x0001ab24   Data           4  rtx_conf_cm.o(.constdata)
    os_fifo_size                             0x0001ab28   Data           1  rtx_conf_cm.o(.constdata)
    os_thread_def_osTimerThread              0x0001ab2c   Data          16  rtx_conf_cm.o(.constdata)
    os_messageQ_def_osTimerMessageQ          0x0001ab3c   Data           8  rtx_conf_cm.o(.constdata)
    mp_tmr_size                              0x0001ab44   Data           2  rtx_conf_cm.o(.constdata)
    os_thread_def_main                       0x0001ab48   Data          16  rtx_conf_cm.o(.constdata)
    Driver_SPI0                              0x0001ac08   Data          44  ssp_lpc17xx.o(.constdata)
    Region$$Table$$Base                      0x0001ac34   Number         0  anon$$obj.o(Region$$Table)
    Region$$Table$$Limit                     0x0001ac64   Number         0  anon$$obj.o(Region$$Table)
    image                                    0x10000000   Data       30740  0.o(.bss)
    formats                                  0x10007814   Data          12  0.o(.bss)
    sof_pocket                               0x10007820   Data          32  0.o(.bss)
    nrf_bus                                  0x2007c000   Data           4  nrf.o(.data)
    tx_channel                               0x2007c004   Data           1  0.o(.data)
    tx_address                               0x2007c005   Data           5  0.o(.data)
    search_address                           0x2007c00a   Data           5  0.o(.data)
    transmitter_name                         0x2007c00f   Data          16  0.o(.data)
    m_tmr                                    0x2007c020   Data           4  rtx_conf_cm.o(.data)
    osThreadId_osTimerThread                 0x2007c024   Data           4  rtx_conf_cm.o(.data)
    osMessageQId_osTimerMessageQ             0x2007c028   Data           4  rtx_conf_cm.o(.data)
    I2C0_PIN                                 0x2007c02c   Data           4  i2c_lpc17xx.o(.data)
    I2C1_PIN                                 0x2007c030   Data           4  i2c_lpc17xx.o(.data)
    SystemCoreClock                          0x2007c04c   Data           4  system_lpc17xx.o(.data)
    os_initialized                           0x2007c050   Data           1  rt_cmsis.o(.data)
    os_running                               0x2007c051   Data           1  rt_cmsis.o(.data)
    os_timer_head                            0x2007c054   Data           4  rt_cmsis.o(.data)
    os_tsk                                   0x2007c058   Data           8  rt_task.o(.data)
    os_tick_irqn                             0x2007c064   Data           4  rt_system.o(.data)
    os_time                                  0x2007c068   Data           4  rt_time.o(.data)
    dbg_msg                                  0x2007c06c   Data           1  hal_cm.o(.data)
    nrf_prof                                 0x2007c070   Data          18  nrf.o(.bss)
    os_messageQ_q_osTimerMessageQ            0x2007c084   Data          32  rtx_conf_cm.o(.bss)
    mp_tcb                                   0x2007c0a4   Data         376  rtx_conf_cm.o(.bss)
    mp_stk                                   0x2007c220   Data        1216  rtx_conf_cm.o(.bss)
    os_stack_mem                             0x2007c6e0   Data         744  rtx_conf_cm.o(.bss)
    os_fifo                                  0x2007c9c8   Data         132  rtx_conf_cm.o(.bss)
    os_active_TCB                            0x2007ca4c   Data          28  rtx_conf_cm.o(.bss)
    os_idle_TCB                              0x2007cb78   Data          52  rt_task.o(.bss)
    os_rdy                                   0x2007cbac   Data          24  rt_list.o(.bss)
    os_dly                                   0x2007cbc4   Data          24  rt_list.o(.bss)
    __libspace_start                         0x2007cbdc   Data          96  libspace.o(.bss)
    __temporary_stack_top$libspace           0x2007cc3c   Data           0  libspace.o(.bss)



==============================================================================

Memory Map of the image

  Image Entry point : 0x000000cd

  Load Region LR_IROM1 (Base: 0x00000000, Size: 0x0001acd4, Max: 0x00080000, ABSOLUTE)

    Execution Region ER_IROM1 (Exec base: 0x00000000, Load base: 0x00000000, Size: 0x0001ac64, Max: 0x00080000, ABSOLUTE)

    Exec Addr    Load Addr    Size         Type   Attr      Idx    E Section Name        Object

    0x00000000   0x00000000   0x000000cc   Data   RO          983    RESET               startup_lpc17xx.o
    0x000000cc   0x000000cc   0x00000008   Code   RO         2282  * !!!main             c_w.l(__main.o)
    0x000000d4   0x000000d4   0x00000034   Code   RO         2456    !!!scatter          c_w.l(__scatter.o)
    0x00000108   0x00000108   0x0000001a   Code   RO         2458    !!handler_copy      c_w.l(__scatter_copy.o)
    0x00000122   0x00000122   0x00000002   PAD
    0x00000124   0x00000124   0x0000001c   Code   RO         2460    !!handler_zi        c_w.l(__scatter_zi.o)
    0x00000140   0x00000140   0x00000000   Code   RO         2271    .ARM.Collect$$_printf_percent$$00000000  c_w.l(_printf_percent.o)
    0x00000140   0x00000140   0x00000006   Code   RO         2270    .ARM.Collect$$_printf_percent$$00000014  c_w.l(_printf_s.o)
    0x00000146   0x00000146   0x00000004   Code   RO         2297    .ARM.Collect$$_printf_percent$$00000017  c_w.l(_printf_percent_end.o)
    0x0000014a   0x0000014a   0x00000002   Code   RO         2342    .ARM.Collect$$libinit$$00000000  c_w.l(libinit.o)
    0x0000014c   0x0000014c   0x00000000   Code   RO         2354    .ARM.Collect$$libinit$$00000002  c_w.l(libinit2.o)
    0x0000014c   0x0000014c   0x00000000   Code   RO         2356    .ARM.Collect$$libinit$$00000004  c_w.l(libinit2.o)
    0x0000014c   0x0000014c   0x00000000   Code   RO         2359    .ARM.Collect$$libinit$$0000000A  c_w.l(libinit2.o)
    0x0000014c   0x0000014c   0x00000000   Code   RO         2361    .ARM.Collect$$libinit$$0000000C  c_w.l(libinit2.o)
    0x0000014c   0x0000014c   0x00000000   Code   RO         2363    .ARM.Collect$$libinit$$0000000E  c_w.l(libinit2.o)
    0x0000014c   0x0000014c   0x00000000   Code   RO         2366    .ARM.Collect$$libinit$$00000011  c_w.l(libinit2.o)
    0x0000014c   0x0000014c   0x00000000   Code   RO         2368    .ARM.Collect$$libinit$$00000013  c_w.l(libinit2.o)
    0x0000014c   0x0000014c   0x00000000   Code   RO         2370    .ARM.Collect$$libinit$$00000015  c_w.l(libinit2.o)
    0x0000014c   0x0000014c   0x00000000   Code   RO         2372    .ARM.Collect$$libinit$$00000017  c_w.l(libinit2.o)
    0x0000014c   0x0000014c   0x00000000   Code   RO         2374    .ARM.Collect$$libinit$$00000019  c_w.l(libinit2.o)
    0x0000014c   0x0000014c   0x00000000   Code   RO         2376    .ARM.Collect$$libinit$$0000001B  c_w.l(libinit2.o)
    0x0000014c   0x0000014c   0x00000000   Code   RO         2378    .ARM.Collect$$libinit$$0000001D  c_w.l(libinit2.o)
    0x0000014c   0x0000014c   0x00000000   Code   RO         2380    .ARM.Collect$$libinit$$0000001F  c_w.l(libinit2.o)
    0x0000014c   0x0000014c   0x00000000   Code   RO         2382    .ARM.Collect$$libinit$$00000021  c_w.l(libinit2.o)
    0x0000014c   0x0000014c   0x00000000   Code   RO         2384    .ARM.Collect$$libinit$$00000023  c_w.l(libinit2.o)
    0x0000014c   0x0000014c   0x00000000   Code   RO         2386    .ARM.Collect$$libinit$$00000025  c_w.l(libinit2.o)
    0x0000014c   0x0000014c   0x00000000   Code   RO         2390    .ARM.Collect$$libinit$$0000002C  c_w.l(libinit2.o)
    0x0000014c   0x0000014c   0x00000000   Code   RO         2392    .ARM.Collect$$libinit$$0000002E  c_w.l(libinit2.o)
    0x0000014c   0x0000014c   0x00000000   Code   RO         2394    .ARM.Collect$$libinit$$00000030  c_w.l(libinit2.o)
    0x0000014c   0x0000014c   0x00000000   Code   RO         2396    .ARM.Collect$$libinit$$00000032  c_w.l(libinit2.o)
    0x0000014c   0x0000014c   0x00000002   Code   RO         2397    .ARM.Collect$$libinit$$00000033  c_w.l(libinit2.o)
    0x0000014e   0x0000014e   0x00000002   Code   RO         2343    .ARM.Collect$$libshutdown$$00000000  c_w.l(libshutdown.o)
    0x00000150   0x00000150   0x00000000   Code   RO         2399    .ARM.Collect$$libshutdown$$00000002  c_w.l(libshutdown2.o)
    0x00000150   0x00000150   0x00000000   Code   RO         2401    .ARM.Collect$$libshutdown$$00000004  c_w.l(libshutdown2.o)
    0x00000150   0x00000150   0x00000000   Code   RO         2404    .ARM.Collect$$libshutdown$$00000007  c_w.l(libshutdown2.o)
    0x00000150   0x00000150   0x00000000   Code   RO         2407    .ARM.Collect$$libshutdown$$0000000A  c_w.l(libshutdown2.o)
    0x00000150   0x00000150   0x00000000   Code   RO         2409    .ARM.Collect$$libshutdown$$0000000C  c_w.l(libshutdown2.o)
    0x00000150   0x00000150   0x00000000   Code   RO         2412    .ARM.Collect$$libshutdown$$0000000F  c_w.l(libshutdown2.o)
    0x00000150   0x00000150   0x00000002   Code   RO         2413    .ARM.Collect$$libshutdown$$00000010  c_w.l(libshutdown2.o)
    0x00000152   0x00000152   0x00000000   Code   RO         2284    .ARM.Collect$$rtentry$$00000000  c_w.l(__rtentry.o)
    0x00000152   0x00000152   0x00000000   Code   RO         2303    .ARM.Collect$$rtentry$$00000002  c_w.l(__rtentry2.o)
    0x00000152   0x00000152   0x00000006   Code   RO         2315    .ARM.Collect$$rtentry$$00000004  c_w.l(__rtentry4.o)
    0x00000158   0x00000158   0x00000000   Code   RO         2305    .ARM.Collect$$rtentry$$00000009  c_w.l(__rtentry2.o)
    0x00000158   0x00000158   0x00000004   Code   RO         2306    .ARM.Collect$$rtentry$$0000000A  c_w.l(__rtentry2.o)
    0x0000015c   0x0000015c   0x00000008   Code   RO         2307    .ARM.Collect$$rtentry$$0000000B  c_w.l(__rtentry2.o)
    0x00000164   0x00000164   0x00000008   Code   RO         2309    .ARM.Collect$$rtentry$$0000000D  c_w.l(__rtentry2.o)
    0x0000016c   0x0000016c   0x00000002   Code   RO         2285    .ARM.Collect$$rtexit$$00000000  c_w.l(rtexit.o)
    0x0000016e   0x0000016e   0x00000000   Code   RO         2318    .ARM.Collect$$rtexit$$00000002  c_w.l(rtexit2.o)
    0x0000016e   0x0000016e   0x00000004   Code   RO         2319    .ARM.Collect$$rtexit$$00000003  c_w.l(rtexit2.o)
    0x00000172   0x00000172   0x00000006   Code   RO         2320    .ARM.Collect$$rtexit$$00000004  c_w.l(rtexit2.o)
    0x00000178   0x00000178   0x0000001c   Code   RO          319    .emb_text           rtx_conf_cm.o
    0x00000194   0x00000194   0x00000130   Code   RO         2201    .emb_text           RTX_CM3.lib(hal_cm3.o)
    0x000002c4   0x000002c4   0x00000008   Code   RO         2237    .text               c_w.l(libspace.o)
    0x000002cc   0x000002cc   0x0000002c   Code   RO         2242    .text               c_w.l(__2sprintf.o)
    0x000002f8   0x000002f8   0x00000002   Code   RO         2344    .text               c_w.l(use_no_semi.o)
    0x000002fa   0x000002fa   0x00000000   Code   RO         2346    .text               c_w.l(indicate_semi.o)
    0x000002fa   0x000002fa   0x00000002   Code   RO          324    i.os_error          rtx_conf_cm.o
    0x000002fc   0x000002fc   0x00000004   Code   RO          984    .ARM.__at_0x02FC    startup_lpc17xx.o
    0x00000300   0x00000300   0x00000040   Code   RO          985    .text               startup_lpc17xx.o
    0x00000340   0x00000340   0x00000068   Code   RO         2246    .text               c_w.l(__printf.o)
    0x000003a8   0x000003a8   0x00000052   Code   RO         2248    .text               c_w.l(_printf_str.o)
    0x000003fa   0x000003fa   0x00000012   Code   RO         2272    .text               c_w.l(exit.o)
    0x0000040c   0x0000040c   0x0000008a   Code   RO         2274    .text               c_w.l(rt_memcpy_v6.o)
    0x00000496   0x00000496   0x00000006   Code   RO         2280    .text               c_w.l(heapauxi.o)
    0x0000049c   0x0000049c   0x00000030   Code   RO         2291    .text               c_w.l(_printf_char_common.o)
    0x000004cc   0x000004cc   0x0000000a   Code   RO         2293    .text               c_w.l(_sputc.o)
    0x000004d6   0x000004d6   0x0000002c   Code   RO         2295    .text               c_w.l(_printf_char.o)
    0x00000502   0x00000502   0x00000064   Code   RO         2298    .text               c_w.l(rt_memcpy_w.o)
    0x00000566   0x00000566   0x00000002   PAD
    0x00000568   0x00000568   0x0000000c   Code   RO         2328    .text               c_w.l(sys_exit.o)
    0x00000574   0x00000574   0x0000004a   Code   RO         2330    .text               c_w.l(sys_stackheap_outer.o)
    0x000005be   0x000005be   0x00000002   PAD
    0x000005c0   0x000005c0   0x00000004   Code   RO         2232    SVC_TABLE           RTX_CM3.lib(svc_table.o)
    0x000005c4   0x000005c4   0x00000114   Code   RO          815    i.DMA_IRQHandler    gpdma_lpc17xx.o
    0x000006d8   0x000006d8   0x00000104   Code   RO          816    i.GPDMA_ChannelConfigure  gpdma_lpc17xx.o
    0x000007dc   0x000007dc   0x00000044   Code   RO          817    i.GPDMA_ChannelDisable  gpdma_lpc17xx.o
    0x00000820   0x00000820   0x00000030   Code   RO          819    i.GPDMA_ChannelGetCount  gpdma_lpc17xx.o
    0x00000850   0x00000850   0x00000074   Code   RO          821    i.GPDMA_Initialize  gpdma_lpc17xx.o
    0x000008c4   0x000008c4   0x00000038   Code   RO          822    i.GPDMA_PeripheralSelect  gpdma_lpc17xx.o
    0x000008fc   0x000008fc   0x00000048   Code   RO          823    i.GPDMA_Uninitialize  gpdma_lpc17xx.o
    0x00000944   0x00000944   0x0000001a   Code   RO          891    i.GPIO_PinWrite     gpio_lpc17xx.o
    0x0000095e   0x0000095e   0x00000020   Code   RO          895    i.GPIO_SetDir       gpio_lpc17xx.o
    0x0000097e   0x0000097e   0x00000002   PAD
    0x00000980   0x00000980   0x0000000c   Code   RO          421    i.I2C0_IRQHandler   i2c_lpc17xx.o
    0x0000098c   0x0000098c   0x0000000c   Code   RO          432    i.I2C1_IRQHandler   i2c_lpc17xx.o
    0x00000998   0x00000998   0x00000386   Code   RO          443    i.I2Cx_IRQHandler   i2c_lpc17xx.o
    0x00000d1e   0x00000d1e   0x0000007e   Code   RO          948    i.PIN_Configure     pin_lpc17xx.o
    0x00000d9c   0x00000d9c   0x0000000c   Code   RO          619    i.SSP0_Control      ssp_lpc17xx.o
    0x00000da8   0x00000da8   0x00000028   Code   RO          620    i.SSP0_GPDMA_Rx_SignalEvent  ssp_lpc17xx.o
    0x00000dd0   0x00000dd0   0x00000018   Code   RO          621    i.SSP0_GPDMA_Tx_SignalEvent  ssp_lpc17xx.o
    0x00000de8   0x00000de8   0x0000002c   Code   RO          622    i.SSP0_GetDataCount  ssp_lpc17xx.o
    0x00000e14   0x00000e14   0x00000050   Code   RO          623    i.SSP0_GetStatus    ssp_lpc17xx.o
    0x00000e64   0x00000e64   0x000000f0   Code   RO          624    i.SSP0_IRQHandler   ssp_lpc17xx.o
    0x00000f54   0x00000f54   0x000000b0   Code   RO          625    i.SSP0_Initialize   ssp_lpc17xx.o
    0x00001004   0x00001004   0x00000194   Code   RO          626    i.SSP0_PowerControl  ssp_lpc17xx.o
    0x00001198   0x00001198   0x00000154   Code   RO          627    i.SSP0_Receive      ssp_lpc17xx.o
    0x000012ec   0x000012ec   0x00000140   Code   RO          628    i.SSP0_Send         ssp_lpc17xx.o
    0x0000142c   0x0000142c   0x00000148   Code   RO          629    i.SSP0_Transfer     ssp_lpc17xx.o
    0x00001574   0x00001574   0x00000074   Code   RO          630    i.SSP0_Uninitialize  ssp_lpc17xx.o
    0x000015e8   0x000015e8   0x0000000c   Code   RO          631    i.SSP_GetCapabilities  ssp_lpc17xx.o
    0x000015f4   0x000015f4   0x0000000c   Code   RO          632    i.SSP_GetVersion    ssp_lpc17xx.o
    0x00001600   0x00001600   0x00000486   Code   RO          633    i.SSPx_Control      ssp_lpc17xx.o
    0x00001a86   0x00001a86   0x00000002   PAD
    0x00001a88   0x00001a88   0x000000e8   Code   RO          995    i.SystemInit        system_lpc17xx.o
    0x00001b70   0x00001b70   0x0000000a   Code   RO           96    i.__ARM_common_memcpy4_5  nrf.o
    0x00001b7a   0x00001b7a   0x00000046   Code   RO         2100    i._init_box         RTX_CM3.lib(rt_membox.o)
    0x00001bc0   0x00001bc0   0x00000020   Code   RO          321    i._mutex_acquire    rtx_conf_cm.o
    0x00001be0   0x00001be0   0x0000001c   Code   RO          323    i._mutex_release    rtx_conf_cm.o
    0x00001bfc   0x00001bfc   0x00000030   Code   RO         2153    i.dbg_init          RTX_CM3.lib(hal_cm.o)
    0x00001c2c   0x00001c2c   0x00000020   Code   RO         2154    i.dbg_task_notify   RTX_CM3.lib(hal_cm.o)
    0x00001c4c   0x00001c4c   0x00000010   Code   RO         2155    i.dbg_task_switch   RTX_CM3.lib(hal_cm.o)
    0x00001c5c   0x00001c5c   0x0000002c   Code   RO          151    i.if_rgb565_data    0.o
    0x00001c88   0x00001c88   0x00000006   Code   RO          152    i.if_rgb565_init    0.o
    0x00001c8e   0x00001c8e   0x0000002a   Code   RO         1030    i.isrMessageGet     RTX_CM3.lib(rt_cmsis.o)
    0x00001cb8   0x00001cb8   0x0000002c   Code   RO         1031    i.isrMessagePut     RTX_CM3.lib(rt_cmsis.o)
    0x00001ce4   0x00001ce4   0x00000056   Code   RO         1976    i.isr_mbx_receive   RTX_CM3.lib(rt_mailbox.o)
    0x00001d3a   0x00001d3a   0x0000000e   Code   RO         1977    i.isr_mbx_send      RTX_CM3.lib(rt_mailbox.o)
    0x00001d48   0x00001d48   0x00000008   Code   RO          154    i.main              0.o
    0x00001d50   0x00001d50   0x00000324   Code   RO          155    i.main_app          0.o
    0x00002074   0x00002074   0x00000020   Code   RO            4    i.nrf_enable_rf     nrf.o
    0x00002094   0x00002094   0x0000014c   Code   RO            5    i.nrf_init          nrf.o
    0x000021e0   0x000021e0   0x00000020   Code   RO            6    i.nrf_irq_clr_stat  nrf.o
    0x00002200   0x00002200   0x00000010   Code   RO            7    i.nrf_irq_stat      nrf.o
    0x00002210   0x00002210   0x00000058   Code   RO            9    i.nrf_read_data     nrf.o
    0x00002268   0x00002268   0x0000005c   Code   RO           10    i.nrf_read_stat     nrf.o
    0x000022c4   0x000022c4   0x00000060   Code   RO           11    i.nrf_set_address   nrf.o
    0x00002324   0x00002324   0x0000000e   Code   RO           12    i.nrf_set_channel   nrf.o
    0x00002332   0x00002332   0x00000002   PAD
    0x00002334   0x00002334   0x00000024   Code   RO           13    i.nrf_set_rf_mode   nrf.o
    0x00002358   0x00002358   0x00000054   Code   RO           14    i.nrf_write_command  nrf.o
    0x000023ac   0x000023ac   0x0000000e   Code   RO           15    i.nrf_write_data    nrf.o
    0x000023ba   0x000023ba   0x00000002   PAD
    0x000023bc   0x000023bc   0x00000018   Code   RO         1034    i.osDelay           RTX_CM3.lib(rt_cmsis.o)
    0x000023d4   0x000023d4   0x00000024   Code   RO         1035    i.osKernelInitialize  RTX_CM3.lib(rt_cmsis.o)
    0x000023f8   0x000023f8   0x0000006c   Code   RO         1037    i.osKernelStart     RTX_CM3.lib(rt_cmsis.o)
    0x00002464   0x00002464   0x00000018   Code   RO         1046    i.osMessageGet      RTX_CM3.lib(rt_cmsis.o)
    0x0000247c   0x0000247c   0x0000002c   Code   RO         1063    i.osThreadCreate    RTX_CM3.lib(rt_cmsis.o)
    0x000024a8   0x000024a8   0x00000018   Code   RO         1064    i.osThreadExit      RTX_CM3.lib(rt_cmsis.o)
    0x000024c0   0x000024c0   0x0000000c   Code   RO         1070    i.osTimerCall       RTX_CM3.lib(rt_cmsis.o)
    0x000024cc   0x000024cc   0x0000002c   Code   RO         1075    i.osTimerThread     RTX_CM3.lib(rt_cmsis.o)
    0x000024f8   0x000024f8   0x00000002   Code   RO          325    i.os_idle_demon     rtx_conf_cm.o
    0x000024fa   0x000024fa   0x00000002   PAD
    0x000024fc   0x000024fc   0x00000028   Code   RO         1768    i.os_tick_init      RTX_CM3.lib(rt_system.o)
    0x00002524   0x00002524   0x00000002   Code   RO         1769    i.os_tick_irqack    RTX_CM3.lib(rt_system.o)
    0x00002526   0x00002526   0x0000001a   Code   RO         2101    i.rt_alloc_box      RTX_CM3.lib(rt_membox.o)
    0x00002540   0x00002540   0x0000003e   Code   RO         2129    i.rt_alloc_mem      RTX_CM3.lib(rt_memory.o)
    0x0000257e   0x0000257e   0x00000002   PAD
    0x00002580   0x00002580   0x00000038   Code   RO         1649    i.rt_block          RTX_CM3.lib(rt_task.o)
    0x000025b8   0x000025b8   0x00000002   Code   RO          326    i.rt_chk_robin      rtx_conf_cm.o
    0x000025ba   0x000025ba   0x00000002   PAD
    0x000025bc   0x000025bc   0x00000070   Code   RO         1900    i.rt_dec_dly        RTX_CM3.lib(rt_list.o)
    0x0000262c   0x0000262c   0x00000044   Code   RO         1650    i.rt_dispatch       RTX_CM3.lib(rt_task.o)
    0x00002670   0x00002670   0x00000006   Code   RO         2066    i.rt_dly_wait       RTX_CM3.lib(rt_time.o)
    0x00002676   0x00002676   0x00000002   PAD
    0x00002678   0x00002678   0x00000050   Code   RO         1861    i.rt_evt_psh        RTX_CM3.lib(rt_event.o)
    0x000026c8   0x000026c8   0x0000002c   Code   RO         2102    i.rt_free_box       RTX_CM3.lib(rt_membox.o)
    0x000026f4   0x000026f4   0x00000028   Code   RO         2130    i.rt_free_mem       RTX_CM3.lib(rt_memory.o)
    0x0000271c   0x0000271c   0x00000028   Code   RO         1901    i.rt_get_first      RTX_CM3.lib(rt_list.o)
    0x00002744   0x00002744   0x00000008   Code   RO         1080    i.rt_id2obj         RTX_CM3.lib(rt_cmsis.o)
    0x0000274c   0x0000274c   0x00000048   Code   RO         1651    i.rt_init_context   RTX_CM3.lib(rt_task.o)
    0x00002794   0x00002794   0x0000001a   Code   RO         2131    i.rt_init_mem       RTX_CM3.lib(rt_memory.o)
    0x000027ae   0x000027ae   0x00000002   Code   RO          327    i.rt_init_robin     rtx_conf_cm.o
    0x000027b0   0x000027b0   0x00000080   Code   RO         2156    i.rt_init_stack     RTX_CM3.lib(hal_cm.o)
    0x00002830   0x00002830   0x00000008   Code   RO         1978    i.rt_mbx_check      RTX_CM3.lib(rt_mailbox.o)
    0x00002838   0x00002838   0x0000001a   Code   RO         1979    i.rt_mbx_init       RTX_CM3.lib(rt_mailbox.o)
    0x00002852   0x00002852   0x00000002   PAD
    0x00002854   0x00002854   0x000000f0   Code   RO         1980    i.rt_mbx_psh        RTX_CM3.lib(rt_mailbox.o)
    0x00002944   0x00002944   0x000000b4   Code   RO         1982    i.rt_mbx_wait       RTX_CM3.lib(rt_mailbox.o)
    0x000029f8   0x000029f8   0x00000044   Code   RO         1081    i.rt_ms2tick        RTX_CM3.lib(rt_cmsis.o)
    0x00002a3c   0x00002a3c   0x000000d8   Code   RO         1735    i.rt_mut_release    RTX_CM3.lib(rt_mutex.o)
    0x00002b14   0x00002b14   0x00000078   Code   RO         1736    i.rt_mut_wait       RTX_CM3.lib(rt_mutex.o)
    0x00002b8c   0x00002b8c   0x0000007c   Code   RO         1772    i.rt_pop_req        RTX_CM3.lib(rt_system.o)
    0x00002c08   0x00002c08   0x00000020   Code   RO         1773    i.rt_psh_req        RTX_CM3.lib(rt_system.o)
    0x00002c28   0x00002c28   0x0000005c   Code   RO         1903    i.rt_psq_enq        RTX_CM3.lib(rt_list.o)
    0x00002c84   0x00002c84   0x00000048   Code   RO         1904    i.rt_put_dly        RTX_CM3.lib(rt_list.o)
    0x00002ccc   0x00002ccc   0x00000036   Code   RO         1905    i.rt_put_prio       RTX_CM3.lib(rt_list.o)
    0x00002d02   0x00002d02   0x00000002   PAD
    0x00002d04   0x00002d04   0x00000014   Code   RO         1906    i.rt_put_rdy_first  RTX_CM3.lib(rt_list.o)
    0x00002d18   0x00002d18   0x00000034   Code   RO         1907    i.rt_resort_prio    RTX_CM3.lib(rt_list.o)
    0x00002d4c   0x00002d4c   0x00000006   Code   RO         2157    i.rt_ret_val        RTX_CM3.lib(hal_cm.o)
    0x00002d52   0x00002d52   0x00000008   Code   RO         2158    i.rt_ret_val2       RTX_CM3.lib(hal_cm.o)
    0x00002d5a   0x00002d5a   0x00000028   Code   RO         1908    i.rt_rmv_dly        RTX_CM3.lib(rt_list.o)
    0x00002d82   0x00002d82   0x00000002   PAD
    0x00002d84   0x00002d84   0x00000030   Code   RO         1909    i.rt_rmv_list       RTX_CM3.lib(rt_list.o)
    0x00002db4   0x00002db4   0x00000034   Code   RO         2027    i.rt_sem_psh        RTX_CM3.lib(rt_semaphore.o)
    0x00002de8   0x00002de8   0x00000024   Code   RO         1775    i.rt_stk_check      RTX_CM3.lib(rt_system.o)
    0x00002e0c   0x00002e0c   0x00000028   Code   RO         1652    i.rt_switch_req     RTX_CM3.lib(rt_task.o)
    0x00002e34   0x00002e34   0x000000cc   Code   RO         1653    i.rt_sys_init       RTX_CM3.lib(rt_task.o)
    0x00002f00   0x00002f00   0x00000078   Code   RO         1654    i.rt_sys_start      RTX_CM3.lib(rt_task.o)
    0x00002f78   0x00002f78   0x00000040   Code   RO         1777    i.rt_systick        RTX_CM3.lib(rt_system.o)
    0x00002fb8   0x00002fb8   0x00000012   Code   RO         1082    i.rt_tid2ptcb       RTX_CM3.lib(rt_cmsis.o)
    0x00002fca   0x00002fca   0x00000002   PAD
    0x00002fcc   0x00002fcc   0x00000034   Code   RO         1083    i.rt_timer_insert   RTX_CM3.lib(rt_cmsis.o)
    0x00003000   0x00003000   0x00000088   Code   RO         1655    i.rt_tsk_create     RTX_CM3.lib(rt_task.o)
    0x00003088   0x00003088   0x0000017c   Code   RO         1656    i.rt_tsk_delete     RTX_CM3.lib(rt_task.o)
    0x00003204   0x00003204   0x0000007c   Code   RO         1658    i.rt_tsk_prio       RTX_CM3.lib(rt_task.o)
    0x00003280   0x00003280   0x00000010   Code   RO         1659    i.rt_tsk_self       RTX_CM3.lib(rt_task.o)
    0x00003290   0x00003290   0x00000012   Code   RO         1085    i.svcDelay          RTX_CM3.lib(rt_cmsis.o)
    0x000032a2   0x000032a2   0x00000002   PAD
    0x000032a4   0x000032a4   0x00000070   Code   RO         1086    i.svcKernelInitialize  RTX_CM3.lib(rt_cmsis.o)
    0x00003314   0x00003314   0x00000048   Code   RO         1088    i.svcKernelStart    RTX_CM3.lib(rt_cmsis.o)
    0x0000335c   0x0000335c   0x00000024   Code   RO         1091    i.svcMessageCreate  RTX_CM3.lib(rt_cmsis.o)
    0x00003380   0x00003380   0x0000003a   Code   RO         1092    i.svcMessageGet     RTX_CM3.lib(rt_cmsis.o)
    0x000033ba   0x000033ba   0x00000002   PAD
    0x000033bc   0x000033bc   0x0000006c   Code   RO         1106    i.svcThreadCreate   RTX_CM3.lib(rt_cmsis.o)
    0x00003428   0x00003428   0x0000001c   Code   RO         1107    i.svcThreadGetId    RTX_CM3.lib(rt_cmsis.o)
    0x00003444   0x00003444   0x00000038   Code   RO         1110    i.svcThreadTerminate  RTX_CM3.lib(rt_cmsis.o)
    0x0000347c   0x0000347c   0x00000018   Code   RO         1112    i.svcTimerCall      RTX_CM3.lib(rt_cmsis.o)
    0x00003494   0x00003494   0x0000005c   Code   RO         1121    i.sysTimerTick      RTX_CM3.lib(rt_cmsis.o)
    0x000034f0   0x000034f0   0x00007a04   Data   RO          298    .constdata          1.o
    0x0000aef4   0x0000aef4   0x00007c04   Data   RO          305    .constdata          2.o
    0x00012af8   0x00012af8   0x00008004   Data   RO          312    .constdata          3.o
    0x0001aafc   0x0001aafc   0x00000002   Data   RO          335    .constdata          rtx_conf_cm.o
    0x0001aafe   0x0001aafe   0x00000002   PAD
    0x0001ab00   0x0001ab00   0x00000004   Data   RO          336    .constdata          rtx_conf_cm.o
    0x0001ab04   0x0001ab04   0x00000004   Data   RO          341    .constdata          rtx_conf_cm.o
    0x0001ab08   0x0001ab08   0x00000001   Data   RO          342    .constdata          rtx_conf_cm.o
    0x0001ab09   0x0001ab09   0x00000003   PAD
    0x0001ab0c   0x0001ab0c   0x00000010   Data   RO          343    .constdata          rtx_conf_cm.o
    0x0001ab1c   0x0001ab1c   0x00000002   Data   RO          344    .constdata          rtx_conf_cm.o
    0x0001ab1e   0x0001ab1e   0x00000002   PAD
    0x0001ab20   0x0001ab20   0x00000004   Data   RO          345    .constdata          rtx_conf_cm.o
    0x0001ab24   0x0001ab24   0x00000004   Data   RO          346    .constdata          rtx_conf_cm.o
    0x0001ab28   0x0001ab28   0x00000001   Data   RO          347    .constdata          rtx_conf_cm.o
    0x0001ab29   0x0001ab29   0x00000003   PAD
    0x0001ab2c   0x0001ab2c   0x00000010   Data   RO          348    .constdata          rtx_conf_cm.o
    0x0001ab3c   0x0001ab3c   0x00000008   Data   RO          349    .constdata          rtx_conf_cm.o
    0x0001ab44   0x0001ab44   0x00000002   Data   RO          350    .constdata          rtx_conf_cm.o
    0x0001ab46   0x0001ab46   0x00000002   PAD
    0x0001ab48   0x0001ab48   0x00000010   Data   RO          351    .constdata          rtx_conf_cm.o
    0x0001ab58   0x0001ab58   0x00000060   Data   RO          448    .constdata          i2c_lpc17xx.o
    0x0001abb8   0x0001abb8   0x00000050   Data   RO          638    .constdata          ssp_lpc17xx.o
    0x0001ac08   0x0001ac08   0x0000002c   Data   RO          639    .constdata          ssp_lpc17xx.o
    0x0001ac34   0x0001ac34   0x00000030   Data   RO         2454    Region$$Table       anon$$obj.o


    Execution Region RW_IRAM1 (Exec base: 0x10000000, Load base: 0x0001ac64, Size: 0x00007840, Max: 0x00008000, ABSOLUTE)

    Exec Addr    Load Addr    Size         Type   Attr      Idx    E Section Name        Object

    0x10000000        -       0x00007840   Zero   RW          157    .bss                0.o


    Execution Region RW_IRAM2 (Exec base: 0x2007c000, Load base: 0x0001ac64, Size: 0x00002440, Max: 0x00008000, ABSOLUTE)

    Exec Addr    Load Addr    Size         Type   Attr      Idx    E Section Name        Object

    0x2007c000   0x0001ac64   0x00000004   Data   RW           18    .data               nrf.o
    0x2007c004   0x0001ac68   0x0000001b   Data   RW          158    .data               0.o
    0x2007c01f   0x0001ac83   0x00000001   PAD
    0x2007c020   0x0001ac84   0x00000004   Data   RW          353    .data               rtx_conf_cm.o
    0x2007c024   0x0001ac88   0x00000004   Data   RW          354    .data               rtx_conf_cm.o
    0x2007c028   0x0001ac8c   0x00000004   Data   RW          355    .data               rtx_conf_cm.o
    0x2007c02c   0x0001ac90   0x00000004   Data   RW          451    .data               i2c_lpc17xx.o
    0x2007c030   0x0001ac94   0x00000004   Data   RW          452    .data               i2c_lpc17xx.o
    0x2007c034   0x0001ac98   0x00000002   Data   RW          640    .data               ssp_lpc17xx.o
    0x2007c036   0x0001ac9a   0x00000002   Data   RW          641    .data               ssp_lpc17xx.o
    0x2007c038   0x0001ac9c   0x00000002   Data   RW          642    .data               ssp_lpc17xx.o
    0x2007c03a   0x0001ac9e   0x00000002   Data   RW          643    .data               ssp_lpc17xx.o
    0x2007c03c   0x0001aca0   0x00000008   Data   RW          644    .data               ssp_lpc17xx.o
    0x2007c044   0x0001aca8   0x00000008   Data   RW          825    .data               gpdma_lpc17xx.o
    0x2007c04c   0x0001acb0   0x00000004   Data   RW          996    .data               system_lpc17xx.o
    0x2007c050   0x0001acb4   0x00000008   Data   RW         1124    .data               RTX_CM3.lib(rt_cmsis.o)
    0x2007c058   0x0001acbc   0x00000008   Data   RW         1661    .data               RTX_CM3.lib(rt_task.o)
    0x2007c060   0x0001acc4   0x00000008   Data   RW         1780    .data               RTX_CM3.lib(rt_system.o)
    0x2007c068   0x0001accc   0x00000004   Data   RW         2070    .data               RTX_CM3.lib(rt_time.o)
    0x2007c06c   0x0001acd0   0x00000001   Data   RW         2159    .data               RTX_CM3.lib(hal_cm.o)
    0x2007c06d   0x0001acd1   0x00000003   PAD
    0x2007c070        -       0x00000012   Zero   RW           17    .bss                nrf.o
    0x2007c082   0x0001acd1   0x00000002   PAD
    0x2007c084        -       0x00000020   Zero   RW          328    .bss                rtx_conf_cm.o
    0x2007c0a4        -       0x00000178   Zero   RW          329    .bss                rtx_conf_cm.o
    0x2007c21c   0x0001acd1   0x00000004   PAD
    0x2007c220        -       0x000004c0   Zero   RW          330    .bss                rtx_conf_cm.o
    0x2007c6e0        -       0x000002e8   Zero   RW          331    .bss                rtx_conf_cm.o
    0x2007c9c8        -       0x00000084   Zero   RW          332    .bss                rtx_conf_cm.o
    0x2007ca4c        -       0x0000001c   Zero   RW          333    .bss                rtx_conf_cm.o
    0x2007ca68        -       0x00000048   Zero   RW          447    .bss                i2c_lpc17xx.o
    0x2007cab0        -       0x0000000c   Zero   RW          636    .bss                ssp_lpc17xx.o
    0x2007cabc        -       0x0000001c   Zero   RW          637    .bss                ssp_lpc17xx.o
    0x2007cad8        -       0x000000a0   Zero   RW          824    .bss                gpdma_lpc17xx.o
    0x2007cb78        -       0x00000034   Zero   RW         1660    .bss                RTX_CM3.lib(rt_task.o)
    0x2007cbac        -       0x00000030   Zero   RW         1910    .bss                RTX_CM3.lib(rt_list.o)
    0x2007cbdc        -       0x00000060   Zero   RW         2238    .bss                c_w.l(libspace.o)
    0x2007cc3c   0x0001acd1   0x00000004   PAD
    0x2007cc40        -       0x00000800   Zero   RW          982    HEAP                startup_lpc17xx.o
    0x2007d440        -       0x00001000   Zero   RW          981    STACK               startup_lpc17xx.o


==============================================================================

Image component sizes


      Code (inc. data)   RO Data    RW Data    ZI Data      Debug   Object Name

       862         56          0         27      30784       5613   0.o
         0          0      31236          0          0        385   1.o
         0          0      31748          0          0        385   2.o
         0          0      32772          0          0        385   3.o
       896         80          0          8        160       7078   gpdma_lpc17xx.o
        58          0          0          0          0       1154   gpio_lpc17xx.o
       926         38         96          8         72      53831   i2c_lpc17xx.o
       846         80          0          4         18      17119   nrf.o
       126          0          0          0          0        856   pin_lpc17xx.o
        96         22         80         12       2528      10074   rtx_conf_cm.o
      3306         98        124         16         40      25790   ssp_lpc17xx.o
        68         30        204          0       6144       1044   startup_lpc17xx.o
       232         12          0          4          0        907   system_lpc17xx.o

    ----------------------------------------------------------------------
      7428        416      96320         80      39752     124621   Object Totals
         0          0         48          0          0          0   (incl. Generated)
        12          0         12          1          6          0   (incl. Padding)

    ----------------------------------------------------------------------

      Code (inc. data)   RO Data    RW Data    ZI Data      Debug   Library Member Name

       238         24          0          1          0       3312   hal_cm.o
       304         36          0          0          0        768   hal_cm3.o
      1152        144          0          8          0      32862   rt_cmsis.o
        80          4          0          0          0        661   rt_event.o
       530         34          0          0         48       8253   rt_list.o
       554         10          0          0          0       3949   rt_mailbox.o
       140          0          0          0          0       1925   rt_membox.o
       128          0          0          0          0       2307   rt_memory.o
       336         14          0          0          0       1643   rt_mutex.o
        52          4          0          0          0        573   rt_semaphore.o
       298         52          0          8          0       6223   rt_system.o
      1216        174          0          8         52       9649   rt_task.o
         6          0          0          4          0        652   rt_time.o
         4          4          0          0          0        208   svc_table.o
        44          6          0          0          0         84   __2sprintf.o
         8          0          0          0          0         68   __main.o
       104          0          0          0          0         84   __printf.o
         0          0          0          0          0          0   __rtentry.o
        20          0          0          0          0          0   __rtentry2.o
         6          0          0          0          0          0   __rtentry4.o
        52          8          0          0          0          0   __scatter.o
        26          0          0          0          0          0   __scatter_copy.o
        28          0          0          0          0          0   __scatter_zi.o
        44          0          0          0          0        108   _printf_char.o
        48          6          0          0          0         96   _printf_char_common.o
         0          0          0          0          0          0   _printf_percent.o
         4          0          0          0          0          0   _printf_percent_end.o
         6          0          0          0          0          0   _printf_s.o
        82          0          0          0          0         80   _printf_str.o
        10          0          0          0          0         68   _sputc.o
        18          0          0          0          0         80   exit.o
         6          0          0          0          0        152   heapauxi.o
         0          0          0          0          0          0   indicate_semi.o
         2          0          0          0          0          0   libinit.o
         2          0          0          0          0          0   libinit2.o
         2          0          0          0          0          0   libshutdown.o
         2          0          0          0          0          0   libshutdown2.o
         8          4          0          0         96         68   libspace.o
       138          0          0          0          0         68   rt_memcpy_v6.o
       100          0          0          0          0         80   rt_memcpy_w.o
         2          0          0          0          0          0   rtexit.o
        10          0          0          0          0          0   rtexit2.o
        12          4          0          0          0         68   sys_exit.o
        74          0          0          0          0         80   sys_stackheap_outer.o
         2          0          0          0          0         68   use_no_semi.o

    ----------------------------------------------------------------------
      5920        528          0         32        200      74237   Library Totals
        22          0          0          3          4          0   (incl. Padding)

    ----------------------------------------------------------------------

      Code (inc. data)   RO Data    RW Data    ZI Data      Debug   Library Name

      5038        500          0         29        100      72985   RTX_CM3.lib
       860         28          0          0         96       1252   c_w.l

    ----------------------------------------------------------------------
      5920        528          0         32        200      74237   Library Totals

    ----------------------------------------------------------------------

==============================================================================


      Code (inc. data)   RO Data    RW Data    ZI Data      Debug   

     13348        944      96320        112      39952     192042   Grand Totals
     13348        944      96320        112      39952     192042   ELF Image Totals
     13348        944      96320        112          0          0   ROM Totals

==============================================================================

    Total RO  Size (Code + RO Data)               109668 ( 107.10kB)
    Total RW  Size (RW Data + ZI Data)             40064 (  39.13kB)
    Total ROM Size (Code + RO Data + RW Data)     109780 ( 107.21kB)

==============================================================================

