Component: ARM Compiler 5.05 update 2 (build 169) Tool: armlink [4d0f33]

==============================================================================

Section Cross References

    cmd_f.o(i.cmd_finder) refers to _scanf_int.o(.text) for _scanf_int
    cmd_f.o(i.cmd_finder) refers to _printf_percent.o(.ARM.Collect$$_printf_percent$$00000000) for _printf_percent
    cmd_f.o(i.cmd_finder) refers to _printf_d.o(.ARM.Collect$$_printf_percent$$00000009) for _printf_d
    cmd_f.o(i.cmd_finder) refers to _printf_dec.o(.text) for _printf_int_dec
    cmd_f.o(i.cmd_finder) refers to cmd_f.o(i.cmd_search) for cmd_search
    cmd_f.o(i.cmd_finder) refers to __0sscanf.o(.text) for __0sscanf
    cmd_f.o(i.cmd_finder) refers to __2sprintf.o(.text) for __2sprintf
    cmd_f.o(i.cmd_finder) refers to rt_memcpy_w.o(.text) for __aeabi_memcpy4
    cmd_f.o(i.cmd_finder) refers to cmd_f.o(i.cmd_pocket_sender) for cmd_pocket_sender
    cmd_f.o(i.cmd_init) refers to rt_cmsis.o(i.osMailCreate) for osMailCreate
    cmd_f.o(i.cmd_init) refers to cmd_f.o(.constdata) for os_mailQ_def_wifi_respond_q
    cmd_f.o(i.cmd_init) refers to cmd_f.o(.data) for wifi_respond_q
    cmd_f.o(i.cmd_pocket_sender) refers to rt_cmsis.o(i.osMailAlloc) for osMailAlloc
    cmd_f.o(i.cmd_pocket_sender) refers to rt_memcpy_w.o(.text) for __aeabi_memcpy4
    cmd_f.o(i.cmd_pocket_sender) refers to rt_cmsis.o(i.osMailPut) for osMailPut
    cmd_f.o(i.cmd_pocket_sender) refers to cmd_f.o(.data) for wifi_respond_q
    cmd_f.o(i.cmd_search) refers to strcmpv7m.o(.text) for strcmp
    cmd_f.o(i.cmd_search) refers to cmd_f.o(.constdata) for cmd_saved_strings
    cmd_f.o(.constdata) refers to cmd_f.o(.data) for os_mailQ_p_wifi_respond_q
    cmd_f.o(.data) refers to cmd_f.o(.bss) for os_mailQ_q_wifi_respond_q
    wifi_respond.o(i.wifi_respond_f) refers to _printf_percent.o(.ARM.Collect$$_printf_percent$$00000000) for _printf_percent
    wifi_respond.o(i.wifi_respond_f) refers to _printf_d.o(.ARM.Collect$$_printf_percent$$00000009) for _printf_d
    wifi_respond.o(i.wifi_respond_f) refers to _printf_s.o(.ARM.Collect$$_printf_percent$$00000014) for _printf_s
    wifi_respond.o(i.wifi_respond_f) refers to _printf_dec.o(.text) for _printf_int_dec
    wifi_respond.o(i.wifi_respond_f) refers to _printf_str.o(.text) for _printf_str
    wifi_respond.o(i.wifi_respond_f) refers to rt_cmsis.o(i.osMailGet) for osMailGet
    wifi_respond.o(i.wifi_respond_f) refers to __2sprintf.o(.text) for __2sprintf
    wifi_respond.o(i.wifi_respond_f) refers to esp_con.o(i.esp_write) for esp_write
    wifi_respond.o(i.wifi_respond_f) refers to esp_con.o(i.esp_wait_pass) for esp_wait_pass
    wifi_respond.o(i.wifi_respond_f) refers to rt_cmsis.o(i.osMailFree) for osMailFree
    wifi_respond.o(i.wifi_respond_f) refers to cmd_f.o(.data) for wifi_respond_q
    wifi_respond.o(i.wifi_respond_f) refers to cmd_f.o(.constdata) for cmd_saved_strings
    wifi_respond.o(i.wifi_respond_f) refers to wifi_respond.o(.bss) for wifi_msg_data
    wifi_respond.o(i.wifi_respond_init) refers to rt_cmsis.o(i.osThreadCreate) for osThreadCreate
    wifi_respond.o(i.wifi_respond_init) refers to wifi_respond.o(.constdata) for os_thread_def_wifi_respond_f
    wifi_respond.o(.constdata) refers to wifi_respond.o(i.wifi_respond_f) for wifi_respond_f
    main.o(i.esp_init_boot) refers to _printf_percent.o(.ARM.Collect$$_printf_percent$$00000000) for _printf_percent
    main.o(i.esp_init_boot) refers to _printf_s.o(.ARM.Collect$$_printf_percent$$00000014) for _printf_s
    main.o(i.esp_init_boot) refers to _printf_str.o(.text) for _printf_str
    main.o(i.esp_init_boot) refers to c_struct.o(i.e2_write_device_contol) for e2_write_device_contol
    main.o(i.esp_init_boot) refers to c_struct.o(i.e2_write_config) for e2_write_config
    main.o(i.esp_init_boot) refers to c_struct.o(i.e2_write_device) for e2_write_device
    main.o(i.esp_init_boot) refers to __2sprintf.o(.text) for __2sprintf
    main.o(i.esp_init_boot) refers to c_struct.o(i.e2_write_wifi_name) for e2_write_wifi_name
    main.o(i.esp_init_boot) refers to c_struct.o(i.e2_write_wifi_password) for e2_write_wifi_password
    main.o(i.esp_init_boot) refers to c_struct.o(i.e2_write_admin_password) for e2_write_admin_password
    main.o(i.esp_init_boot) refers to rt_cmsis.o(i.osDelay) for osDelay
    main.o(i.esp_init_boot) refers to main.o(i.esp_write_patch) for esp_write_patch
    main.o(i.esp_init_boot) refers to c_struct.o(i.e2_read_wifi_name) for e2_read_wifi_name
    main.o(i.esp_init_boot) refers to c_struct.o(i.e2_read_wifi_password) for e2_read_wifi_password
    main.o(i.esp_init_boot) refers to puts_locked.o(.text) for puts
    main.o(i.esp_init_boot) refers to c_struct.o(.data) for dc_control
    main.o(i.esp_init_boot) refers to main.o(.data) for conf
    main.o(i.esp_init_boot) refers to c_struct.o(.bss) for device
    main.o(i.esp_init_boot) refers to main.o(.bss) for str0
[...]
    __user_perproc_libspace                  0x0000021d   Thumb Code     0  libspace.o(.text)
    __2sprintf                               0x00000225   Thumb Code    38  __2sprintf.o(.text)
    __printf                                 0x00000251   Thumb Code   104  __printf.o(.text)
    __0sscanf                                0x000002b9   Thumb Code    52  __0sscanf.o(.text)
    __use_two_region_memory                  0x000002f5   Thumb Code     2  heapauxi.o(.text)
    __rt_heap_escrow                         0x000002f7   Thumb Code     2  heapauxi.o(.text)
    __rt_heap_expand                         0x000002f9   Thumb Code     2  heapauxi.o(.text)
    __I$use$semihosting                      0x000002fb   Thumb Code     0  use_no_semi.o(.text)
    __use_no_semihosting_swi                 0x000002fb   Thumb Code     2  use_no_semi.o(.text)
    rt_set_PSP                               0x00000301   Thumb Code     6  hal_cm3.o(.emb_text)
    rt_get_PSP                               0x00000307   Thumb Code     6  hal_cm3.o(.emb_text)
    os_set_env                               0x0000030d   Thumb Code    24  hal_cm3.o(.emb_text)
    _alloc_box                               0x00000329   Thumb Code    28  hal_cm3.o(.emb_text)
    _free_box                                0x00000349   Thumb Code    28  hal_cm3.o(.emb_text)
    SVC_Handler                              0x00000369   Thumb Code   108  hal_cm3.o(.emb_text)
    PendSV_Handler                           0x000003e1   Thumb Code    56  hal_cm3.o(.emb_text)
    SysTick_Handler                          0x0000041d   Thumb Code     8  hal_cm3.o(.emb_text)
    OS_Tick_Handler                          0x00000425   Thumb Code    12  hal_cm3.o(.emb_text)
    __aeabi_uldivmod                         0x00000431   Thumb Code     0  lludivv7m.o(.text)
    _ll_udiv                                 0x00000431   Thumb Code   238  lludivv7m.o(.text)
    __RL_RTX_VER                             0x00000478   Number         0  rt_system.o ABSOLUTE
    _printf_str                              0x0000051f   Thumb Code    82  _printf_str.o(.text)
    _printf_int_dec                          0x00000571   Thumb Code   104  _printf_dec.o(.text)
    _printf_int_hex                          0x000005e9   Thumb Code    84  _printf_hex_int.o(.text)
    _printf_longlong_hex                     0x000005e9   Thumb Code     0  _printf_hex_int.o(.text)
    _scanf_int                               0x00000641   Thumb Code   332  _scanf_int.o(.text)
    exit                                     0x0000078d   Thumb Code    12  exit.o(.text)
    strcpy                                   0x00000799   Thumb Code    72  strcpy.o(.text)
    __aeabi_memcpy                           0x000007e1   Thumb Code     0  rt_memcpy_v6.o(.text)
    __rt_memcpy                              0x000007e1   Thumb Code   138  rt_memcpy_v6.o(.text)
    _memcpy_lastbytes                        0x00000847   Thumb Code     0  rt_memcpy_v6.o(.text)
    __aeabi_memcpy4                          0x0000086b   Thumb Code     0  rt_memcpy_w.o(.text)
    __aeabi_memcpy8                          0x0000086b   Thumb Code     0  rt_memcpy_w.o(.text)
    __rt_memcpy_w                            0x0000086b   Thumb Code   100  rt_memcpy_w.o(.text)
    _memcpy_lastbytes_aligned                0x000008b3   Thumb Code     0  rt_memcpy_w.o(.text)
    __aeabi_memclr4                          0x000008cf   Thumb Code     0  rt_memclr_w.o(.text)
    __aeabi_memclr8                          0x000008cf   Thumb Code     0  rt_memclr_w.o(.text)
    __rt_memclr_w                            0x000008cf   Thumb Code    78  rt_memclr_w.o(.text)
    _memset_w                                0x000008d3   Thumb Code     0  rt_memclr_w.o(.text)
    strcmp                                   0x0000091d   Thumb Code   128  strcmpv7m.o(.text)
    _printf_int_common                       0x0000099d   Thumb Code   178  _printf_intcommon.o(.text)
    _printf_char_common                      0x00000a5b   Thumb Code    32  _printf_char_common.o(.text)
    _sputc                                   0x00000a81   Thumb Code    10  _sputc.o(.text)
    _printf_cs_common                        0x00000a8b   Thumb Code    20  _printf_char.o(.text)
    _printf_char                             0x00000a9f   Thumb Code    16  _printf_char.o(.text)
    _printf_string                           0x00000aaf   Thumb Code     8  _printf_char.o(.text)
    _chval                                   0x00000ab7   Thumb Code    28  _chval.o(.text)
    __vfscanf_char                           0x00000ae1   Thumb Code    24  scanf_char.o(.text)
    _sgetc                                   0x00000b01   Thumb Code    30  _sgetc.o(.text)
    _sbackspace                              0x00000b1f   Thumb Code    34  _sgetc.o(.text)
    isspace                                  0x00000b41   Thumb Code    18  isspace.o(.text)
    __vfscanf                                0x00000b55   Thumb Code   878  _scanf.o(.text)
    __flsbuf                                 0x00000ec9   Thumb Code   470  flsbuf.o(.text)
    __flsbuf_byte                            0x00000ec9   Thumb Code     0  flsbuf.o(.text)
    __flsbuf_wide                            0x00000ec9   Thumb Code     0  flsbuf.o(.text)
    _initio                                  0x000010a1   Thumb Code   240  initio_locked.o(.text)
    _terminateio                             0x00001191   Thumb Code   168  initio_locked.o(.text)
    _sys_exit                                0x00001269   Thumb Code     8  sys_exit.o(.text)
    __user_setup_stackheap                   0x00001275   Thumb Code    74  sys_stackheap_outer.o(.text)
    __rt_ctype_table                         0x000012c1   Thumb Code    16  rt_ctype_table.o(.text)
    _malloc_internal                         0x000012d9   Thumb Code   130  h1_alloc_mt.o(.text)
    malloc                                   0x0000135b   Thumb Code    20  h1_alloc_mt.o(.text)
    _free_internal                           0x0000136f   Thumb Code    98  h1_free_mt.o(.text)
    free                                     0x000013d1   Thumb Code    20  h1_free_mt.o(.text)
    _seterr                                  0x000013e5   Thumb Code    20  stdio.o(.text)
    _writebuf                                0x000013f9   Thumb Code    84  stdio.o(.text)
    _fflush                                  0x0000144d   Thumb Code    70  stdio.o(.text)
    _deferredlazyseek                        0x00001493   Thumb Code    60  stdio.o(.text)
    _fclose_internal                         0x000014d5   Thumb Code    76  fclose.o(.text)
    fclose                                   0x000014d5   Thumb Code     0  fclose.o(.text)
    puts                                     0x00001521   Thumb Code    58  puts_locked.o(.text)
    setvbuf                                  0x00001561   Thumb Code   104  setvbuf_locked.o(.text)
    freopen                                  0x00001677   Thumb Code    42  fopen_locked.o(.text)
    _fopen$locked                            0x000016a1   Thumb Code   100  fopen_locked.o(.text)
    __rt_SIGRTRED                            0x0000170d   Thumb Code    14  defsig_rtred_outer.o(.text)
    __rt_heap_descriptor                     0x0000171b   Thumb Code    10  rt_heap_descriptor_twolibspace.o(.text)
    __semihosting_library_function           0x0000171b   Thumb Code     0  indicate_semi.o(.text)
    __rt_locale                              0x00001725   Thumb Code    10  rt_locale_twolibspace.o(.text)
    __use_no_heap                            0x0000172f   Thumb Code     2  hguard.o(.text)
    __heap$guard                             0x00001731   Thumb Code     2  hguard.o(.text)
    _terminate_user_alloc                    0x00001733   Thumb Code     2  init_alloc.o(.text)
    _init_user_alloc                         0x00001735   Thumb Code     2  init_alloc.o(.text)
    __Heap_Full                              0x00001737   Thumb Code    34  init_alloc.o(.text)
    __Heap_Broken                            0x00001759   Thumb Code     6  init_alloc.o(.text)
    _init_alloc                              0x0000175f   Thumb Code    94  init_alloc.o(.text)
    __Heap_Initialize                        0x000017bd   Thumb Code    14  h1_init_mt.o(.text)
    __Heap_DescSize                          0x000017cb   Thumb Code     4  h1_init_mt.o(.text)
    _fseek                                   0x000017d1   Thumb Code   242  fseek.o(.text)
    fseek                                    0x000017d1   Thumb Code     0  fseek.o(.text)
    __sig_exit                               0x000018c9   Thumb Code    10  defsig_exit.o(.text)
    __rt_SIGRTRED_inner                      0x000018d5   Thumb Code    14  defsig_rtred_inner.o(.text)
    __Heap_ProvideMemory                     0x00001909   Thumb Code    62  h1_extend_mt.o(.text)
    _ftell_internal                          0x00001947   Thumb Code    66  ftell.o(.text)
    ftell                                    0x00001947   Thumb Code     0  ftell.o(.text)
    __default_signal_display                 0x00001989   Thumb Code    50  defsig_general.o(.text)
    __rt_SIGRTMEM                            0x000019bb   Thumb Code    14  defsig_rtmem_outer.o(.text)
    _ttywrch                                 0x000019c9   Thumb Code    14  sys_wrch.o(.text)
    __aeabi_errno_addr                       0x000019d7   Thumb Code     4  rt_errno_addr_twolibspace.o(.text)
    __errno$twolibspace                      0x000019d7   Thumb Code     0  rt_errno_addr_twolibspace.o(.text)
    __rt_errno_addr$twolibspace              0x000019d7   Thumb Code     0  rt_errno_addr_twolibspace.o(.text)
    __rt_SIGRTMEM_inner                      0x000019dd   Thumb Code    22  defsig_rtmem_inner.o(.text)
    SVC_Count                                0x00001a2c   Data           4  svc_table.o(SVC_TABLE)
    SVC_Table                                0x00001a30   Data           0  svc_table.o(SVC_TABLE)
    DMA_IRQHandler                           0x00001a51   Thumb Code   372  gpdma_lpc17xx.o(i.DMA_IRQHandler)
    ESP_res                                  0x00001bd1   Thumb Code   712  esp_con.o(i.ESP_res)
    GPDMA_ChannelConfigure                   0x00001eb1   Thumb Code   232  gpdma_lpc17xx.o(i.GPDMA_ChannelConfigure)
    GPDMA_ChannelDisable                     0x00001fa5   Thumb Code    44  gpdma_lpc17xx.o(i.GPDMA_ChannelDisable)
    GPDMA_ChannelGetCount                    0x00001fd5   Thumb Code    38  gpdma_lpc17xx.o(i.GPDMA_ChannelGetCount)
    GPDMA_Initialize                         0x00002005   Thumb Code   138  gpdma_lpc17xx.o(i.GPDMA_Initialize)
    GPDMA_PeripheralSelect                   0x000020a5   Thumb Code    48  gpdma_lpc17xx.o(i.GPDMA_PeripheralSelect)
    GPDMA_Uninitialize                       0x000020d9   Thumb Code    74  gpdma_lpc17xx.o(i.GPDMA_Uninitialize)
    GPIO_PinWrite                            0x00002131   Thumb Code    36  gpio_lpc17xx.o(i.GPIO_PinWrite)
    GPIO_SetDir                              0x00002159   Thumb Code    52  gpio_lpc17xx.o(i.GPIO_SetDir)
    PIN_Configure                            0x000021f1   Thumb Code    32  pin_lpc177x_8x.o(i.PIN_Configure)
    SSP1_GPDMA_Rx_SignalEvent                0x0000222d   Thumb Code    14  ssp_lpc17xx.o(i.SSP1_GPDMA_Rx_SignalEvent)
    SSP1_GPDMA_Tx_SignalEvent                0x00002241   Thumb Code    14  ssp_lpc17xx.o(i.SSP1_GPDMA_Tx_SignalEvent)
    SSP1_IRQHandler                          0x00002275   Thumb Code    10  ssp_lpc17xx.o(i.SSP1_IRQHandler)
    SSPx_GPDMA_Rx_SignalEvent                0x00002831   Thumb Code    54  ssp_lpc17xx.o(i.SSPx_GPDMA_Rx_SignalEvent)
    SSPx_GPDMA_Tx_SignalEvent                0x00002867   Thumb Code    28  ssp_lpc17xx.o(i.SSPx_GPDMA_Tx_SignalEvent)
    SystemCoreClockUpdate                    0x000030c1   Thumb Code   796  system_lpc177x_8x.o(i.SystemCoreClockUpdate)
    SystemInit                               0x000033f9   Thumb Code   214  system_lpc177x_8x.o(i.SystemInit)
    SystemInit_ExtMemCtl                     0x000034e1   Thumb Code   300  system_lpc177x_8x.o(i.SystemInit_ExtMemCtl)
    UART0_IRQHandler                         0x00003625   Thumb Code    10  uart_lpc17xx.o(i.UART0_IRQHandler)
    UART2_IRQHandler                         0x00003635   Thumb Code    10  uart_lpc17xx.o(i.UART2_IRQHandler)
    USART0_GPDMA_Rx_Event                    0x0000365d   Thumb Code    14  uart_lpc17xx.o(i.USART0_GPDMA_Rx_Event)
    USART0_GPDMA_Tx_Event                    0x00003671   Thumb Code    14  uart_lpc17xx.o(i.USART0_GPDMA_Tx_Event)
    USART2_GPDMA_Rx_Event                    0x00003785   Thumb Code    14  uart_lpc17xx.o(i.USART2_GPDMA_Rx_Event)
    USART2_GPDMA_Tx_Event                    0x00003799   Thumb Code    14  uart_lpc17xx.o(i.USART2_GPDMA_Tx_Event)
    USART_SetBaudrate                        0x000049cd   Thumb Code   872  uart_lpc17xx.o(i.USART_SetBaudrate)
    __user_perthread_libspace                0x00004f15   Thumb Code    32  rtx_conf_cm.o(i.__user_perthread_libspace)
    _init_box                                0x00004f41   Thumb Code    70  rt_membox.o(i._init_box)
    _mutex_acquire                           0x00004f89   Thumb Code    22  rtx_conf_cm.o(i._mutex_acquire)
    _mutex_initialize                        0x00004fa9   Thumb Code    34  rtx_conf_cm.o(i._mutex_initialize)
    _mutex_release                           0x00004fd5   Thumb Code    18  rtx_conf_cm.o(i._mutex_release)
    _sys_close                               0x00004ff1   Thumb Code    38  retarget_io.o(i._sys_close)
    _sys_flen                                0x00005017   Thumb Code    36  retarget_io.o(i._sys_flen)
    _sys_istty                               0x0000503b   Thumb Code    36  retarget_io.o(i._sys_istty)
    _sys_open                                0x00005061   Thumb Code    80  retarget_io.o(i._sys_open)
    _sys_seek                                0x000050c9   Thumb Code    44  retarget_io.o(i._sys_seek)
    _sys_write                               0x000050f5   Thumb Code    70  retarget_io.o(i._sys_write)
    barcode2device                           0x0000513b   Thumb Code   184  nrf_de.o(i.barcode2device)
    c_struct_init                            0x000051f5   Thumb Code    44  c_struct.o(i.c_struct_init)
    cmd_finder                               0x0000522d   Thumb Code   276  cmd_f.o(i.cmd_finder)
    cmd_init                                 0x00005349   Thumb Code    52  cmd_f.o(i.cmd_init)
    cmd_pocket_sender                        0x0000539d   Thumb Code   178  cmd_f.o(i.cmd_pocket_sender)
    cmd_search                               0x00005461   Thumb Code    92  cmd_f.o(i.cmd_search)
    co_cocct                                 0x000054c5   Thumb Code    64  co.o(i.co_cocct)
    co_coclp                                 0x00005515   Thumb Code   274  co.o(i.co_coclp)
    co_cocwn                                 0x00005635   Thumb Code   128  co.o(i.co_cocwn)
    co_cocwp                                 0x000056c1   Thumb Code   284  co.o(i.co_cocwp)
    co_colgi                                 0x000057e9   Thumb Code   104  co.o(i.co_colgi)
    co_init                                  0x0000585d   Thumb Code    12  co.o(i.co_init)
    co_thread                                0x0000586d   Thumb Code   146  co.o(i.co_thread)
    dbg_init                                 0x00005909   Thumb Code    34  hal_cm.o(i.dbg_init)
    dbg_task_notify                          0x00005939   Thumb Code    32  hal_cm.o(i.dbg_task_notify)
    dbg_task_switch                          0x00005959   Thumb Code    16  hal_cm.o(i.dbg_task_switch)
    dc_dccnt                                 0x00005969   Thumb Code    26  nrf_de.o(i.dc_dccnt)
    dc_dcdel                                 0x00005991   Thumb Code   164  nrf_de.o(i.dc_dcdel)
    dc_dcgid                                 0x00005a45   Thumb Code   154  nrf_de.o(i.dc_dcgid)
    dc_dcstp                                 0x00005af1   Thumb Code   412  nrf_de.o(i.dc_dcstp)
    dc_dcupd                                 0x00005ca1   Thumb Code    24  nrf_de.o(i.dc_dcupd)
    de_dc_init                               0x00005cc1   Thumb Code    16  nrf_de.o(i.de_dc_init)
    de_dc_thread                             0x00005cd5   Thumb Code   206  nrf_de.o(i.de_dc_thread)
    de_deget                                 0x00005dad   Thumb Code   144  nrf_de.o(i.de_deget)
    de_deset                                 0x00005e45   Thumb Code   120  nrf_de.o(i.de_deset)
    de_destt                                 0x00005ec9   Thumb Code   114  nrf_de.o(i.de_destt)
    device2barcode                           0x00005f49   Thumb Code   118  nrf_de.o(i.device2barcode)
    e2_init                                  0x00005fd1   Thumb Code    92  e2.o(i.e2_init)
    e2_read                                  0x0000603d   Thumb Code    98  e2.o(i.e2_read)
    e2_read_admin_password                   0x000060a9   Thumb Code    14  c_struct.o(i.e2_read_admin_password)
    e2_read_config                           0x000060b7   Thumb Code    16  c_struct.o(i.e2_read_config)
    e2_read_device                           0x000060c7   Thumb Code    20  c_struct.o(i.e2_read_device)
    e2_read_device_contol                    0x000060db   Thumb Code    16  c_struct.o(i.e2_read_device_contol)
    e2_read_string                           0x000060eb   Thumb Code    56  c_struct.o(i.e2_read_string)
    e2_read_wifi_name                        0x00006123   Thumb Code    14  c_struct.o(i.e2_read_wifi_name)
    e2_read_wifi_password                    0x00006131   Thumb Code    14  c_struct.o(i.e2_read_wifi_password)
    e2_write                                 0x00006141   Thumb Code   134  e2.o(i.e2_write)
    e2_write_admin_password                  0x000061d1   Thumb Code    14  c_struct.o(i.e2_write_admin_password)
    e2_write_config                          0x000061df   Thumb Code    16  c_struct.o(i.e2_write_config)
    e2_write_device                          0x000061ef   Thumb Code    20  c_struct.o(i.e2_write_device)
    e2_write_device_contol                   0x00006203   Thumb Code    16  c_struct.o(i.e2_write_device_contol)
    e2_write_string                          0x00006213   Thumb Code    56  c_struct.o(i.e2_write_string)
    e2_write_wifi_name                       0x0000624b   Thumb Code    14  c_struct.o(i.e2_write_wifi_name)
    e2_write_wifi_password                   0x00006259   Thumb Code    14  c_struct.o(i.e2_write_wifi_password)
    esp_clr_buffer                           0x00006267   Thumb Code    46  esp_con.o(i.esp_clr_buffer)
    esp_init                                 0x00006295   Thumb Code    96  esp_con.o(i.esp_init)
    esp_init_boot                            0x00006309   Thumb Code   364  main.o(i.esp_init_boot)
    esp_wait_pass                            0x00006525   Thumb Code    38  esp_con.o(i.esp_wait_pass)
    esp_write                                0x00006551   Thumb Code    84  esp_con.o(i.esp_write)
    esp_write_patch                          0x000065b1   Thumb Code    40  main.o(i.esp_write_patch)
    _fputc$unlocked                          0x000065dd   Thumb Code    26  fputc.o(i.fputc)
    hex2dec                                  0x000065f7   Thumb Code   104  nrf_de.o(i.hex2dec)
    isrMessageGet                            0x0000665f   Thumb Code    42  rt_cmsis.o(i.isrMessageGet)
    isrMessagePut                            0x00006689   Thumb Code    44  rt_cmsis.o(i.isrMessagePut)
    isr_mbx_receive                          0x000066b5   Thumb Code    82  rt_mailbox.o(i.isr_mbx_receive)
    isr_mbx_send                             0x00006707   Thumb Code    14  rt_mailbox.o(i.isr_mbx_send)
    main                                     0x00006715   Thumb Code    66  main.o(i.main)
    nrf_deget_hf                             0x00006771   Thumb Code   268  nrf_hf.o(i.nrf_deget_hf)
    nrf_deset_hf                             0x0000688d   Thumb Code   136  nrf_hf.o(i.nrf_deset_hf)
    nrf_destt_hf                             0x0000691d   Thumb Code    52  nrf_hf.o(i.nrf_destt_hf)
    nrf_enable_rf                            0x00006951   Thumb Code    30  nrf.o(i.nrf_enable_rf)
    nrf_hf_init                              0x0000696f   Thumb Code     8  nrf_hf.o(i.nrf_hf_init)
    nrf_init                                 0x00006979   Thumb Code   230  nrf.o(i.nrf_init)
    nrf_read                                 0x00006a75   Thumb Code   100  nrf.o(i.nrf_read)
    nrf_read_data_disable_os                 0x00006add   Thumb Code    10  nrf.o(i.nrf_read_data_disable_os)
    nrf_read_data_enable_os                  0x00006ae9   Thumb Code    26  nrf.o(i.nrf_read_data_enable_os)
    nrf_read_data_os                         0x00006b09   Thumb Code    38  nrf.o(i.nrf_read_data_os)
    nrf_read_stat                            0x00006b35   Thumb Code    18  nrf.o(i.nrf_read_stat)
    nrf_send_data                            0x00006b49   Thumb Code   100  nrf.o(i.nrf_send_data)
    nrf_set_addr                             0x00006bb1   Thumb Code    28  nrf.o(i.nrf_set_addr)
    nrf_set_mode                             0x00006bcd   Thumb Code    28  nrf.o(i.nrf_set_mode)
    nrf_write                                0x00006be9   Thumb Code   102  nrf.o(i.nrf_write)
    nrf_write_stat                           0x00006c55   Thumb Code    18  nrf.o(i.nrf_write_stat)
    osDelay                                  0x00006c69   Thumb Code    18  rt_cmsis.o(i.osDelay)
    osKernelInitialize                       0x00006c81   Thumb Code    30  rt_cmsis.o(i.osKernelInitialize)
    osKernelStart                            0x00006ca5   Thumb Code    98  rt_cmsis.o(i.osKernelStart)
    osMailAlloc                              0x00006d11   Thumb Code    26  rt_cmsis.o(i.osMailAlloc)
    osMailCreate                             0x00006d31   Thumb Code    38  rt_cmsis.o(i.osMailCreate)
    osMailFree                               0x00006d61   Thumb Code    22  rt_cmsis.o(i.osMailFree)
    osMailGet                                0x00006d7d   Thumb Code    22  rt_cmsis.o(i.osMailGet)
    osMailPut                                0x00006d93   Thumb Code    20  rt_cmsis.o(i.osMailPut)
    osMessageGet                             0x00006da9   Thumb Code    18  rt_cmsis.o(i.osMessageGet)
    osMessagePut                             0x00006dc1   Thumb Code    18  rt_cmsis.o(i.osMessagePut)
    osThreadCreate                           0x00006dd9   Thumb Code    38  rt_cmsis.o(i.osThreadCreate)
    osThreadExit                             0x00006e09   Thumb Code    14  rt_cmsis.o(i.osThreadExit)
    osTimerCall                              0x00006e21   Thumb Code     8  rt_cmsis.o(i.osTimerCall)
    osTimerThread                            0x00006e2d   Thumb Code    38  rt_cmsis.o(i.osTimerThread)
    os_error                                 0x00006e59   Thumb Code    32  rtx_conf_cm.o(i.os_error)
    os_idle_demon                            0x00006e79   Thumb Code     4  rtx_conf_cm.o(i.os_idle_demon)
    os_tick_init                             0x00006e7d   Thumb Code    32  rt_system.o(i.os_tick_init)
    os_tick_irqack                           0x00006ea5   Thumb Code     2  rt_system.o(i.os_tick_irqack)
    rt_alloc_box                             0x00006ea7   Thumb Code    26  rt_membox.o(i.rt_alloc_box)
    rt_alloc_mem                             0x00006ec1   Thumb Code    62  rt_memory.o(i.rt_alloc_mem)
    rt_block                                 0x00006f01   Thumb Code    48  rt_task.o(i.rt_block)
    rt_chk_robin                             0x00006f39   Thumb Code     2  rtx_conf_cm.o(i.rt_chk_robin)
    rt_dec_dly                               0x00006f51   Thumb Code   102  rt_list.o(i.rt_dec_dly)
    rt_dispatch                              0x00006fc1   Thumb Code    60  rt_task.o(i.rt_dispatch)
    rt_dly_wait                              0x00007005   Thumb Code     6  rt_time.o(i.rt_dly_wait)
    rt_evt_psh                               0x0000700d   Thumb Code    76  rt_event.o(i.rt_evt_psh)
    rt_free_box                              0x0000705d   Thumb Code    32  rt_membox.o(i.rt_free_box)
    rt_free_mem                              0x0000707d   Thumb Code    40  rt_memory.o(i.rt_free_mem)
    rt_get_first                             0x000070a5   Thumb Code    40  rt_list.o(i.rt_get_first)
    rt_init_mem                              0x0000711d   Thumb Code    26  rt_memory.o(i.rt_init_mem)
    rt_init_robin                            0x00007137   Thumb Code     2  rtx_conf_cm.o(i.rt_init_robin)
    rt_init_stack                            0x00007139   Thumb Code   118  hal_cm.o(i.rt_init_stack)
    rt_mbx_check                             0x000071b9   Thumb Code     8  rt_mailbox.o(i.rt_mbx_check)
    rt_mbx_init                              0x000071c1   Thumb Code    26  rt_mailbox.o(i.rt_mbx_init)
    rt_mbx_psh                               0x000071dd   Thumb Code   236  rt_mailbox.o(i.rt_mbx_psh)
    rt_mbx_send                              0x000072cd   Thumb Code   148  rt_mailbox.o(i.rt_mbx_send)
    rt_mbx_wait                              0x00007365   Thumb Code   174  rt_mailbox.o(i.rt_mbx_wait)
    rt_mut_init                              0x00007455   Thumb Code    16  rt_mutex.o(i.rt_mut_init)
    rt_mut_release                           0x00007465   Thumb Code   208  rt_mutex.o(i.rt_mut_release)
    rt_mut_wait                              0x0000753d   Thumb Code   100  rt_mutex.o(i.rt_mut_wait)
    rt_pop_req                               0x000075a5   Thumb Code   112  rt_system.o(i.rt_pop_req)
    rt_psh_req                               0x00007621   Thumb Code    22  rt_system.o(i.rt_psh_req)
    rt_psq_enq                               0x00007641   Thumb Code    88  rt_list.o(i.rt_psq_enq)
    rt_put_dly                               0x0000769d   Thumb Code    68  rt_list.o(i.rt_put_dly)
    rt_put_prio                              0x000076e5   Thumb Code    54  rt_list.o(i.rt_put_prio)
    rt_put_rdy_first                         0x0000771d   Thumb Code    14  rt_list.o(i.rt_put_rdy_first)
    rt_resort_prio                           0x00007731   Thumb Code    46  rt_list.o(i.rt_resort_prio)
    rt_ret_val                               0x00007765   Thumb Code     6  hal_cm.o(i.rt_ret_val)
    rt_ret_val2                              0x0000776b   Thumb Code     8  hal_cm.o(i.rt_ret_val2)
    rt_rmv_dly                               0x00007773   Thumb Code    40  rt_list.o(i.rt_rmv_dly)
    rt_rmv_list                              0x0000779d   Thumb Code    44  rt_list.o(i.rt_rmv_list)
    rt_sem_psh                               0x000077cd   Thumb Code    48  rt_semaphore.o(i.rt_sem_psh)
    rt_stk_check                             0x00007801   Thumb Code    28  rt_system.o(i.rt_stk_check)
    rt_switch_req                            0x00007825   Thumb Code    30  rt_task.o(i.rt_switch_req)
    rt_sys_init                              0x0000784d   Thumb Code   138  rt_task.o(i.rt_sys_init)
    rt_sys_start                             0x00007919   Thumb Code   110  rt_task.o(i.rt_sys_start)
    rt_systick                               0x00007991   Thumb Code    50  rt_system.o(i.rt_systick)
    rt_tsk_create                            0x00007a19   Thumb Code   112  rt_task.o(i.rt_tsk_create)
    rt_tsk_delete                            0x00007a99   Thumb Code   342  rt_task.o(i.rt_tsk_delete)
    rt_tsk_prio                              0x00007c0d   Thumb Code   108  rt_task.o(i.rt_tsk_prio)
    rt_tsk_self                              0x00007c89   Thumb Code    12  rt_task.o(i.rt_tsk_self)
    stdout_init                              0x00007c99   Thumb Code    84  stdout_usart.o(i.stdout_init)
    stdout_putchar                           0x00007cf1   Thumb Code    42  stdout_usart.o(i.stdout_putchar)
    svcDelay                                 0x00007d21   Thumb Code    20  rt_cmsis.o(i.svcDelay)
    svcKernelInitialize                      0x00007d35   Thumb Code    80  rt_cmsis.o(i.svcKernelInitialize)
    svcKernelStart                           0x00007da5   Thumb Code    62  rt_cmsis.o(i.svcKernelStart)
    svcMailCreate                            0x00007ded   Thumb Code    66  rt_cmsis.o(i.svcMailCreate)
    svcMessageCreate                         0x00007e2f   Thumb Code    36  rt_cmsis.o(i.svcMessageCreate)
    svcMessageGet                            0x00007e53   Thumb Code    58  rt_cmsis.o(i.svcMessageGet)
    svcMessagePut                            0x00007e8d   Thumb Code    54  rt_cmsis.o(i.svcMessagePut)
    svcThreadCreate                          0x00007ec5   Thumb Code   100  rt_cmsis.o(i.svcThreadCreate)
    svcThreadGetId                           0x00007f35   Thumb Code    22  rt_cmsis.o(i.svcThreadGetId)
    svcThreadTerminate                       0x00007f51   Thumb Code    50  rt_cmsis.o(i.svcThreadTerminate)
    svcTimerCall                             0x00007f89   Thumb Code    24  rt_cmsis.o(i.svcTimerCall)
    sysMailAlloc                             0x00007fa1   Thumb Code   108  rt_cmsis.o(i.sysMailAlloc)
    sysMailFree                              0x00008011   Thumb Code    96  rt_cmsis.o(i.sysMailFree)
    sysTimerTick                             0x00008071   Thumb Code    84  rt_cmsis.o(i.sysTimerTick)
    wifi_respond_f                           0x000080cd   Thumb Code   138  wifi_respond.o(i.wifi_respond_f)
    wifi_respond_init                        0x0000818d   Thumb Code    12  wifi_respond.o(i.wifi_respond_init)
    _get_lc_ctype                            0x0000819d   Thumb Code    44  lc_ctype_c.o(locale$$code)
    os_mailQ_def_wifi_respond_q              0x000081c8   Data          12  cmd_f.o(.constdata)
    os_mailQ_def_advance_option_q            0x000081d4   Data          12  cmd_f.o(.constdata)
    os_mailQ_def_nrf_option_de_dc_q          0x000081e0   Data          12  cmd_f.o(.constdata)
    os_mailQ_def_wm_q                        0x000081ec   Data          12  cmd_f.o(.constdata)
    cmd_saved_strings                        0x000081f8   Data         120  cmd_f.o(.constdata)
    cmd_saved_inf                            0x00008270   Data          80  cmd_f.o(.constdata)
    os_thread_def_wifi_respond_f             0x000082c0   Data          16  wifi_respond.o(.constdata)
    os_thread_def_ESP_res                    0x000082d0   Data          16  esp_con.o(.constdata)
    os_thread_def_de_dc_thread               0x000082e0   Data          14  nrf_de.o(.constdata)
    os_thread_def_co_thread                  0x000082ee   Data          14  co.o(.constdata)
    os_maxtaskrun                            0x000082fc   Data           2  rtx_conf_cm.o(.constdata)
    os_stackinfo                             0x00008300   Data           4  rtx_conf_cm.o(.constdata)
    os_rrobin                                0x00008304   Data           4  rtx_conf_cm.o(.constdata)
    os_tickfreq                              0x00008308   Data           4  rtx_conf_cm.o(.constdata)
    os_tickus_i                              0x0000830c   Data           2  rtx_conf_cm.o(.constdata)
    os_tickus_f                              0x0000830e   Data           2  rtx_conf_cm.o(.constdata)
    os_trv                                   0x00008310   Data           4  rtx_conf_cm.o(.constdata)
    os_flags                                 0x00008314   Data           1  rtx_conf_cm.o(.constdata)
    CMSIS_RTOS_API_Version                   0x00008318   Data           4  rtx_conf_cm.o(.constdata)
    CMSIS_RTOS_RTX_Version                   0x0000831c   Data           4  rtx_conf_cm.o(.constdata)
    os_clockrate                             0x00008320   Data           4  rtx_conf_cm.o(.constdata)
    os_timernum                              0x00008324   Data           4  rtx_conf_cm.o(.constdata)
    mp_tcb_size                              0x00008328   Data           2  rtx_conf_cm.o(.constdata)
    mp_stk_size                              0x0000832c   Data           4  rtx_conf_cm.o(.constdata)
    os_stack_sz                              0x00008330   Data           4  rtx_conf_cm.o(.constdata)
    os_fifo_size                             0x00008334   Data           1  rtx_conf_cm.o(.constdata)
    os_thread_def_osTimerThread              0x00008338   Data          16  rtx_conf_cm.o(.constdata)
    os_messageQ_def_osTimerMessageQ          0x00008348   Data           8  rtx_conf_cm.o(.constdata)
    mp_tmr_size                              0x00008350   Data           2  rtx_conf_cm.o(.constdata)
    Driver_SPI1                              0x0000839c   Data          44  ssp_lpc17xx.o(.constdata)
    Driver_USART0                            0x000085cc   Data          56  uart_lpc17xx.o(.constdata)
    Driver_USART2                            0x00008604   Data          56  uart_lpc17xx.o(.constdata)
    __stdin_name                             0x0000863c   Data           7  retarget_io.o(.constdata)
    __stdout_name                            0x00008643   Data           8  retarget_io.o(.constdata)
    __stderr_name                            0x0000864b   Data           8  retarget_io.o(.constdata)
    Region$$Table$$Base                      0x0000867c   Number         0  anon$$obj.o(Region$$Table)
    Region$$Table$$Limit                     0x0000869c   Number         0  anon$$obj.o(Region$$Table)
    __ctype                                  0x000086a9   Data           0  lc_ctype_c.o(locale$$data)
    wifi_respond_q                           0x10000000   Data           4  cmd_f.o(.data)
    os_mailQ_p_wifi_respond_q                0x10000004   Data           8  cmd_f.o(.data)
    advance_option_q                         0x1000000c   Data           4  cmd_f.o(.data)
    os_mailQ_p_advance_option_q              0x10000010   Data           8  cmd_f.o(.data)
    nrf_option_de_dc_q                       0x10000018   Data           4  cmd_f.o(.data)
    os_mailQ_p_nrf_option_de_dc_q            0x1000001c   Data           8  cmd_f.o(.data)
    wm_q                                     0x10000024   Data           4  cmd_f.o(.data)
    os_mailQ_p_wm_q                          0x10000028   Data           8  cmd_f.o(.data)
    conf                                     0x10000030   Data           4  main.o(.data)
    esp                                      0x10000034   Data           4  esp_con.o(.data)
    esp_stat                                 0x10000038   Data           4  esp_con.o(.data)
    user                                     0x1000003c   Data           6  esp_con.o(.data)
    dc_control                               0x10000042   Data           6  c_struct.o(.data)
    nrf                                      0x10000048   Data           4  nrf.o(.data)
    osThreadId_osTimerThread                 0x1000004c   Data           4  rtx_conf_cm.o(.data)
    osMessageQId_osTimerMessageQ             0x10000050   Data           4  rtx_conf_cm.o(.data)
    os_tmr                                   0x10000054   Data           4  rtx_conf_cm.o(.data)
    m_tmr                                    0x10000058   Data           4  rtx_conf_cm.o(.data)
    os_thread_def_main                       0x10000060   Data          16  rtx_conf_cm.o(.data)
    SystemCoreClock                          0x10000090   Data           4  system_lpc177x_8x.o(.data)
    PeripheralClock                          0x10000094   Data           4  system_lpc177x_8x.o(.data)
    EMCClock                                 0x10000098   Data           4  system_lpc177x_8x.o(.data)
    USBClock                                 0x1000009c   Data           4  system_lpc177x_8x.o(.data)
    os_initialized                           0x100000a0   Data           1  rt_cmsis.o(.data)
    os_running                               0x100000a1   Data           1  rt_cmsis.o(.data)
    os_timer_head                            0x100000a4   Data           4  rt_cmsis.o(.data)
    os_tsk                                   0x100000a8   Data           8  rt_task.o(.data)
    os_tick_irqn                             0x100000b4   Data           4  rt_system.o(.data)
    os_time                                  0x100000b8   Data           4  rt_time.o(.data)
    dbg_msg                                  0x100000bc   Data           1  hal_cm.o(.data)
    __aeabi_stdin                            0x100000c0   Data           4  stdio_streams.o(.data)
    __aeabi_stdout                           0x100000c4   Data           4  stdio_streams.o(.data)
    __aeabi_stderr                           0x100000c8   Data           4  stdio_streams.o(.data)
    _stream_list_lock                        0x100000cc   Data           4  streamlock.o(.data)
    os_mailQ_q_wifi_respond_q                0x100000d0   Data          80  cmd_f.o(.bss)
    os_mailQ_m_wifi_respond_q                0x10000120   Data        1292  cmd_f.o(.bss)
    os_mailQ_q_advance_option_q              0x1000062c   Data          80  cmd_f.o(.bss)
    os_mailQ_m_advance_option_q              0x1000067c   Data        1292  cmd_f.o(.bss)
    os_mailQ_q_nrf_option_de_dc_q            0x10000b88   Data          80  cmd_f.o(.bss)
    os_mailQ_m_nrf_option_de_dc_q            0x10000bd8   Data        1292  cmd_f.o(.bss)
    os_mailQ_q_wm_q                          0x100010e4   Data          80  cmd_f.o(.bss)
    os_mailQ_m_wm_q                          0x10001134   Data        1292  cmd_f.o(.bss)
    wifi_msg                                 0x10001640   Data         120  wifi_respond.o(.bss)
    wifi_msg_data                            0x100016b8   Data         120  wifi_respond.o(.bss)
    cmd_data                                 0x10001730   Data         128  main.o(.bss)
    str0                                     0x100017b0   Data          64  main.o(.bss)
    str1                                     0x100017f0   Data          64  main.o(.bss)
    de                                       0x10001830   Data          64  main.o(.bss)
    res_buffer                               0x10001870   Data        2048  esp_con.o(.bss)
    device                                   0x10002070   Data         396  c_struct.o(.bss)
    mp_tcb                                   0x10002200   Data         584  rtx_conf_cm.o(.bss)
    mp_stk                                   0x10002448   Data       18016  rtx_conf_cm.o(.bss)
    os_stack_mem                             0x10006aa8   Data        3752  rtx_conf_cm.o(.bss)
    os_fifo                                  0x10007950   Data         196  rtx_conf_cm.o(.bss)
    os_active_TCB                            0x10007a14   Data          44  rtx_conf_cm.o(.bss)
    os_messageQ_q_osTimerMessageQ            0x10007a40   Data          32  rtx_conf_cm.o(.bss)
    os_idle_TCB                              0x10008030   Data          52  rt_task.o(.bss)
    os_rdy                                   0x10008064   Data          24  rt_list.o(.bss)
    os_dly                                   0x1000807c   Data          24  rt_list.o(.bss)
    __libspace_start                         0x10008094   Data          96  libspace.o(.bss)
    __stdin                                  0x100080f4   Data          84  stdio_streams.o(.bss)
    __temporary_stack_top$libspace           0x100080f4   Data           0  libspace.o(.bss)
    __stdout                                 0x10008148   Data          84  stdio_streams.o(.bss)
    __stderr                                 0x1000819c   Data          84  stdio_streams.o(.bss)



==============================================================================

Memory Map of the image

  Image Entry point : 0x000000e5

  Load Region LR_IROM1 (Base: 0x00000000, Size: 0x0000887c, Max: 0x00080000, ABSOLUTE)

    Execution Region ER_IROM1 (Base: 0x00000000, Size: 0x000087ac, Max: 0x00080000, ABSOLUTE)

    Base Addr    Size         Type   Attr      Idx    E Section Name        Object

    0x00000000   0x000000e4   Data   RO         1549    RESET               startup_lpc177x_8x.o
    0x000000e4   0x00000008   Code   RO         2890  * !!!main             c_w.l(__main.o)
    0x000000ec   0x00000034   Code   RO         3253    !!!scatter          c_w.l(__scatter.o)
    0x00000120   0x0000001a   Code   RO         3255    !!handler_copy      c_w.l(__scatter_copy.o)
    0x0000013a   0x00000002   PAD
    0x0000013c   0x0000001c   Code   RO         3257    !!handler_zi        c_w.l(__scatter_zi.o)
    0x00000158   0x00000000   Code   RO         2869    .ARM.Collect$$_printf_percent$$00000000  c_w.l(_printf_percent.o)
    0x00000158   0x00000006   Code   RO         2868    .ARM.Collect$$_printf_percent$$00000009  c_w.l(_printf_d.o)
    0x0000015e   0x00000006   Code   RO         2867    .ARM.Collect$$_printf_percent$$0000000C  c_w.l(_printf_x.o)
    0x00000164   0x00000006   Code   RO         2866    .ARM.Collect$$_printf_percent$$00000014  c_w.l(_printf_s.o)
    0x0000016a   0x00000004   Code   RO         2907    .ARM.Collect$$_printf_percent$$00000017  c_w.l(_printf_percent_end.o)
    0x0000016e   0x00000002   Code   RO         3067    .ARM.Collect$$libinit$$00000000  c_w.l(libinit.o)
    0x00000170   0x00000000   Code   RO         3069    .ARM.Collect$$libinit$$00000002  c_w.l(libinit2.o)
    0x00000170   0x00000000   Code   RO         3071    .ARM.Collect$$libinit$$00000004  c_w.l(libinit2.o)
    0x00000170   0x00000008   Code   RO         3072    .ARM.Collect$$libinit$$00000005  c_w.l(libinit2.o)
    0x00000178   0x00000000   Code   RO         3074    .ARM.Collect$$libinit$$0000000A  c_w.l(libinit2.o)
    0x00000178   0x00000000   Code   RO         3076    .ARM.Collect$$libinit$$0000000C  c_w.l(libinit2.o)
    0x00000178   0x00000000   Code   RO         3078    .ARM.Collect$$libinit$$0000000E  c_w.l(libinit2.o)
    0x00000178   0x00000006   Code   RO         3079    .ARM.Collect$$libinit$$0000000F  c_w.l(libinit2.o)
    0x0000017e   0x00000000   Code   RO         3081    .ARM.Collect$$libinit$$00000011  c_w.l(libinit2.o)
    0x0000017e   0x0000000c   Code   RO         3082    .ARM.Collect$$libinit$$00000012  c_w.l(libinit2.o)
    0x0000018a   0x00000000   Code   RO         3083    .ARM.Collect$$libinit$$00000013  c_w.l(libinit2.o)
    0x0000018a   0x00000000   Code   RO         3085    .ARM.Collect$$libinit$$00000015  c_w.l(libinit2.o)
    0x0000018a   0x00000000   Code   RO         3087    .ARM.Collect$$libinit$$00000017  c_w.l(libinit2.o)
    0x0000018a   0x00000000   Code   RO         3089    .ARM.Collect$$libinit$$00000019  c_w.l(libinit2.o)
    0x0000018a   0x00000000   Code   RO         3091    .ARM.Collect$$libinit$$0000001B  c_w.l(libinit2.o)
    0x0000018a   0x00000000   Code   RO         3093    .ARM.Collect$$libinit$$0000001D  c_w.l(libinit2.o)
    0x0000018a   0x00000000   Code   RO         3095    .ARM.Collect$$libinit$$0000001F  c_w.l(libinit2.o)
    0x0000018a   0x00000000   Code   RO         3097    .ARM.Collect$$libinit$$00000021  c_w.l(libinit2.o)
    0x0000018a   0x00000000   Code   RO         3099    .ARM.Collect$$libinit$$00000023  c_w.l(libinit2.o)
    0x0000018a   0x00000004   Code   RO         3100    .ARM.Collect$$libinit$$00000024  c_w.l(libinit2.o)
    0x0000018e   0x00000000   Code   RO         3101    .ARM.Collect$$libinit$$00000025  c_w.l(libinit2.o)
    0x0000018e   0x00000000   Code   RO         3105    .ARM.Collect$$libinit$$0000002C  c_w.l(libinit2.o)
    0x0000018e   0x00000000   Code   RO         3107    .ARM.Collect$$libinit$$0000002E  c_w.l(libinit2.o)
    0x0000018e   0x00000000   Code   RO         3109    .ARM.Collect$$libinit$$00000030  c_w.l(libinit2.o)
    0x0000018e   0x00000000   Code   RO         3111    .ARM.Collect$$libinit$$00000032  c_w.l(libinit2.o)
    0x0000018e   0x00000002   Code   RO         3112    .ARM.Collect$$libinit$$00000033  c_w.l(libinit2.o)
    0x00000190   0x00000002   Code   RO         3113    .ARM.Collect$$libshutdown$$00000000  c_w.l(libshutdown.o)
    0x00000192   0x00000004   Code   RO         3115    .ARM.Collect$$libshutdown$$00000002  c_w.l(libshutdown2.o)
    0x00000196   0x00000000   Code   RO         3116    .ARM.Collect$$libshutdown$$00000003  c_w.l(libshutdown2.o)
    0x00000196   0x00000000   Code   RO         3119    .ARM.Collect$$libshutdown$$00000006  c_w.l(libshutdown2.o)
    0x00000196   0x00000000   Code   RO         3122    .ARM.Collect$$libshutdown$$00000009  c_w.l(libshutdown2.o)
    0x00000196   0x00000000   Code   RO         3124    .ARM.Collect$$libshutdown$$0000000B  c_w.l(libshutdown2.o)
    0x00000196   0x00000000   Code   RO         3127    .ARM.Collect$$libshutdown$$0000000E  c_w.l(libshutdown2.o)
    0x00000196   0x00000002   Code   RO         3128    .ARM.Collect$$libshutdown$$0000000F  c_w.l(libshutdown2.o)
    0x00000198   0x00000000   Code   RO         2892    .ARM.Collect$$rtentry$$00000000  c_w.l(__rtentry.o)
    0x00000198   0x00000000   Code   RO         2927    .ARM.Collect$$rtentry$$00000002  c_w.l(__rtentry2.o)
    0x00000198   0x00000006   Code   RO         2939    .ARM.Collect$$rtentry$$00000004  c_w.l(__rtentry4.o)
    0x0000019e   0x00000000   Code   RO         2929    .ARM.Collect$$rtentry$$00000009  c_w.l(__rtentry2.o)
    0x0000019e   0x00000004   Code   RO         2930    .ARM.Collect$$rtentry$$0000000A  c_w.l(__rtentry2.o)
    0x000001a2   0x00000008   Code   RO         2931    .ARM.Collect$$rtentry$$0000000B  c_w.l(__rtentry2.o)
    0x000001aa   0x00000008   Code   RO         2933    .ARM.Collect$$rtentry$$0000000D  c_w.l(__rtentry2.o)
    0x000001b2   0x00000002   Code   RO         2893    .ARM.Collect$$rtexit$$00000000  c_w.l(rtexit.o)
    0x000001b4   0x00000000   Code   RO         2942    .ARM.Collect$$rtexit$$00000002  c_w.l(rtexit2.o)
    0x000001b4   0x00000004   Code   RO         2943    .ARM.Collect$$rtexit$$00000003  c_w.l(rtexit2.o)
    0x000001b8   0x00000006   Code   RO         2944    .ARM.Collect$$rtexit$$00000004  c_w.l(rtexit2.o)
    0x000001be   0x00000002   PAD
    0x000001c0   0x0000001c   Code   RO          735    .emb_text           rtx_conf_cm.o
    0x000001dc   0x00000000   Code   RO         3197    .emb_text           c_w.l(maybetermalloc1.o)
    0x000001dc   0x00000040   Code   RO         1551    .text               startup_lpc177x_8x.o
    0x0000021c   0x00000008   Code   RO         2810    .text               c_w.l(libspace.o)
    0x00000224   0x0000002c   Code   RO         2815    .text               c_w.l(__2sprintf.o)
    0x00000250   0x00000068   Code   RO         2819    .text               c_w.l(__printf.o)
    0x000002b8   0x0000003c   Code   RO         2870    .text               c_w.l(__0sscanf.o)
    0x000002f4   0x00000006   Code   RO         2888    .text               c_w.l(heapauxi.o)
    0x000002fa   0x00000002   Code   RO         3129    .text               c_w.l(use_no_semi.o)
    0x000002fc   0x00000004   Code   RO         1550    .ARM.__at_0x02FC    startup_lpc177x_8x.o
    0x00000300   0x00000130   Code   RO         2774    .emb_text           RTX_CM3.lib(hal_cm3.o)
    0x00000430   0x000000ee   Code   RO         2813    .text               c_w.l(lludivv7m.o)
    0x0000051e   0x00000052   Code   RO         2821    .text               c_w.l(_printf_str.o)
    0x00000570   0x00000078   Code   RO         2823    .text               c_w.l(_printf_dec.o)
    0x000005e8   0x00000058   Code   RO         2828    .text               c_w.l(_printf_hex_int.o)
    0x00000640   0x0000014c   Code   RO         2872    .text               c_w.l(_scanf_int.o)
    0x0000078c   0x0000000c   Code   RO         2876    .text               c_w.l(exit.o)
    0x00000798   0x00000048   Code   RO         2878    .text               c_w.l(strcpy.o)
    0x000007e0   0x0000008a   Code   RO         2880    .text               c_w.l(rt_memcpy_v6.o)
    0x0000086a   0x00000064   Code   RO         2882    .text               c_w.l(rt_memcpy_w.o)
    0x000008ce   0x0000004e   Code   RO         2884    .text               c_w.l(rt_memclr_w.o)
    0x0000091c   0x00000080   Code   RO         2886    .text               c_w.l(strcmpv7m.o)
    0x0000099c   0x000000b2   Code   RO         2899    .text               c_w.l(_printf_intcommon.o)
    0x00000a4e   0x00000002   PAD
    0x00000a50   0x00000030   Code   RO         2901    .text               c_w.l(_printf_char_common.o)
    0x00000a80   0x0000000a   Code   RO         2903    .text               c_w.l(_sputc.o)
    0x00000a8a   0x0000002c   Code   RO         2905    .text               c_w.l(_printf_char.o)
    0x00000ab6   0x0000001c   Code   RO         2908    .text               c_w.l(_chval.o)
    0x00000ad2   0x00000002   PAD
    0x00000ad4   0x0000002c   Code   RO         2910    .text               c_w.l(scanf_char.o)
    0x00000b00   0x00000040   Code   RO         2912    .text               c_w.l(_sgetc.o)
    0x00000b40   0x00000012   Code   RO         2950    .text               c_w.l(isspace.o)
    0x00000b52   0x00000002   PAD
    0x00000b54   0x00000374   Code   RO         2954    .text               c_w.l(_scanf.o)
    0x00000ec8   0x000001d6   Code   RO         2956    .text               c_w.l(flsbuf.o)
    0x0000109e   0x00000002   PAD
    0x000010a0   0x000001c8   Code   RO         2960    .text               c_w.l(initio_locked.o)
    0x00001268   0x0000000c   Code   RO         2964    .text               c_w.l(sys_exit.o)
    0x00001274   0x0000004a   Code   RO         2966    .text               c_w.l(sys_stackheap_outer.o)
    0x000012be   0x00000002   PAD
    0x000012c0   0x00000010   Code   RO         2968    .text               c_w.l(rt_ctype_table.o)
    0x000012d0   0x0000009e   Code   RO         2978    .text               c_w.l(h1_alloc_mt.o)
    0x0000136e   0x00000076   Code   RO         2980    .text               c_w.l(h1_free_mt.o)
    0x000013e4   0x000000f0   Code   RO         3034    .text               c_w.l(stdio.o)
    0x000014d4   0x0000004c   Code   RO         3041    .text               c_w.l(fclose.o)
    0x00001520   0x00000040   Code   RO         3043    .text               c_w.l(puts_locked.o)
    0x00001560   0x00000068   Code   RO         3045    .text               c_w.l(setvbuf_locked.o)
    0x000015c8   0x00000144   Code   RO         3047    .text               c_w.l(fopen_locked.o)
    0x0000170c   0x0000000e   Code   RO         3055    .text               c_w.l(defsig_rtred_outer.o)
    0x0000171a   0x00000000   Code   RO         3131    .text               c_w.l(indicate_semi.o)
    0x0000171a   0x0000000a   Code   RO         3139    .text               c_w.l(rt_heap_descriptor_twolibspace.o)
    0x00001724   0x0000000a   Code   RO         3146    .text               c_w.l(rt_locale_twolibspace.o)
    0x0000172e   0x00000004   Code   RO         3148    .text               c_w.l(hguard.o)
    0x00001732   0x0000008a   Code   RO         3150    .text               c_w.l(init_alloc.o)
    0x000017bc   0x00000012   Code   RO         3156    .text               c_w.l(h1_init_mt.o)
    0x000017ce   0x00000002   PAD
    0x000017d0   0x000000f8   Code   RO         3172    .text               c_w.l(fseek.o)
    0x000018c8   0x0000000a   Code   RO         3181    .text               c_w.l(defsig_exit.o)
    0x000018d2   0x00000002   PAD
    0x000018d4   0x00000034   Code   RO         3185    .text               c_w.l(defsig_rtred_inner.o)
    0x00001908   0x0000003e   Code   RO         3201    .text               c_w.l(h1_extend_mt.o)
    0x00001946   0x00000042   Code   RO         3203    .text               c_w.l(ftell.o)
    0x00001988   0x00000032   Code   RO         3207    .text               c_w.l(defsig_general.o)
    0x000019ba   0x0000000e   Code   RO         3209    .text               c_w.l(defsig_rtmem_outer.o)
    0x000019c8   0x0000000e   Code   RO         3220    .text               c_w.l(sys_wrch.o)
    0x000019d6   0x00000004   Code   RO         3227    .text               c_w.l(rt_errno_addr_twolibspace.o)
    0x000019da   0x00000002   PAD
    0x000019dc   0x00000050   Code   RO         3231    .text               c_w.l(defsig_rtmem_inner.o)
    0x00001a2c   0x00000004   Code   RO         2805    SVC_TABLE           RTX_CM3.lib(svc_table.o)
    0x00001a30   0x00000020   Code   RO         1372    i.Clear_Channel_active_flag  gpdma_lpc17xx.o
    0x00001a50   0x00000180   Code   RO         1373    i.DMA_IRQHandler    gpdma_lpc17xx.o
    0x00001bd0   0x000002e0   Code   RO          177    i.ESP_res           esp_con.o
    0x00001eb0   0x000000f4   Code   RO         1374    i.GPDMA_ChannelConfigure  gpdma_lpc17xx.o
    0x00001fa4   0x00000030   Code   RO         1375    i.GPDMA_ChannelDisable  gpdma_lpc17xx.o
    0x00001fd4   0x00000030   Code   RO         1377    i.GPDMA_ChannelGetCount  gpdma_lpc17xx.o
    0x00002004   0x000000a0   Code   RO         1379    i.GPDMA_Initialize  gpdma_lpc17xx.o
    0x000020a4   0x00000034   Code   RO         1380    i.GPDMA_PeripheralSelect  gpdma_lpc17xx.o
    0x000020d8   0x00000058   Code   RO         1381    i.GPDMA_Uninitialize  gpdma_lpc17xx.o
    0x00002130   0x00000028   Code   RO         1463    i.GPIO_PinWrite     gpio_lpc17xx.o
    0x00002158   0x00000038   Code   RO         1467    i.GPIO_SetDir       gpio_lpc17xx.o
    0x00002190   0x0000000c   Code   RO          808    i.GetSSPClockFreq   ssp_lpc17xx.o
    0x0000219c   0x0000000c   Code   RO         1010    i.GetUsartClockFreq  uart_lpc17xx.o
    0x000021a8   0x00000018   Code   RO          809    i.NVIC_ClearPendingIRQ  ssp_lpc17xx.o
    0x000021c0   0x00000018   Code   RO         1011    i.NVIC_ClearPendingIRQ  uart_lpc17xx.o
    0x000021d8   0x00000018   Code   RO         1382    i.NVIC_ClearPendingIRQ  gpdma_lpc17xx.o
    0x000021f0   0x00000024   Code   RO         1520    i.PIN_Configure     pin_lpc177x_8x.o
    0x00002214   0x00000018   Code   RO          810    i.SSP1_Control      ssp_lpc17xx.o
    0x0000222c   0x00000014   Code   RO          811    i.SSP1_GPDMA_Rx_SignalEvent  ssp_lpc17xx.o
    0x00002240   0x00000014   Code   RO          812    i.SSP1_GPDMA_Tx_SignalEvent  ssp_lpc17xx.o
    0x00002254   0x00000010   Code   RO          813    i.SSP1_GetDataCount  ssp_lpc17xx.o
    0x00002264   0x00000010   Code   RO          814    i.SSP1_GetStatus    ssp_lpc17xx.o
    0x00002274   0x00000010   Code   RO          815    i.SSP1_IRQHandler   ssp_lpc17xx.o
    0x00002284   0x00000014   Code   RO          816    i.SSP1_Initialize   ssp_lpc17xx.o
    0x00002298   0x00000014   Code   RO          817    i.SSP1_PowerControl  ssp_lpc17xx.o
    0x000022ac   0x00000018   Code   RO          818    i.SSP1_Receive      ssp_lpc17xx.o
    0x000022c4   0x00000018   Code   RO          819    i.SSP1_Send         ssp_lpc17xx.o
    0x000022dc   0x0000001c   Code   RO          820    i.SSP1_Transfer     ssp_lpc17xx.o
    0x000022f8   0x00000010   Code   RO          821    i.SSP1_Uninitialize  ssp_lpc17xx.o
    0x00002308   0x0000000c   Code   RO          822    i.SSP_GetCapabilities  ssp_lpc17xx.o
    0x00002314   0x00000010   Code   RO          823    i.SSP_GetVersion    ssp_lpc17xx.o
    0x00002324   0x0000050c   Code   RO          824    i.SSPx_Control      ssp_lpc17xx.o
    0x00002830   0x00000036   Code   RO          825    i.SSPx_GPDMA_Rx_SignalEvent  ssp_lpc17xx.o
    0x00002866   0x0000001c   Code   RO          826    i.SSPx_GPDMA_Tx_SignalEvent  ssp_lpc17xx.o
    0x00002882   0x0000002c   Code   RO          827    i.SSPx_GetDataCount  ssp_lpc17xx.o
    0x000028ae   0x0000002c   Code   RO          828    i.SSPx_GetStatus    ssp_lpc17xx.o
    0x000028da   0x00000104   Code   RO          829    i.SSPx_IRQHandler   ssp_lpc17xx.o
    0x000029de   0x000000d2   Code   RO          830    i.SSPx_Initialize   ssp_lpc17xx.o
    0x00002ab0   0x00000168   Code   RO          831    i.SSPx_PowerControl  ssp_lpc17xx.o
    0x00002c18   0x0000015c   Code   RO          832    i.SSPx_Receive      ssp_lpc17xx.o
    0x00002d74   0x00000154   Code   RO          833    i.SSPx_Send         ssp_lpc17xx.o
    0x00002ec8   0x00000152   Code   RO          834    i.SSPx_Transfer     ssp_lpc17xx.o
    0x0000301a   0x0000006c   Code   RO          835    i.SSPx_Uninitialize  ssp_lpc17xx.o
    0x00003086   0x00000002   PAD
    0x00003088   0x00000038   Code   RO         1383    i.Set_Channel_active_flag  gpdma_lpc17xx.o
    0x000030c0   0x00000338   Code   RO         1560    i.SystemCoreClockUpdate  system_lpc177x_8x.o
    0x000033f8   0x000000e8   Code   RO         1561    i.SystemInit        system_lpc177x_8x.o
    0x000034e0   0x00000144   Code   RO         1562    i.SystemInit_ExtMemCtl  system_lpc177x_8x.o
    0x00003624   0x00000010   Code   RO         1012    i.UART0_IRQHandler  uart_lpc17xx.o
    0x00003634   0x00000010   Code   RO         1013    i.UART2_IRQHandler  uart_lpc17xx.o
    0x00003644   0x00000018   Code   RO         1014    i.USART0_Control    uart_lpc17xx.o
    0x0000365c   0x00000014   Code   RO         1015    i.USART0_GPDMA_Rx_Event  uart_lpc17xx.o
    0x00003670   0x00000014   Code   RO         1016    i.USART0_GPDMA_Tx_Event  uart_lpc17xx.o
    0x00003684   0x00000010   Code   RO         1017    i.USART0_GetCapabilities  uart_lpc17xx.o
    0x00003694   0x00000010   Code   RO         1018    i.USART0_GetModemStatus  uart_lpc17xx.o
    0x000036a4   0x00000010   Code   RO         1019    i.USART0_GetRxCount  uart_lpc17xx.o
    0x000036b4   0x00000010   Code   RO         1020    i.USART0_GetStatus  uart_lpc17xx.o
    0x000036c4   0x00000010   Code   RO         1021    i.USART0_GetTxCount  uart_lpc17xx.o
    0x000036d4   0x00000014   Code   RO         1022    i.USART0_Initialize  uart_lpc17xx.o
    0x000036e8   0x00000014   Code   RO         1023    i.USART0_PowerControl  uart_lpc17xx.o
    0x000036fc   0x00000018   Code   RO         1024    i.USART0_Receive    uart_lpc17xx.o
    0x00003714   0x00000018   Code   RO         1025    i.USART0_Send       uart_lpc17xx.o
    0x0000372c   0x00000014   Code   RO         1026    i.USART0_SetModemControl  uart_lpc17xx.o
    0x00003740   0x0000001c   Code   RO         1027    i.USART0_Transfer   uart_lpc17xx.o
    0x0000375c   0x00000010   Code   RO         1028    i.USART0_Uninitialize  uart_lpc17xx.o
    0x0000376c   0x00000018   Code   RO         1029    i.USART2_Control    uart_lpc17xx.o
    0x00003784   0x00000014   Code   RO         1030    i.USART2_GPDMA_Rx_Event  uart_lpc17xx.o
    0x00003798   0x00000014   Code   RO         1031    i.USART2_GPDMA_Tx_Event  uart_lpc17xx.o
    0x000037ac   0x00000010   Code   RO         1032    i.USART2_GetCapabilities  uart_lpc17xx.o
    0x000037bc   0x00000010   Code   RO         1033    i.USART2_GetModemStatus  uart_lpc17xx.o
    0x000037cc   0x00000010   Code   RO         1034    i.USART2_GetRxCount  uart_lpc17xx.o
    0x000037dc   0x00000010   Code   RO         1035    i.USART2_GetStatus  uart_lpc17xx.o
    0x000037ec   0x00000010   Code   RO         1036    i.USART2_GetTxCount  uart_lpc17xx.o
    0x000037fc   0x00000014   Code   RO         1037    i.USART2_Initialize  uart_lpc17xx.o
    0x00003810   0x00000014   Code   RO         1038    i.USART2_PowerControl  uart_lpc17xx.o
    0x00003824   0x00000018   Code   RO         1039    i.USART2_Receive    uart_lpc17xx.o
    0x0000383c   0x00000018   Code   RO         1040    i.USART2_Send       uart_lpc17xx.o
    0x00003854   0x00000014   Code   RO         1041    i.USART2_SetModemControl  uart_lpc17xx.o
    0x00003868   0x0000001c   Code   RO         1042    i.USART2_Transfer   uart_lpc17xx.o
    0x00003884   0x00000010   Code   RO         1043    i.USART2_Uninitialize  uart_lpc17xx.o
    0x00003894   0x00000728   Code   RO         1044    i.USART_Control     uart_lpc17xx.o
    0x00003fbc   0x00000086   Code   RO         1045    i.USART_GPDMA_Rx_Event  uart_lpc17xx.o
    0x00004042   0x0000004a   Code   RO         1046    i.USART_GPDMA_Tx_Event  uart_lpc17xx.o
    0x0000408c   0x00000006   Code   RO         1047    i.USART_GetCapabilities  uart_lpc17xx.o
    0x00004092   0x000000b2   Code   RO         1048    i.USART_GetModemStatus  uart_lpc17xx.o
    0x00004144   0x0000001c   Code   RO         1049    i.USART_GetRxCount  uart_lpc17xx.o
    0x00004160   0x0000005e   Code   RO         1050    i.USART_GetStatus   uart_lpc17xx.o
    0x000041be   0x0000001c   Code   RO         1051    i.USART_GetTxCount  uart_lpc17xx.o
    0x000041da   0x00000216   Code   RO         1052    i.USART_IRQHandler  uart_lpc17xx.o
    0x000043f0   0x000000f2   Code   RO         1053    i.USART_Initialize  uart_lpc17xx.o
    0x000044e2   0x00000002   PAD
    0x000044e4   0x000001d4   Code   RO         1054    i.USART_PowerControl  uart_lpc17xx.o
    0x000046b8   0x00000110   Code   RO         1055    i.USART_Receive     uart_lpc17xx.o
    0x000047c8   0x00000068   Code   RO         1056    i.USART_RxLineIntHandler  uart_lpc17xx.o
    0x00004830   0x0000019c   Code   RO         1057    i.USART_Send        uart_lpc17xx.o
    0x000049cc   0x0000036c   Code   RO         1058    i.USART_SetBaudrate  uart_lpc17xx.o
    0x00004d38   0x000000a0   Code   RO         1059    i.USART_SetModemControl  uart_lpc17xx.o
    0x00004dd8   0x0000007a   Code   RO         1060    i.USART_Transfer    uart_lpc17xx.o
    0x00004e52   0x000000b2   Code   RO         1061    i.USART_Uninitialize  uart_lpc17xx.o
    0x00004f04   0x00000010   Code   RO         1062    i.USARTx_GetVersion  uart_lpc17xx.o
    0x00004f14   0x0000002c   Code   RO          736    i.__user_perthread_libspace  rtx_conf_cm.o
    0x00004f40   0x00000046   Code   RO         2673    i._init_box         RTX_CM3.lib(rt_membox.o)
    0x00004f86   0x00000002   PAD
    0x00004f88   0x00000020   Code   RO          737    i._mutex_acquire    rtx_conf_cm.o
    0x00004fa8   0x0000002c   Code   RO          738    i._mutex_initialize  rtx_conf_cm.o
    0x00004fd4   0x0000001c   Code   RO          739    i._mutex_release    rtx_conf_cm.o
    0x00004ff0   0x00000026   Code   RO         1305    i._sys_close        retarget_io.o
    0x00005016   0x00000024   Code   RO         1306    i._sys_flen         retarget_io.o
    0x0000503a   0x00000024   Code   RO         1307    i._sys_istty        retarget_io.o
    0x0000505e   0x00000002   PAD
    0x00005060   0x00000068   Code   RO         1308    i._sys_open         retarget_io.o
    0x000050c8   0x0000002c   Code   RO         1310    i._sys_seek         retarget_io.o
    0x000050f4   0x00000046   Code   RO         1311    i._sys_write        retarget_io.o
    0x0000513a   0x000000b8   Code   RO          560    i.barcode2device    nrf_de.o
    0x000051f2   0x00000002   PAD
    0x000051f4   0x00000038   Code   RO          282    i.c_struct_init     c_struct.o
    0x0000522c   0x0000011c   Code   RO            1    i.cmd_finder        cmd_f.o
    0x00005348   0x00000054   Code   RO            2    i.cmd_init          cmd_f.o
    0x0000539c   0x000000c4   Code   RO            3    i.cmd_pocket_sender  cmd_f.o
    0x00005460   0x00000064   Code   RO            4    i.cmd_search        cmd_f.o
    0x000054c4   0x00000050   Code   RO          653    i.co_cocct          co.o
    0x00005514   0x00000120   Code   RO          654    i.co_coclp          co.o
    0x00005634   0x0000008c   Code   RO          655    i.co_cocwn          co.o
    0x000056c0   0x00000128   Code   RO          656    i.co_cocwp          co.o
    0x000057e8   0x00000074   Code   RO          657    i.co_colgi          co.o
    0x0000585c   0x00000010   Code   RO          658    i.co_init           co.o
    0x0000586c   0x0000009c   Code   RO          659    i.co_thread         co.o
    0x00005908   0x00000030   Code   RO         2726    i.dbg_init          RTX_CM3.lib(hal_cm.o)
    0x00005938   0x00000020   Code   RO         2727    i.dbg_task_notify   RTX_CM3.lib(hal_cm.o)
    0x00005958   0x00000010   Code   RO         2728    i.dbg_task_switch   RTX_CM3.lib(hal_cm.o)
    0x00005968   0x00000028   Code   RO          561    i.dc_dccnt          nrf_de.o
    0x00005990   0x000000b4   Code   RO          562    i.dc_dcdel          nrf_de.o
    0x00005a44   0x000000ac   Code   RO          563    i.dc_dcgid          nrf_de.o
    0x00005af0   0x000001b0   Code   RO          564    i.dc_dcstp          nrf_de.o
    0x00005ca0   0x00000020   Code   RO          565    i.dc_dcupd          nrf_de.o
    0x00005cc0   0x00000014   Code   RO          566    i.de_dc_init        nrf_de.o
    0x00005cd4   0x000000d8   Code   RO          567    i.de_dc_thread      nrf_de.o
    0x00005dac   0x00000098   Code   RO          568    i.de_deget          nrf_de.o
    0x00005e44   0x00000084   Code   RO          569    i.de_deset          nrf_de.o
    0x00005ec8   0x00000080   Code   RO          570    i.de_destt          nrf_de.o
    0x00005f48   0x00000088   Code   RO          571    i.device2barcode    nrf_de.o
    0x00005fd0   0x0000006c   Code   RO          228    i.e2_init           e2.o
    0x0000603c   0x0000006c   Code   RO          229    i.e2_read           e2.o
    0x000060a8   0x0000000e   Code   RO          283    i.e2_read_admin_password  c_struct.o
    0x000060b6   0x00000010   Code   RO          284    i.e2_read_config    c_struct.o
    0x000060c6   0x00000014   Code   RO          285    i.e2_read_device    c_struct.o
    0x000060da   0x00000010   Code   RO          286    i.e2_read_device_contol  c_struct.o
    0x000060ea   0x00000038   Code   RO          287    i.e2_read_string    c_struct.o
    0x00006122   0x0000000e   Code   RO          288    i.e2_read_wifi_name  c_struct.o
    0x00006130   0x0000000e   Code   RO          289    i.e2_read_wifi_password  c_struct.o
    0x0000613e   0x00000002   PAD
    0x00006140   0x00000090   Code   RO          230    i.e2_write          e2.o
    0x000061d0   0x0000000e   Code   RO          290    i.e2_write_admin_password  c_struct.o
    0x000061de   0x00000010   Code   RO          291    i.e2_write_config   c_struct.o
    0x000061ee   0x00000014   Code   RO          292    i.e2_write_device   c_struct.o
    0x00006202   0x00000010   Code   RO          293    i.e2_write_device_contol  c_struct.o
    0x00006212   0x00000038   Code   RO          294    i.e2_write_string   c_struct.o
    0x0000624a   0x0000000e   Code   RO          295    i.e2_write_wifi_name  c_struct.o
    0x00006258   0x0000000e   Code   RO          296    i.e2_write_wifi_password  c_struct.o
    0x00006266   0x0000002e   Code   RO          178    i.esp_clr_buffer    esp_con.o
    0x00006294   0x00000074   Code   RO          179    i.esp_init          esp_con.o
    0x00006308   0x0000021c   Code   RO           91    i.esp_init_boot     main.o
    0x00006524   0x0000002c   Code   RO          180    i.esp_wait_pass     esp_con.o
    0x00006550   0x00000060   Code   RO          181    i.esp_write         esp_con.o
    0x000065b0   0x0000002c   Code   RO           92    i.esp_write_patch   main.o
    0x000065dc   0x0000001a   Code   RO         2915    i.fputc             c_w.l(fputc.o)
    0x000065f6   0x00000068   Code   RO          572    i.hex2dec           nrf_de.o
    0x0000665e   0x0000002a   Code   RO         1607    i.isrMessageGet     RTX_CM3.lib(rt_cmsis.o)
    0x00006688   0x0000002c   Code   RO         1608    i.isrMessagePut     RTX_CM3.lib(rt_cmsis.o)
    0x000066b4   0x00000052   Code   RO         2549    i.isr_mbx_receive   RTX_CM3.lib(rt_mailbox.o)
    0x00006706   0x0000000e   Code   RO         2550    i.isr_mbx_send      RTX_CM3.lib(rt_mailbox.o)
    0x00006714   0x0000005c   Code   RO           93    i.main              main.o
    0x00006770   0x0000011c   Code   RO          513    i.nrf_deget_hf      nrf_hf.o
    0x0000688c   0x00000090   Code   RO          514    i.nrf_deset_hf      nrf_hf.o
    0x0000691c   0x00000034   Code   RO          515    i.nrf_destt_hf      nrf_hf.o
    0x00006950   0x0000001e   Code   RO          404    i.nrf_enable_rf     nrf.o
    0x0000696e   0x00000008   Code   RO          516    i.nrf_hf_init       nrf_hf.o
    0x00006976   0x00000002   PAD
    0x00006978   0x000000fc   Code   RO          405    i.nrf_init          nrf.o
    0x00006a74   0x00000068   Code   RO          406    i.nrf_read          nrf.o
    0x00006adc   0x0000000a   Code   RO          408    i.nrf_read_data_disable_os  nrf.o
    0x00006ae6   0x00000002   PAD
    0x00006ae8   0x00000020   Code   RO          409    i.nrf_read_data_enable_os  nrf.o
    0x00006b08   0x0000002c   Code   RO          410    i.nrf_read_data_os  nrf.o
    0x00006b34   0x00000012   Code   RO          411    i.nrf_read_stat     nrf.o
    0x00006b46   0x00000002   PAD
    0x00006b48   0x00000068   Code   RO          412    i.nrf_send_data     nrf.o
    0x00006bb0   0x0000001c   Code   RO          413    i.nrf_set_addr      nrf.o
    0x00006bcc   0x0000001c   Code   RO          414    i.nrf_set_mode      nrf.o
    0x00006be8   0x0000006c   Code   RO          415    i.nrf_write         nrf.o
    0x00006c54   0x00000012   Code   RO          416    i.nrf_write_stat    nrf.o
    0x00006c66   0x00000002   PAD
    0x00006c68   0x00000018   Code   RO         1611    i.osDelay           RTX_CM3.lib(rt_cmsis.o)
    0x00006c80   0x00000024   Code   RO         1612    i.osKernelInitialize  RTX_CM3.lib(rt_cmsis.o)
    0x00006ca4   0x0000006c   Code   RO         1614    i.osKernelStart     RTX_CM3.lib(rt_cmsis.o)
    0x00006d10   0x00000020   Code   RO         1616    i.osMailAlloc       RTX_CM3.lib(rt_cmsis.o)
    0x00006d30   0x00000030   Code   RO         1618    i.osMailCreate      RTX_CM3.lib(rt_cmsis.o)
    0x00006d60   0x0000001c   Code   RO         1619    i.osMailFree        RTX_CM3.lib(rt_cmsis.o)
    0x00006d7c   0x00000016   Code   RO         1620    i.osMailGet         RTX_CM3.lib(rt_cmsis.o)
    0x00006d92   0x00000014   Code   RO         1621    i.osMailPut         RTX_CM3.lib(rt_cmsis.o)
    0x00006da6   0x00000002   PAD
    0x00006da8   0x00000018   Code   RO         1623    i.osMessageGet      RTX_CM3.lib(rt_cmsis.o)
    0x00006dc0   0x00000018   Code   RO         1624    i.osMessagePut      RTX_CM3.lib(rt_cmsis.o)
    0x00006dd8   0x00000030   Code   RO         1640    i.osThreadCreate    RTX_CM3.lib(rt_cmsis.o)
    0x00006e08   0x00000018   Code   RO         1641    i.osThreadExit      RTX_CM3.lib(rt_cmsis.o)
    0x00006e20   0x0000000c   Code   RO         1647    i.osTimerCall       RTX_CM3.lib(rt_cmsis.o)
    0x00006e2c   0x0000002c   Code   RO         1652    i.osTimerThread     RTX_CM3.lib(rt_cmsis.o)
    0x00006e58   0x00000020   Code   RO          740    i.os_error          rtx_conf_cm.o
    0x00006e78   0x00000004   Code   RO          741    i.os_idle_demon     rtx_conf_cm.o
    0x00006e7c   0x00000028   Code   RO         2341    i.os_tick_init      RTX_CM3.lib(rt_system.o)
    0x00006ea4   0x00000002   Code   RO         2342    i.os_tick_irqack    RTX_CM3.lib(rt_system.o)
    0x00006ea6   0x0000001a   Code   RO         2674    i.rt_alloc_box      RTX_CM3.lib(rt_membox.o)
    0x00006ec0   0x0000003e   Code   RO         2702    i.rt_alloc_mem      RTX_CM3.lib(rt_memory.o)
    0x00006efe   0x00000002   PAD
    0x00006f00   0x00000038   Code   RO         2226    i.rt_block          RTX_CM3.lib(rt_task.o)
    0x00006f38   0x00000002   Code   RO          742    i.rt_chk_robin      rtx_conf_cm.o
    0x00006f3a   0x00000014   Code   RO         1656    i.rt_clr_box        RTX_CM3.lib(rt_cmsis.o)
    0x00006f4e   0x00000002   PAD
    0x00006f50   0x00000070   Code   RO         2473    i.rt_dec_dly        RTX_CM3.lib(rt_list.o)
    0x00006fc0   0x00000044   Code   RO         2227    i.rt_dispatch       RTX_CM3.lib(rt_task.o)
    0x00007004   0x00000006   Code   RO         2639    i.rt_dly_wait       RTX_CM3.lib(rt_time.o)
    0x0000700a   0x00000002   PAD
    0x0000700c   0x00000050   Code   RO         2434    i.rt_evt_psh        RTX_CM3.lib(rt_event.o)
    0x0000705c   0x00000020   Code   RO         2675    i.rt_free_box       RTX_CM3.lib(rt_membox.o)
    0x0000707c   0x00000028   Code   RO         2703    i.rt_free_mem       RTX_CM3.lib(rt_memory.o)
    0x000070a4   0x00000028   Code   RO         2474    i.rt_get_first      RTX_CM3.lib(rt_list.o)
    0x000070cc   0x00000008   Code   RO         1657    i.rt_id2obj         RTX_CM3.lib(rt_cmsis.o)
    0x000070d4   0x00000048   Code   RO         2228    i.rt_init_context   RTX_CM3.lib(rt_task.o)
    0x0000711c   0x0000001a   Code   RO         2704    i.rt_init_mem       RTX_CM3.lib(rt_memory.o)
    0x00007136   0x00000002   Code   RO          743    i.rt_init_robin     rtx_conf_cm.o
    0x00007138   0x00000080   Code   RO         2729    i.rt_init_stack     RTX_CM3.lib(hal_cm.o)
    0x000071b8   0x00000008   Code   RO         2551    i.rt_mbx_check      RTX_CM3.lib(rt_mailbox.o)
    0x000071c0   0x0000001a   Code   RO         2552    i.rt_mbx_init       RTX_CM3.lib(rt_mailbox.o)
    0x000071da   0x00000002   PAD
    0x000071dc   0x000000f0   Code   RO         2553    i.rt_mbx_psh        RTX_CM3.lib(rt_mailbox.o)
    0x000072cc   0x00000098   Code   RO         2554    i.rt_mbx_send       RTX_CM3.lib(rt_mailbox.o)
    0x00007364   0x000000b4   Code   RO         2555    i.rt_mbx_wait       RTX_CM3.lib(rt_mailbox.o)
    0x00007418   0x0000003c   Code   RO         1658    i.rt_ms2tick        RTX_CM3.lib(rt_cmsis.o)
    0x00007454   0x00000010   Code   RO         2311    i.rt_mut_init       RTX_CM3.lib(rt_mutex.o)
    0x00007464   0x000000d8   Code   RO         2312    i.rt_mut_release    RTX_CM3.lib(rt_mutex.o)
    0x0000753c   0x00000068   Code   RO         2313    i.rt_mut_wait       RTX_CM3.lib(rt_mutex.o)
    0x000075a4   0x0000007c   Code   RO         2345    i.rt_pop_req        RTX_CM3.lib(rt_system.o)
    0x00007620   0x00000020   Code   RO         2346    i.rt_psh_req        RTX_CM3.lib(rt_system.o)
    0x00007640   0x0000005c   Code   RO         2476    i.rt_psq_enq        RTX_CM3.lib(rt_list.o)
    0x0000769c   0x00000048   Code   RO         2477    i.rt_put_dly        RTX_CM3.lib(rt_list.o)
    0x000076e4   0x00000036   Code   RO         2478    i.rt_put_prio       RTX_CM3.lib(rt_list.o)
    0x0000771a   0x00000002   PAD
    0x0000771c   0x00000014   Code   RO         2479    i.rt_put_rdy_first  RTX_CM3.lib(rt_list.o)
    0x00007730   0x00000034   Code   RO         2480    i.rt_resort_prio    RTX_CM3.lib(rt_list.o)
    0x00007764   0x00000006   Code   RO         2730    i.rt_ret_val        RTX_CM3.lib(hal_cm.o)
    0x0000776a   0x00000008   Code   RO         2731    i.rt_ret_val2       RTX_CM3.lib(hal_cm.o)
    0x00007772   0x00000028   Code   RO         2481    i.rt_rmv_dly        RTX_CM3.lib(rt_list.o)
    0x0000779a   0x00000002   PAD
    0x0000779c   0x00000030   Code   RO         2482    i.rt_rmv_list       RTX_CM3.lib(rt_list.o)
    0x000077cc   0x00000034   Code   RO         2600    i.rt_sem_psh        RTX_CM3.lib(rt_semaphore.o)
    0x00007800   0x00000024   Code   RO         2348    i.rt_stk_check      RTX_CM3.lib(rt_system.o)
    0x00007824   0x00000028   Code   RO         2229    i.rt_switch_req     RTX_CM3.lib(rt_task.o)
    0x0000784c   0x000000cc   Code   RO         2230    i.rt_sys_init       RTX_CM3.lib(rt_task.o)
    0x00007918   0x00000078   Code   RO         2231    i.rt_sys_start      RTX_CM3.lib(rt_task.o)
    0x00007990   0x00000040   Code   RO         2350    i.rt_systick        RTX_CM3.lib(rt_system.o)
    0x000079d0   0x00000012   Code   RO         1659    i.rt_tid2ptcb       RTX_CM3.lib(rt_cmsis.o)
    0x000079e2   0x00000002   PAD
    0x000079e4   0x00000034   Code   RO         1660    i.rt_timer_insert   RTX_CM3.lib(rt_cmsis.o)
    0x00007a18   0x00000080   Code   RO         2232    i.rt_tsk_create     RTX_CM3.lib(rt_task.o)
    0x00007a98   0x00000174   Code   RO         2233    i.rt_tsk_delete     RTX_CM3.lib(rt_task.o)
    0x00007c0c   0x0000007c   Code   RO         2235    i.rt_tsk_prio       RTX_CM3.lib(rt_task.o)
    0x00007c88   0x00000010   Code   RO         2236    i.rt_tsk_self       RTX_CM3.lib(rt_task.o)
    0x00007c98   0x00000058   Code   RO          149    i.stdout_init       stdout_usart.o
    0x00007cf0   0x00000030   Code   RO          150    i.stdout_putchar    stdout_usart.o
    0x00007d20   0x00000014   Code   RO         1662    i.svcDelay          RTX_CM3.lib(rt_cmsis.o)
    0x00007d34   0x00000070   Code   RO         1663    i.svcKernelInitialize  RTX_CM3.lib(rt_cmsis.o)
    0x00007da4   0x00000048   Code   RO         1665    i.svcKernelStart    RTX_CM3.lib(rt_cmsis.o)
    0x00007dec   0x00000042   Code   RO         1667    i.svcMailCreate     RTX_CM3.lib(rt_cmsis.o)
    0x00007e2e   0x00000024   Code   RO         1668    i.svcMessageCreate  RTX_CM3.lib(rt_cmsis.o)
    0x00007e52   0x0000003a   Code   RO         1669    i.svcMessageGet     RTX_CM3.lib(rt_cmsis.o)
    0x00007e8c   0x00000036   Code   RO         1670    i.svcMessagePut     RTX_CM3.lib(rt_cmsis.o)
    0x00007ec2   0x00000002   PAD
    0x00007ec4   0x00000070   Code   RO         1683    i.svcThreadCreate   RTX_CM3.lib(rt_cmsis.o)
    0x00007f34   0x0000001c   Code   RO         1684    i.svcThreadGetId    RTX_CM3.lib(rt_cmsis.o)
    0x00007f50   0x00000038   Code   RO         1687    i.svcThreadTerminate  RTX_CM3.lib(rt_cmsis.o)
    0x00007f88   0x00000018   Code   RO         1689    i.svcTimerCall      RTX_CM3.lib(rt_cmsis.o)
    0x00007fa0   0x00000070   Code   RO         1694    i.sysMailAlloc      RTX_CM3.lib(rt_cmsis.o)
    0x00008010   0x00000060   Code   RO         1695    i.sysMailFree       RTX_CM3.lib(rt_cmsis.o)
    0x00008070   0x0000005c   Code   RO         1698    i.sysTimerTick      RTX_CM3.lib(rt_cmsis.o)
    0x000080cc   0x000000c0   Code   RO           61    i.wifi_respond_f    wifi_respond.o
    0x0000818c   0x00000010   Code   RO           62    i.wifi_respond_init  wifi_respond.o
    0x0000819c   0x0000002c   Code   RO         3179    locale$$code        c_w.l(lc_ctype_c.o)
    0x000081c8   0x000000f8   Data   RO            6    .constdata          cmd_f.o
    0x000082c0   0x00000010   Data   RO           64    .constdata          wifi_respond.o
    0x000082d0   0x00000010   Data   RO          183    .constdata          esp_con.o
    0x000082e0   0x0000000e   Data   RO          573    .constdata          nrf_de.o
    0x000082ee   0x0000000e   Data   RO          660    .constdata          co.o
    0x000082fc   0x00000056   Data   RO          745    .constdata          rtx_conf_cm.o
    0x00008352   0x00000002   PAD
    0x00008354   0x00000074   Data   RO          837    .constdata          ssp_lpc17xx.o
    0x000083c8   0x00000274   Data   RO         1064    .constdata          uart_lpc17xx.o
    0x0000863c   0x00000017   Data   RO         1312    .constdata          retarget_io.o
    0x00008653   0x00000028   Data   RO         2829    .constdata          c_w.l(_printf_hex_int.o)
    0x0000867b   0x00000001   PAD
    0x0000867c   0x00000020   Data   RO         3251    Region$$Table       anon$$obj.o
    0x0000869c   0x00000110   Data   RO         3178    locale$$data        c_w.l(lc_ctype_c.o)


    Execution Region RW_IRAM1 (Base: 0x10000000, Size: 0x0000c1f0, Max: 0x00010000, ABSOLUTE)

    Base Addr    Size         Type   Attr      Idx    E Section Name        Object

    0x10000000   0x00000030   Data   RW            7    .data               cmd_f.o
    0x10000030   0x00000004   Data   RW           95    .data               main.o
    0x10000034   0x0000000e   Data   RW          184    .data               esp_con.o
    0x10000042   0x00000006   Data   RW          298    .data               c_struct.o
    0x10000048   0x00000004   Data   RW          417    .data               nrf.o
    0x1000004c   0x00000024   Data   RW          746    .data               rtx_conf_cm.o
    0x10000070   0x00000010   Data   RW          838    .data               ssp_lpc17xx.o
    0x10000080   0x00000008   Data   RW         1065    .data               uart_lpc17xx.o
    0x10000088   0x00000008   Data   RW         1385    .data               gpdma_lpc17xx.o
    0x10000090   0x00000010   Data   RW         1564    .data               system_lpc177x_8x.o
    0x100000a0   0x00000008   Data   RW         1701    .data               RTX_CM3.lib(rt_cmsis.o)
    0x100000a8   0x00000008   Data   RW         2238    .data               RTX_CM3.lib(rt_task.o)
    0x100000b0   0x00000008   Data   RW         2353    .data               RTX_CM3.lib(rt_system.o)
    0x100000b8   0x00000004   Data   RW         2643    .data               RTX_CM3.lib(rt_time.o)
    0x100000bc   0x00000001   Data   RW         2732    .data               RTX_CM3.lib(hal_cm.o)
    0x100000bd   0x00000003   PAD
    0x100000c0   0x00000004   Data   RW         2921    .data               c_w.l(stdio_streams.o)
    0x100000c4   0x00000004   Data   RW         2922    .data               c_w.l(stdio_streams.o)
    0x100000c8   0x00000004   Data   RW         2923    .data               c_w.l(stdio_streams.o)
    0x100000cc   0x00000004   Data   RW         3038    .data               c_w.l(streamlock.o)
    0x100000d0   0x00001570   Zero   RW            5    .bss                cmd_f.o
    0x10001640   0x000000f0   Zero   RW           63    .bss                wifi_respond.o
    0x10001730   0x00000140   Zero   RW           94    .bss                main.o
    0x10001870   0x00000800   Zero   RW          182    .bss                esp_con.o
    0x10002070   0x0000018c   Zero   RW          297    .bss                c_struct.o
    0x100021fc   0x00000004   PAD
    0x10002200   0x00005d00   Zero   RW          744    .bss                rtx_conf_cm.o
    0x10007f00   0x00000028   Zero   RW          836    .bss                ssp_lpc17xx.o
    0x10007f28   0x00000068   Zero   RW         1063    .bss                uart_lpc17xx.o
    0x10007f90   0x000000a0   Zero   RW         1384    .bss                gpdma_lpc17xx.o
    0x10008030   0x00000034   Zero   RW         2237    .bss                RTX_CM3.lib(rt_task.o)
    0x10008064   0x00000030   Zero   RW         2483    .bss                RTX_CM3.lib(rt_list.o)
    0x10008094   0x00000060   Zero   RW         2811    .bss                c_w.l(libspace.o)
    0x100080f4   0x00000054   Zero   RW         2918    .bss                c_w.l(stdio_streams.o)
    0x10008148   0x00000054   Zero   RW         2919    .bss                c_w.l(stdio_streams.o)
    0x1000819c   0x00000054   Zero   RW         2920    .bss                c_w.l(stdio_streams.o)
    0x100081f0   0x00002000   Zero   RW         1548    HEAP                startup_lpc177x_8x.o
    0x1000a1f0   0x00002000   Zero   RW         1547    STACK               startup_lpc177x_8x.o


==============================================================================

Image component sizes


      Code (inc. data)   RO Data    RW Data    ZI Data      Debug   Object Name

       356         12          0          6        396       8755   c_struct.o
       664         72        248         48       5488      14325   cmd_f.o
      1092         86         14          0          0       5111   co.o
       360         36          0          0          0       1815   e2.o
      1038         62         16         14       2048      10603   esp_con.o
      1136         94          0          8        160       7918   gpdma_lpc17xx.o
        96          8          0          0          0       1202   gpio_lpc17xx.o
       676        212          0          4        320       3862   main.o
       776         48          0          4          0      10433   nrf.o
      1928        148         14          0          0       8497   nrf_de.o
       488         24          0          0          0       8827   nrf_hf.o
        36          4          0          0          0        656   pin_lpc177x_8x.o
       328         24         23          0          0       5002   retarget_io.o
       216         48         86         36      23808      11158   rtx_conf_cm.o
      3734        106        116         16         40      76863   ssp_lpc17xx.o
        68         30        228          0      16384       1024   startup_lpc177x_8x.o
       136         10          0          0          0       7799   stdout_usart.o
      1380         70          0         16          0       2436   system_lpc177x_8x.o
      6418        238        628          8        104      41480   uart_lpc17xx.o
       208         58         16          0        240       3257   wifi_respond.o

    ----------------------------------------------------------------------
     21152       1390       1423        160      48992     231023   Object Totals
         0          0         32          0          0          0   (incl. Generated)
        18          0          2          0          4          0   (incl. Padding)

    ----------------------------------------------------------------------

      Code (inc. data)   RO Data    RW Data    ZI Data      Debug   Library Member Name

       238         24          0          1          0       2968   hal_cm.o
       304         36          0          0          0        760   hal_cm3.o
      1676        178          0          8          0      35977   rt_cmsis.o
        80          4          0          0          0        565   rt_event.o
       530         34          0          0         48       7333   rt_list.o
       702         14          0          0          0       4043   rt_mailbox.o
       128          0          0          0          0       1677   rt_membox.o
       128          0          0          0          0       2059   rt_memory.o
       336         12          0          0          0       1825   rt_mutex.o
        52          4          0          0          0        509   rt_semaphore.o
       298         52          0          8          0       5951   rt_system.o
      1200        174          0          8         52       8773   rt_task.o
         6          0          0          4          0        620   rt_time.o
         4          4          0          0          0        200   svc_table.o
        60          8          0          0          0         84   __0sscanf.o
        44          6          0          0          0         84   __2sprintf.o
         8          0          0          0          0         68   __main.o
       104          0          0          0          0         84   __printf.o
         0          0          0          0          0          0   __rtentry.o
        20          0          0          0          0          0   __rtentry2.o
         6          0          0          0          0          0   __rtentry4.o
        52          8          0          0          0          0   __scatter.o
        26          0          0          0          0          0   __scatter_copy.o
        28          0          0          0          0          0   __scatter_zi.o
        28          0          0          0          0         68   _chval.o
        44          0          0          0          0        108   _printf_char.o
        48          6          0          0          0         96   _printf_char_common.o
         6          0          0          0          0          0   _printf_d.o
       120         16          0          0          0         92   _printf_dec.o
        88          4         40          0          0         88   _printf_hex_int.o
       178          0          0          0          0         88   _printf_intcommon.o
         0          0          0          0          0          0   _printf_percent.o
         4          0          0          0          0          0   _printf_percent_end.o
         6          0          0          0          0          0   _printf_s.o
        82          0          0          0          0         80   _printf_str.o
         6          0          0          0          0          0   _printf_x.o
       884          6          0          0          0        100   _scanf.o
       332          0          0          0          0         96   _scanf_int.o
        64          0          0          0          0         84   _sgetc.o
        10          0          0          0          0         68   _sputc.o
        10          0          0          0          0         68   defsig_exit.o
        50          0          0          0          0         88   defsig_general.o
        80         58          0          0          0         76   defsig_rtmem_inner.o
        14          0          0          0          0         80   defsig_rtmem_outer.o
        52         38          0          0          0         76   defsig_rtred_inner.o
        14          0          0          0          0         80   defsig_rtred_outer.o
        12          0          0          0          0         72   exit.o
        76          0          0          0          0         88   fclose.o
       470          0          0          0          0         88   flsbuf.o
       324          8          0          0          0        152   fopen_locked.o
        26          0          0          0          0         68   fputc.o
       248          6          0          0          0         84   fseek.o
        66          0          0          0          0         76   ftell.o
       158          0          0          0          0        128   h1_alloc_mt.o
        62          0          0          0          0         80   h1_extend_mt.o
       118          0          0          0          0        108   h1_free_mt.o
        18          0          0          0          0         84   h1_init_mt.o
         6          0          0          0          0        152   heapauxi.o
         4          0          0          0          0        136   hguard.o
         0          0          0          0          0          0   indicate_semi.o
       138          0          0          0          0        168   init_alloc.o
       456         48          0          0          0        116   initio_locked.o
        18          0          0          0          0         76   isspace.o
        44         10        272          0          0         76   lc_ctype_c.o
         2          0          0          0          0          0   libinit.o
        32          0          0          0          0          0   libinit2.o
         2          0          0          0          0          0   libshutdown.o
         6          0          0          0          0          0   libshutdown2.o
         8          4          0          0         96         68   libspace.o
       238          0          0          0          0        100   lludivv7m.o
         0          0          0          0          0          0   maybetermalloc1.o
        64          6          0          0          0         80   puts_locked.o
        16          4          0          0          0         76   rt_ctype_table.o
         4          0          0          0          0         68   rt_errno_addr_twolibspace.o
        10          0          0          0          0         76   rt_heap_descriptor_twolibspace.o
        10          0          0          0          0         76   rt_locale_twolibspace.o
        78          0          0          0          0         80   rt_memclr_w.o
       138          0          0          0          0         68   rt_memcpy_v6.o
       100          0          0          0          0         80   rt_memcpy_w.o
         2          0          0          0          0          0   rtexit.o
        10          0          0          0          0          0   rtexit2.o
        44          8          0          0          0         84   scanf_char.o
       104          0          0          0          0         88   setvbuf_locked.o
       240          6          0          0          0        156   stdio.o
         0          0          0         12        252          0   stdio_streams.o
       128          0          0          0          0         68   strcmpv7m.o
        72          0          0          0          0         80   strcpy.o
         0          0          0          4          0          0   streamlock.o
        12          4          0          0          0         68   sys_exit.o
        74          0          0          0          0         80   sys_stackheap_outer.o
        14          0          0          0          0         76   sys_wrch.o
         2          0          0          0          0         68   use_no_semi.o

    ----------------------------------------------------------------------
     11844        790        313         48        448      78308   Library Totals
        40          0          1          3          0          0   (incl. Padding)

    ----------------------------------------------------------------------

      Code (inc. data)   RO Data    RW Data    ZI Data      Debug   Library Name

      5682        536          0         29        100      73260   RTX_CM3.lib
      6122        254        312         16        348       5048   c_w.l

    ----------------------------------------------------------------------
     11844        790        313         48        448      78308   Library Totals

    ----------------------------------------------------------------------

==============================================================================


      Code (inc. data)   RO Data    RW Data    ZI Data      Debug   

     32996       2180       1736        208      49440     292999   Grand Totals
     32996       2180       1736        208      49440     292999   ELF Image Totals
     32996       2180       1736        208          0          0   ROM Totals

==============================================================================

    Total RO  Size (Code + RO Data)                34732 (  33.92kB)
    Total RW  Size (RW Data + ZI Data)             49648 (  48.48kB)
    Total ROM Size (Code + RO Data + RW Data)      34940 (  34.12kB)

==============================================================================

