Component: ARM Compiler 5.06 update 5 (build 528) Tool: armlink [4d35e2]

==============================================================================

Section Cross References

    0.o(i.download_image) refers to download_img.o(i.download) for download
    0.o(i.download_image) refers to foramt.o(.data) for format
    0.o(i.format_image) refers to menu.o(i.menu_create) for menu_create
    0.o(i.format_image) refers to menu.o(i.menu_update) for menu_update
    0.o(i.format_image) refers to 0.o(.bss) for .bss
    0.o(i.format_image) refers to 0.o(.data) for .data
    0.o(i.format_image_back) refers to 0.o(.data) for .data
    0.o(i.main) refers to _printf_percent.o(.ARM.Collect$$_printf_percent$$00000000) for _printf_percent
    0.o(i.main) refers to _printf_x.o(.ARM.Collect$$_printf_percent$$0000000C) for _printf_x
    0.o(i.main) refers to _printf_hex_int.o(.text) for _printf_longlong_hex
    0.o(i.main) refers to gpdma_lpc17xx.o(i.GPDMA_Initialize) for GPDMA_Initialize
    0.o(i.main) refers to lcd.o(i.lcd_init) for lcd_init
    0.o(i.main) refers to gui_core.o(i.GUI_Init) for GUI_Init
    0.o(i.main) refers to lcd.o(i.lcd_update) for lcd_update
    0.o(i.main) refers to nrf.o(i.nrf_init) for nrf_init
    0.o(i.main) refers to foramt.o(i.image_format_init) for image_format_init
    0.o(i.main) refers to menu.o(i.menu_create) for menu_create
    0.o(i.main) refers to menu.o(i.menu_update) for menu_update
    0.o(i.main) refers to noretval__2sprintf.o(.text) for __2sprintf
    0.o(i.main) refers to 0.o(.bss) for .bss
    0.o(i.main) refers to 0.o(i.input_read) for input_read
    0.o(i.main) refers to 0.o(.data) for .data
    0.o(i.main) refers to 0.o(i.download_image) for download_image
    0.o(i.main) refers to 0.o(i.format_image) for format_image
    0.o(i.main) refers to 0.o(i.select_transmitter) for select_transmitter
    0.o(i.main) refers to serach_sender.o(i.search_tr) for search_tr
    0.o(i.main) refers to 0.o(i.select_transmitter_back) for select_transmitter_back
    0.o(i.main) refers to serach_sender.o(.bss) for trasmitter_inf
    0.o(i.select_transmitter) refers to noretval__2sprintf.o(.text) for __2sprintf
    0.o(i.select_transmitter) refers to menu.o(i.menu_create) for menu_create
    0.o(i.select_transmitter) refers to menu.o(i.menu_update) for menu_update
    0.o(i.select_transmitter) refers to 0.o(.bss) for .bss
    0.o(i.select_transmitter) refers to 0.o(.data) for .data
    0.o(i.select_transmitter_back) refers to 0.o(.data) for .data
    lcd.o(i.lcd_command) refers to rt_cmsis.o(i.osDelay) for osDelay
    lcd.o(i.lcd_command) refers to lcd.o(.data) for .data
    lcd.o(i.lcd_cs_control) refers to lcd.o(.data) for .data
    lcd.o(i.lcd_ef) refers to lcd.o(.data) for .data
    lcd.o(i.lcd_init) refers to rt_cmsis.o(i.osDelay) for osDelay
    lcd.o(i.lcd_init) refers to lcd.o(i.lcd_command) for lcd_command
    lcd.o(i.lcd_init) refers to ssp_lpc17xx.o(.constdata) for Driver_SPI0
    lcd.o(i.lcd_init) refers to lcd.o(.data) for .data
    lcd.o(i.lcd_reset) refers to rt_cmsis.o(i.osDelay) for osDelay
    lcd.o(i.lcd_select_page) refers to lcd.o(i.lcd_command) for lcd_command
    lcd.o(i.lcd_sf) refers to lcd.o(.data) for .data
    lcd.o(i.lcd_sf_address) refers to lcd.o(i.lcd_command) for lcd_command
    lcd.o(i.lcd_sf_address) refers to lcd.o(.data) for .data
    lcd.o(i.lcd_update) refers to rt_cmsis.o(i.osDelay) for osDelay
    lcd.o(i.lcd_update) refers to lcd.o(.data) for .data
    lcd.o(i.lcd_update) refers to lcd.o(.bss) for .bss
    lcd.o(i.lcd_wr_pixel_565) refers to lcd.o(.data) for .data
    lcd.o(i.lcd_wr_pixels_565) refers to rt_cmsis.o(i.osDelay) for osDelay
    lcd.o(i.lcd_wr_pixels_565) refers to lcd.o(.data) for .data
    lcd.o(i.lcd_write) refers to lcd.o(.data) for .data
    lcd.o(i.lcd_writes) refers to rt_cmsis.o(i.osDelay) for osDelay
    lcd.o(i.lcd_writes) refers to lcd.o(.data) for .data
    menu.o(i.menu_create) refers to gui_setfont.o(i.GUI_SetFont) for GUI_SetFont
    menu.o(i.menu_create) refers to gui_setcolor.o(i.GUI_SetBkColor) for GUI_SetBkColor
    menu.o(i.menu_create) refers to gui_setcolor.o(i.GUI_SetColor) for GUI_SetColor
    menu.o(i.menu_create) refers to gui_core.o(i.GUI_Clear) for GUI_Clear
    menu.o(i.menu_create) refers to gui_dispstringatceol.o(i.GUI_DispStringAtCEOL) for GUI_DispStringAtCEOL
    menu.o(i.menu_create) refers to lcd.o(i.lcd_update) for lcd_update
    menu.o(i.menu_create) refers to f16b_1.o(.constdata) for GUI_Font16B_1
    menu.o(i.menu_title_updata) refers to gui_setcolor.o(i.GUI_SetBkColor) for GUI_SetBkColor
    menu.o(i.menu_title_updata) refers to gui_dispstringatceol.o(i.GUI_DispStringAtCEOL) for GUI_DispStringAtCEOL
    menu.o(i.menu_title_updata) refers to lcd.o(i.lcd_update) for lcd_update
    menu.o(i.menu_update) refers to rt_cmsis.o(i.osDelay) for osDelay
    menu.o(i.menu_update) refers to gui_setcolor.o(i.GUI_SetBkColor) for GUI_SetBkColor
[...]
    0x00009918   0x00009918   0x00000004   Data   RO          553    .constdata          rtx_conf_cm.o
    0x0000991c   0x0000991c   0x00000004   Data   RO          554    .constdata          rtx_conf_cm.o
    0x00009920   0x00009920   0x00000001   Data   RO          555    .constdata          rtx_conf_cm.o
    0x00009921   0x00009921   0x00000003   PAD
    0x00009924   0x00009924   0x00000010   Data   RO          556    .constdata          rtx_conf_cm.o
    0x00009934   0x00009934   0x00000008   Data   RO          557    .constdata          rtx_conf_cm.o
    0x0000993c   0x0000993c   0x00000002   Data   RO          558    .constdata          rtx_conf_cm.o
    0x0000993e   0x0000993e   0x00000002   PAD
    0x00009940   0x00009940   0x00000010   Data   RO          559    .constdata          rtx_conf_cm.o
    0x00009950   0x00009950   0x00000098   Data   RO          655    .constdata          ssp_lpc17xx.o
    0x000099e8   0x000099e8   0x0000002c   Data   RO          656    .constdata          ssp_lpc17xx.o
    0x00009a14   0x00009a14   0x0000002c   Data   RO          657    .constdata          ssp_lpc17xx.o
    0x00009a40   0x00009a40   0x0000000c   Data   RO         1087    .constdata          gui_x_rte.o
    0x00009a4c   0x00009a4c   0x00000008   Data   RO         2068    .constdata          GUI_CM3_L.lib(gui_core.o)
    0x00009a54   0x00009a54   0x00000018   Data   RO         2199    .constdata          GUI_CM3_L.lib(guicc_565.o)
    0x00009a6c   0x00009a6c   0x00000034   Data   RO         2395    .constdata          GUI_CM3_L.lib(guidrv_lin_16.o)
    0x00009aa0   0x00009aa0   0x00000518   Data   RO         2437    .constdata          GUI_CM3_L.lib(f6x8.o)
    0x00009fb8   0x00009fb8   0x000001c0   Data   RO         2438    .constdata          GUI_CM3_L.lib(f6x8.o)
    0x0000a178   0x0000a178   0x00000008   Data   RO         2439    .constdata          GUI_CM3_L.lib(f6x8.o)
    0x0000a180   0x0000a180   0x00000014   Data   RO         2440    .constdata          GUI_CM3_L.lib(f6x8.o)
    0x0000a194   0x0000a194   0x00000024   Data   RO         2441    .constdata          GUI_CM3_L.lib(f6x8.o)
    0x0000a1b8   0x0000a1b8   0x0000000d   Data   RO         2449    .constdata          GUI_CM3_L.lib(f13_1.o)
    0x0000a1c5   0x0000a1c5   0x0000000d   Data   RO         2450    .constdata          GUI_CM3_L.lib(f13_1.o)
    0x0000a1d2   0x0000a1d2   0x0000000d   Data   RO         2451    .constdata          GUI_CM3_L.lib(f13_1.o)
    0x0000a1df   0x0000a1df   0x0000000d   Data   RO         2452    .constdata          GUI_CM3_L.lib(f13_1.o)
    0x0000a1ec   0x0000a1ec   0x0000000d   Data   RO         2453    .constdata          GUI_CM3_L.lib(f13_1.o)
    0x0000a1f9   0x0000a1f9   0x0000000d   Data   RO         2454    .constdata          GUI_CM3_L.lib(f13_1.o)
    0x0000a206   0x0000a206   0x0000000d   Data   RO         2455    .constdata          GUI_CM3_L.lib(f13_1.o)
    0x0000a213   0x0000a213   0x0000000d   Data   RO         2456    .constdata          GUI_CM3_L.lib(f13_1.o)
    0x0000a220   0x0000a220   0x0000000d   Data   RO         2457    .constdata          GUI_CM3_L.lib(f13_1.o)
    0x0000a22d   0x0000a22d   0x0000001a   Data   RO         2458    .constdata          GUI_CM3_L.lib(f13_1.o)
    0x0000a247   0x0000a247   0x0000000d   Data   RO         2459    .constdata          GUI_CM3_L.lib(f13_1.o)
    0x0000a254   0x0000a254   0x0000000d   Data   RO         2460    .constdata          GUI_CM3_L.lib(f13_1.o)
    0x0000a261   0x0000a261   0x0000000d   Data   RO         2461    .constdata          GUI_CM3_L.lib(f13_1.o)
    0x0000a26e   0x0000a26e   0x0000000d   Data   RO         2462    .constdata          GUI_CM3_L.lib(f13_1.o)
    0x0000a27b   0x0000a27b   0x0000001a   Data   RO         2463    .constdata          GUI_CM3_L.lib(f13_1.o)
    0x0000a295   0x0000a295   0x0000000d   Data   RO         2464    .constdata          GUI_CM3_L.lib(f13_1.o)
    0x0000a2a2   0x0000a2a2   0x0000000d   Data   RO         2465    .constdata          GUI_CM3_L.lib(f13_1.o)
    0x0000a2af   0x0000a2af   0x0000000d   Data   RO         2466    .constdata          GUI_CM3_L.lib(f13_1.o)
    0x0000a2bc   0x0000a2bc   0x0000000d   Data   RO         2467    .constdata          GUI_CM3_L.lib(f13_1.o)
    0x0000a2c9   0x0000a2c9   0x0000000d   Data   RO         2468    .constdata          GUI_CM3_L.lib(f13_1.o)
    0x0000a2d6   0x0000a2d6   0x0000000d   Data   RO         2469    .constdata          GUI_CM3_L.lib(f13_1.o)
    0x0000a2e3   0x0000a2e3   0x0000000d   Data   RO         2470    .constdata          GUI_CM3_L.lib(f13_1.o)
    0x0000a2f0   0x0000a2f0   0x0000000d   Data   RO         2471    .constdata          GUI_CM3_L.lib(f13_1.o)
    0x0000a2fd   0x0000a2fd   0x0000000d   Data   RO         2472    .constdata          GUI_CM3_L.lib(f13_1.o)
    0x0000a30a   0x0000a30a   0x0000000d   Data   RO         2473    .constdata          GUI_CM3_L.lib(f13_1.o)
    0x0000a317   0x0000a317   0x0000000d   Data   RO         2474    .constdata          GUI_CM3_L.lib(f13_1.o)
    0x0000a324   0x0000a324   0x0000000d   Data   RO         2475    .constdata          GUI_CM3_L.lib(f13_1.o)
    0x0000a331   0x0000a331   0x0000000d   Data   RO         2476    .constdata          GUI_CM3_L.lib(f13_1.o)
    0x0000a33e   0x0000a33e   0x0000001a   Data   RO         2477    .constdata          GUI_CM3_L.lib(f13_1.o)
    0x0000a358   0x0000a358   0x0000001a   Data   RO         2478    .constdata          GUI_CM3_L.lib(f13_1.o)
    0x0000a372   0x0000a372   0x0000001a   Data   RO         2479    .constdata          GUI_CM3_L.lib(f13_1.o)
    0x0000a38c   0x0000a38c   0x0000000d   Data   RO         2480    .constdata          GUI_CM3_L.lib(f13_1.o)
    0x0000a399   0x0000a399   0x0000000d   Data   RO         2481    .constdata          GUI_CM3_L.lib(f13_1.o)
    0x0000a3a6   0x0000a3a6   0x0000000d   Data   RO         2482    .constdata          GUI_CM3_L.lib(f13_1.o)
    0x0000a3b3   0x0000a3b3   0x0000000d   Data   RO         2483    .constdata          GUI_CM3_L.lib(f13_1.o)
    0x0000a3c0   0x0000a3c0   0x0000000d   Data   RO         2484    .constdata          GUI_CM3_L.lib(f13_1.o)
    0x0000a3cd   0x0000a3cd   0x0000000d   Data   RO         2485    .constdata          GUI_CM3_L.lib(f13_1.o)
    0x0000a3da   0x0000a3da   0x0000000d   Data   RO         2486    .constdata          GUI_CM3_L.lib(f13_1.o)
    0x0000a3e7   0x0000a3e7   0x0000001a   Data   RO         2487    .constdata          GUI_CM3_L.lib(f13_1.o)
    0x0000a401   0x0000a401   0x0000000d   Data   RO         2488    .constdata          GUI_CM3_L.lib(f13_1.o)
    0x0000a40e   0x0000a40e   0x0000000d   Data   RO         2489    .constdata          GUI_CM3_L.lib(f13_1.o)
    0x0000a41b   0x0000a41b   0x0000000d   Data   RO         2490    .constdata          GUI_CM3_L.lib(f13_1.o)
    0x0000a428   0x0000a428   0x0000000d   Data   RO         2491    .constdata          GUI_CM3_L.lib(f13_1.o)
    0x0000a435   0x0000a435   0x0000000d   Data   RO         2492    .constdata          GUI_CM3_L.lib(f13_1.o)
    0x0000a442   0x0000a442   0x0000000d   Data   RO         2493    .constdata          GUI_CM3_L.lib(f13_1.o)
    0x0000a44f   0x0000a44f   0x0000000d   Data   RO         2494    .constdata          GUI_CM3_L.lib(f13_1.o)
    0x0000a45c   0x0000a45c   0x0000000d   Data   RO         2495    .constdata          GUI_CM3_L.lib(f13_1.o)
    0x0000a469   0x0000a469   0x0000000d   Data   RO         2496    .constdata          GUI_CM3_L.lib(f13_1.o)
    0x0000a476   0x0000a476   0x0000000d   Data   RO         2497    .constdata          GUI_CM3_L.lib(f13_1.o)
    0x0000a483   0x0000a483   0x0000000d   Data   RO         2498    .constdata          GUI_CM3_L.lib(f13_1.o)
    0x0000a490   0x0000a490   0x0000000d   Data   RO         2499    .constdata          GUI_CM3_L.lib(f13_1.o)
    0x0000a49d   0x0000a49d   0x0000000d   Data   RO         2500    .constdata          GUI_CM3_L.lib(f13_1.o)
    0x0000a4aa   0x0000a4aa   0x0000000d   Data   RO         2501    .constdata          GUI_CM3_L.lib(f13_1.o)
    0x0000a4b7   0x0000a4b7   0x0000000d   Data   RO         2502    .constdata          GUI_CM3_L.lib(f13_1.o)
    0x0000a4c4   0x0000a4c4   0x0000000d   Data   RO         2503    .constdata          GUI_CM3_L.lib(f13_1.o)
    0x0000a4d1   0x0000a4d1   0x0000000d   Data   RO         2504    .constdata          GUI_CM3_L.lib(f13_1.o)
    0x0000a4de   0x0000a4de   0x0000000d   Data   RO         2505    .constdata          GUI_CM3_L.lib(f13_1.o)
    0x0000a4eb   0x0000a4eb   0x0000000d   Data   RO         2506    .constdata          GUI_CM3_L.lib(f13_1.o)
    0x0000a4f8   0x0000a4f8   0x0000000d   Data   RO         2507    .constdata          GUI_CM3_L.lib(f13_1.o)
    0x0000a505   0x0000a505   0x0000000d   Data   RO         2508    .constdata          GUI_CM3_L.lib(f13_1.o)
    0x0000a512   0x0000a512   0x0000000d   Data   RO         2509    .constdata          GUI_CM3_L.lib(f13_1.o)
    0x0000a51f   0x0000a51f   0x0000000d   Data   RO         2510    .constdata          GUI_CM3_L.lib(f13_1.o)
    0x0000a52c   0x0000a52c   0x0000000d   Data   RO         2511    .constdata          GUI_CM3_L.lib(f13_1.o)
    0x0000a539   0x0000a539   0x0000000d   Data   RO         2512    .constdata          GUI_CM3_L.lib(f13_1.o)
    0x0000a546   0x0000a546   0x0000000d   Data   RO         2513    .constdata          GUI_CM3_L.lib(f13_1.o)
    0x0000a553   0x0000a553   0x0000000d   Data   RO         2514    .constdata          GUI_CM3_L.lib(f13_1.o)
    0x0000a560   0x0000a560   0x0000000d   Data   RO         2515    .constdata          GUI_CM3_L.lib(f13_1.o)
    0x0000a56d   0x0000a56d   0x0000000d   Data   RO         2516    .constdata          GUI_CM3_L.lib(f13_1.o)
    0x0000a57a   0x0000a57a   0x0000000d   Data   RO         2517    .constdata          GUI_CM3_L.lib(f13_1.o)
    0x0000a587   0x0000a587   0x0000000d   Data   RO         2518    .constdata          GUI_CM3_L.lib(f13_1.o)
    0x0000a594   0x0000a594   0x0000001a   Data   RO         2519    .constdata          GUI_CM3_L.lib(f13_1.o)
    0x0000a5ae   0x0000a5ae   0x0000000d   Data   RO         2520    .constdata          GUI_CM3_L.lib(f13_1.o)
    0x0000a5bb   0x0000a5bb   0x0000000d   Data   RO         2521    .constdata          GUI_CM3_L.lib(f13_1.o)
    0x0000a5c8   0x0000a5c8   0x0000000d   Data   RO         2522    .constdata          GUI_CM3_L.lib(f13_1.o)
    0x0000a5d5   0x0000a5d5   0x0000000d   Data   RO         2523    .constdata          GUI_CM3_L.lib(f13_1.o)
    0x0000a5e2   0x0000a5e2   0x0000000d   Data   RO         2524    .constdata          GUI_CM3_L.lib(f13_1.o)
    0x0000a5ef   0x0000a5ef   0x0000000d   Data   RO         2525    .constdata          GUI_CM3_L.lib(f13_1.o)
    0x0000a5fc   0x0000a5fc   0x0000000d   Data   RO         2526    .constdata          GUI_CM3_L.lib(f13_1.o)
    0x0000a609   0x0000a609   0x0000000d   Data   RO         2527    .constdata          GUI_CM3_L.lib(f13_1.o)
    0x0000a616   0x0000a616   0x0000000d   Data   RO         2528    .constdata          GUI_CM3_L.lib(f13_1.o)
    0x0000a623   0x0000a623   0x0000000d   Data   RO         2529    .constdata          GUI_CM3_L.lib(f13_1.o)
    0x0000a630   0x0000a630   0x0000000d   Data   RO         2530    .constdata          GUI_CM3_L.lib(f13_1.o)
    0x0000a63d   0x0000a63d   0x0000000d   Data   RO         2531    .constdata          GUI_CM3_L.lib(f13_1.o)
    0x0000a64a   0x0000a64a   0x0000000d   Data   RO         2532    .constdata          GUI_CM3_L.lib(f13_1.o)
    0x0000a657   0x0000a657   0x0000000d   Data   RO         2533    .constdata          GUI_CM3_L.lib(f13_1.o)
    0x0000a664   0x0000a664   0x0000000d   Data   RO         2534    .constdata          GUI_CM3_L.lib(f13_1.o)
    0x0000a671   0x0000a671   0x0000000d   Data   RO         2535    .constdata          GUI_CM3_L.lib(f13_1.o)
    0x0000a67e   0x0000a67e   0x0000000d   Data   RO         2536    .constdata          GUI_CM3_L.lib(f13_1.o)
    0x0000a68b   0x0000a68b   0x0000000d   Data   RO         2537    .constdata          GUI_CM3_L.lib(f13_1.o)
    0x0000a698   0x0000a698   0x0000000d   Data   RO         2538    .constdata          GUI_CM3_L.lib(f13_1.o)
    0x0000a6a5   0x0000a6a5   0x0000000d   Data   RO         2539    .constdata          GUI_CM3_L.lib(f13_1.o)
    0x0000a6b2   0x0000a6b2   0x0000000d   Data   RO         2540    .constdata          GUI_CM3_L.lib(f13_1.o)
    0x0000a6bf   0x0000a6bf   0x0000000d   Data   RO         2541    .constdata          GUI_CM3_L.lib(f13_1.o)
    0x0000a6cc   0x0000a6cc   0x0000000d   Data   RO         2542    .constdata          GUI_CM3_L.lib(f13_1.o)
    0x0000a6d9   0x0000a6d9   0x0000000d   Data   RO         2543    .constdata          GUI_CM3_L.lib(f13_1.o)
    0x0000a6e6   0x0000a6e6   0x0000000d   Data   RO         2544    .constdata          GUI_CM3_L.lib(f13_1.o)
    0x0000a6f3   0x0000a6f3   0x00000001   PAD
    0x0000a6f4   0x0000a6f4   0x00000300   Data   RO         2545    .constdata          GUI_CM3_L.lib(f13_1.o)
    0x0000a9f4   0x0000a9f4   0x0000000c   Data   RO         2546    .constdata          GUI_CM3_L.lib(f13_1.o)
    0x0000aa00   0x0000aa00   0x00000024   Data   RO         2547    .constdata          GUI_CM3_L.lib(f13_1.o)
    0x0000aa24   0x0000aa24   0x00000010   Data   RO         2554    .constdata          GUI_CM3_L.lib(f16b_1.o)
    0x0000aa34   0x0000aa34   0x00000010   Data   RO         2555    .constdata          GUI_CM3_L.lib(f16b_1.o)
    0x0000aa44   0x0000aa44   0x00000010   Data   RO         2556    .constdata          GUI_CM3_L.lib(f16b_1.o)
    0x0000aa54   0x0000aa54   0x00000010   Data   RO         2557    .constdata          GUI_CM3_L.lib(f16b_1.o)
    0x0000aa64   0x0000aa64   0x00000010   Data   RO         2558    .constdata          GUI_CM3_L.lib(f16b_1.o)
    0x0000aa74   0x0000aa74   0x00000010   Data   RO         2559    .constdata          GUI_CM3_L.lib(f16b_1.o)
    0x0000aa84   0x0000aa84   0x00000010   Data   RO         2560    .constdata          GUI_CM3_L.lib(f16b_1.o)
    0x0000aa94   0x0000aa94   0x00000010   Data   RO         2561    .constdata          GUI_CM3_L.lib(f16b_1.o)
    0x0000aaa4   0x0000aaa4   0x00000010   Data   RO         2562    .constdata          GUI_CM3_L.lib(f16b_1.o)
    0x0000aab4   0x0000aab4   0x00000020   Data   RO         2563    .constdata          GUI_CM3_L.lib(f16b_1.o)
    0x0000aad4   0x0000aad4   0x00000010   Data   RO         2564    .constdata          GUI_CM3_L.lib(f16b_1.o)
    0x0000aae4   0x0000aae4   0x00000010   Data   RO         2565    .constdata          GUI_CM3_L.lib(f16b_1.o)
    0x0000aaf4   0x0000aaf4   0x00000010   Data   RO         2566    .constdata          GUI_CM3_L.lib(f16b_1.o)
    0x0000ab04   0x0000ab04   0x00000010   Data   RO         2567    .constdata          GUI_CM3_L.lib(f16b_1.o)
    0x0000ab14   0x0000ab14   0x00000020   Data   RO         2568    .constdata          GUI_CM3_L.lib(f16b_1.o)
    0x0000ab34   0x0000ab34   0x00000010   Data   RO         2569    .constdata          GUI_CM3_L.lib(f16b_1.o)
    0x0000ab44   0x0000ab44   0x00000010   Data   RO         2570    .constdata          GUI_CM3_L.lib(f16b_1.o)
    0x0000ab54   0x0000ab54   0x00000010   Data   RO         2571    .constdata          GUI_CM3_L.lib(f16b_1.o)
    0x0000ab64   0x0000ab64   0x00000010   Data   RO         2572    .constdata          GUI_CM3_L.lib(f16b_1.o)
    0x0000ab74   0x0000ab74   0x00000010   Data   RO         2573    .constdata          GUI_CM3_L.lib(f16b_1.o)
    0x0000ab84   0x0000ab84   0x00000010   Data   RO         2574    .constdata          GUI_CM3_L.lib(f16b_1.o)
    0x0000ab94   0x0000ab94   0x00000010   Data   RO         2575    .constdata          GUI_CM3_L.lib(f16b_1.o)
    0x0000aba4   0x0000aba4   0x00000010   Data   RO         2576    .constdata          GUI_CM3_L.lib(f16b_1.o)
    0x0000abb4   0x0000abb4   0x00000010   Data   RO         2577    .constdata          GUI_CM3_L.lib(f16b_1.o)
    0x0000abc4   0x0000abc4   0x00000010   Data   RO         2578    .constdata          GUI_CM3_L.lib(f16b_1.o)
    0x0000abd4   0x0000abd4   0x00000010   Data   RO         2579    .constdata          GUI_CM3_L.lib(f16b_1.o)
    0x0000abe4   0x0000abe4   0x00000010   Data   RO         2580    .constdata          GUI_CM3_L.lib(f16b_1.o)
    0x0000abf4   0x0000abf4   0x00000010   Data   RO         2581    .constdata          GUI_CM3_L.lib(f16b_1.o)
    0x0000ac04   0x0000ac04   0x00000020   Data   RO         2582    .constdata          GUI_CM3_L.lib(f16b_1.o)
    0x0000ac24   0x0000ac24   0x00000020   Data   RO         2583    .constdata          GUI_CM3_L.lib(f16b_1.o)
    0x0000ac44   0x0000ac44   0x00000020   Data   RO         2584    .constdata          GUI_CM3_L.lib(f16b_1.o)
    0x0000ac64   0x0000ac64   0x00000010   Data   RO         2585    .constdata          GUI_CM3_L.lib(f16b_1.o)
    0x0000ac74   0x0000ac74   0x00000020   Data   RO         2586    .constdata          GUI_CM3_L.lib(f16b_1.o)
    0x0000ac94   0x0000ac94   0x00000020   Data   RO         2587    .constdata          GUI_CM3_L.lib(f16b_1.o)
    0x0000acb4   0x0000acb4   0x00000020   Data   RO         2588    .constdata          GUI_CM3_L.lib(f16b_1.o)
    0x0000acd4   0x0000acd4   0x00000020   Data   RO         2589    .constdata          GUI_CM3_L.lib(f16b_1.o)
    0x0000acf4   0x0000acf4   0x00000020   Data   RO         2590    .constdata          GUI_CM3_L.lib(f16b_1.o)
    0x0000ad14   0x0000ad14   0x00000020   Data   RO         2591    .constdata          GUI_CM3_L.lib(f16b_1.o)
    0x0000ad34   0x0000ad34   0x00000020   Data   RO         2592    .constdata          GUI_CM3_L.lib(f16b_1.o)
    0x0000ad54   0x0000ad54   0x00000020   Data   RO         2593    .constdata          GUI_CM3_L.lib(f16b_1.o)
    0x0000ad74   0x0000ad74   0x00000010   Data   RO         2594    .constdata          GUI_CM3_L.lib(f16b_1.o)
    0x0000ad84   0x0000ad84   0x00000010   Data   RO         2595    .constdata          GUI_CM3_L.lib(f16b_1.o)
    0x0000ad94   0x0000ad94   0x00000010   Data   RO         2596    .constdata          GUI_CM3_L.lib(f16b_1.o)
    0x0000ada4   0x0000ada4   0x00000010   Data   RO         2597    .constdata          GUI_CM3_L.lib(f16b_1.o)
    0x0000adb4   0x0000adb4   0x00000010   Data   RO         2598    .constdata          GUI_CM3_L.lib(f16b_1.o)
    0x0000adc4   0x0000adc4   0x00000010   Data   RO         2599    .constdata          GUI_CM3_L.lib(f16b_1.o)
    0x0000add4   0x0000add4   0x00000010   Data   RO         2600    .constdata          GUI_CM3_L.lib(f16b_1.o)
    0x0000ade4   0x0000ade4   0x00000010   Data   RO         2601    .constdata          GUI_CM3_L.lib(f16b_1.o)
    0x0000adf4   0x0000adf4   0x00000020   Data   RO         2602    .constdata          GUI_CM3_L.lib(f16b_1.o)
    0x0000ae14   0x0000ae14   0x00000020   Data   RO         2603    .constdata          GUI_CM3_L.lib(f16b_1.o)
    0x0000ae34   0x0000ae34   0x00000020   Data   RO         2604    .constdata          GUI_CM3_L.lib(f16b_1.o)
    0x0000ae54   0x0000ae54   0x00000020   Data   RO         2605    .constdata          GUI_CM3_L.lib(f16b_1.o)
    0x0000ae74   0x0000ae74   0x00000020   Data   RO         2606    .constdata          GUI_CM3_L.lib(f16b_1.o)
    0x0000ae94   0x0000ae94   0x00000020   Data   RO         2607    .constdata          GUI_CM3_L.lib(f16b_1.o)
    0x0000aeb4   0x0000aeb4   0x00000020   Data   RO         2608    .constdata          GUI_CM3_L.lib(f16b_1.o)
    0x0000aed4   0x0000aed4   0x00000010   Data   RO         2609    .constdata          GUI_CM3_L.lib(f16b_1.o)
    0x0000aee4   0x0000aee4   0x00000020   Data   RO         2610    .constdata          GUI_CM3_L.lib(f16b_1.o)
    0x0000af04   0x0000af04   0x00000020   Data   RO         2611    .constdata          GUI_CM3_L.lib(f16b_1.o)
    0x0000af24   0x0000af24   0x00000020   Data   RO         2612    .constdata          GUI_CM3_L.lib(f16b_1.o)
    0x0000af44   0x0000af44   0x00000020   Data   RO         2613    .constdata          GUI_CM3_L.lib(f16b_1.o)
    0x0000af64   0x0000af64   0x00000020   Data   RO         2614    .constdata          GUI_CM3_L.lib(f16b_1.o)
    0x0000af84   0x0000af84   0x00000010   Data   RO         2615    .constdata          GUI_CM3_L.lib(f16b_1.o)
    0x0000af94   0x0000af94   0x00000020   Data   RO         2616    .constdata          GUI_CM3_L.lib(f16b_1.o)
    0x0000afb4   0x0000afb4   0x00000010   Data   RO         2617    .constdata          GUI_CM3_L.lib(f16b_1.o)
    0x0000afc4   0x0000afc4   0x00000010   Data   RO         2618    .constdata          GUI_CM3_L.lib(f16b_1.o)
    0x0000afd4   0x0000afd4   0x00000010   Data   RO         2619    .constdata          GUI_CM3_L.lib(f16b_1.o)
    0x0000afe4   0x0000afe4   0x00000010   Data   RO         2620    .constdata          GUI_CM3_L.lib(f16b_1.o)
    0x0000aff4   0x0000aff4   0x00000010   Data   RO         2621    .constdata          GUI_CM3_L.lib(f16b_1.o)
    0x0000b004   0x0000b004   0x00000010   Data   RO         2622    .constdata          GUI_CM3_L.lib(f16b_1.o)
    0x0000b014   0x0000b014   0x00000010   Data   RO         2623    .constdata          GUI_CM3_L.lib(f16b_1.o)
    0x0000b024   0x0000b024   0x00000020   Data   RO         2624    .constdata          GUI_CM3_L.lib(f16b_1.o)
    0x0000b044   0x0000b044   0x00000010   Data   RO         2625    .constdata          GUI_CM3_L.lib(f16b_1.o)
    0x0000b054   0x0000b054   0x00000010   Data   RO         2626    .constdata          GUI_CM3_L.lib(f16b_1.o)
    0x0000b064   0x0000b064   0x00000010   Data   RO         2627    .constdata          GUI_CM3_L.lib(f16b_1.o)
    0x0000b074   0x0000b074   0x00000010   Data   RO         2628    .constdata          GUI_CM3_L.lib(f16b_1.o)
    0x0000b084   0x0000b084   0x00000010   Data   RO         2629    .constdata          GUI_CM3_L.lib(f16b_1.o)
    0x0000b094   0x0000b094   0x00000010   Data   RO         2630    .constdata          GUI_CM3_L.lib(f16b_1.o)
    0x0000b0a4   0x0000b0a4   0x00000010   Data   RO         2631    .constdata          GUI_CM3_L.lib(f16b_1.o)
    0x0000b0b4   0x0000b0b4   0x00000010   Data   RO         2632    .constdata          GUI_CM3_L.lib(f16b_1.o)
    0x0000b0c4   0x0000b0c4   0x00000010   Data   RO         2633    .constdata          GUI_CM3_L.lib(f16b_1.o)
    0x0000b0d4   0x0000b0d4   0x00000010   Data   RO         2634    .constdata          GUI_CM3_L.lib(f16b_1.o)
    0x0000b0e4   0x0000b0e4   0x00000010   Data   RO         2635    .constdata          GUI_CM3_L.lib(f16b_1.o)
    0x0000b0f4   0x0000b0f4   0x00000010   Data   RO         2636    .constdata          GUI_CM3_L.lib(f16b_1.o)
    0x0000b104   0x0000b104   0x00000010   Data   RO         2637    .constdata          GUI_CM3_L.lib(f16b_1.o)
    0x0000b114   0x0000b114   0x00000010   Data   RO         2638    .constdata          GUI_CM3_L.lib(f16b_1.o)
    0x0000b124   0x0000b124   0x00000010   Data   RO         2639    .constdata          GUI_CM3_L.lib(f16b_1.o)
    0x0000b134   0x0000b134   0x00000010   Data   RO         2640    .constdata          GUI_CM3_L.lib(f16b_1.o)
    0x0000b144   0x0000b144   0x00000010   Data   RO         2641    .constdata          GUI_CM3_L.lib(f16b_1.o)
    0x0000b154   0x0000b154   0x00000010   Data   RO         2642    .constdata          GUI_CM3_L.lib(f16b_1.o)
    0x0000b164   0x0000b164   0x00000010   Data   RO         2643    .constdata          GUI_CM3_L.lib(f16b_1.o)
    0x0000b174   0x0000b174   0x00000010   Data   RO         2644    .constdata          GUI_CM3_L.lib(f16b_1.o)
    0x0000b184   0x0000b184   0x00000010   Data   RO         2645    .constdata          GUI_CM3_L.lib(f16b_1.o)
    0x0000b194   0x0000b194   0x00000010   Data   RO         2646    .constdata          GUI_CM3_L.lib(f16b_1.o)
    0x0000b1a4   0x0000b1a4   0x00000010   Data   RO         2647    .constdata          GUI_CM3_L.lib(f16b_1.o)
    0x0000b1b4   0x0000b1b4   0x00000010   Data   RO         2648    .constdata          GUI_CM3_L.lib(f16b_1.o)
    0x0000b1c4   0x0000b1c4   0x00000010   Data   RO         2649    .constdata          GUI_CM3_L.lib(f16b_1.o)
    0x0000b1d4   0x0000b1d4   0x00000300   Data   RO         2650    .constdata          GUI_CM3_L.lib(f16b_1.o)
    0x0000b4d4   0x0000b4d4   0x0000000c   Data   RO         2651    .constdata          GUI_CM3_L.lib(f16b_1.o)
    0x0000b4e0   0x0000b4e0   0x00000024   Data   RO         2652    .constdata          GUI_CM3_L.lib(f16b_1.o)
    0x0000b504   0x0000b504   0x00000014   Data   RO         2659    .constdata          GUI_CM3_L.lib(f20b_1.o)
    0x0000b518   0x0000b518   0x00000014   Data   RO         2660    .constdata          GUI_CM3_L.lib(f20b_1.o)
    0x0000b52c   0x0000b52c   0x00000028   Data   RO         2661    .constdata          GUI_CM3_L.lib(f20b_1.o)
    0x0000b554   0x0000b554   0x00000028   Data   RO         2662    .constdata          GUI_CM3_L.lib(f20b_1.o)
    0x0000b57c   0x0000b57c   0x00000028   Data   RO         2663    .constdata          GUI_CM3_L.lib(f20b_1.o)
    0x0000b5a4   0x0000b5a4   0x00000028   Data   RO         2664    .constdata          GUI_CM3_L.lib(f20b_1.o)
    0x0000b5cc   0x0000b5cc   0x00000014   Data   RO         2665    .constdata          GUI_CM3_L.lib(f20b_1.o)
    0x0000b5e0   0x0000b5e0   0x00000028   Data   RO         2666    .constdata          GUI_CM3_L.lib(f20b_1.o)
    0x0000b608   0x0000b608   0x00000014   Data   RO         2667    .constdata          GUI_CM3_L.lib(f20b_1.o)
    0x0000b61c   0x0000b61c   0x00000028   Data   RO         2668    .constdata          GUI_CM3_L.lib(f20b_1.o)
    0x0000b644   0x0000b644   0x00000014   Data   RO         2669    .constdata          GUI_CM3_L.lib(f20b_1.o)
    0x0000b658   0x0000b658   0x00000028   Data   RO         2670    .constdata          GUI_CM3_L.lib(f20b_1.o)
    0x0000b680   0x0000b680   0x00000028   Data   RO         2671    .constdata          GUI_CM3_L.lib(f20b_1.o)
    0x0000b6a8   0x0000b6a8   0x00000014   Data   RO         2672    .constdata          GUI_CM3_L.lib(f20b_1.o)
    0x0000b6bc   0x0000b6bc   0x00000028   Data   RO         2673    .constdata          GUI_CM3_L.lib(f20b_1.o)
    0x0000b6e4   0x0000b6e4   0x00000028   Data   RO         2674    .constdata          GUI_CM3_L.lib(f20b_1.o)
    0x0000b70c   0x0000b70c   0x00000014   Data   RO         2675    .constdata          GUI_CM3_L.lib(f20b_1.o)
    0x0000b720   0x0000b720   0x00000028   Data   RO         2676    .constdata          GUI_CM3_L.lib(f20b_1.o)
    0x0000b748   0x0000b748   0x00000014   Data   RO         2677    .constdata          GUI_CM3_L.lib(f20b_1.o)
    0x0000b75c   0x0000b75c   0x00000014   Data   RO         2678    .constdata          GUI_CM3_L.lib(f20b_1.o)
    0x0000b770   0x0000b770   0x00000014   Data   RO         2679    .constdata          GUI_CM3_L.lib(f20b_1.o)
    0x0000b784   0x0000b784   0x00000028   Data   RO         2680    .constdata          GUI_CM3_L.lib(f20b_1.o)
    0x0000b7ac   0x0000b7ac   0x00000028   Data   RO         2681    .constdata          GUI_CM3_L.lib(f20b_1.o)
    0x0000b7d4   0x0000b7d4   0x00000014   Data   RO         2682    .constdata          GUI_CM3_L.lib(f20b_1.o)
    0x0000b7e8   0x0000b7e8   0x00000014   Data   RO         2683    .constdata          GUI_CM3_L.lib(f20b_1.o)
    0x0000b7fc   0x0000b7fc   0x00000014   Data   RO         2684    .constdata          GUI_CM3_L.lib(f20b_1.o)
    0x0000b810   0x0000b810   0x00000014   Data   RO         2685    .constdata          GUI_CM3_L.lib(f20b_1.o)
    0x0000b824   0x0000b824   0x00000028   Data   RO         2686    .constdata          GUI_CM3_L.lib(f20b_1.o)
    0x0000b84c   0x0000b84c   0x00000028   Data   RO         2687    .constdata          GUI_CM3_L.lib(f20b_1.o)
    0x0000b874   0x0000b874   0x00000028   Data   RO         2688    .constdata          GUI_CM3_L.lib(f20b_1.o)
    0x0000b89c   0x0000b89c   0x00000028   Data   RO         2689    .constdata          GUI_CM3_L.lib(f20b_1.o)
    0x0000b8c4   0x0000b8c4   0x00000028   Data   RO         2690    .constdata          GUI_CM3_L.lib(f20b_1.o)
    0x0000b8ec   0x0000b8ec   0x00000028   Data   RO         2691    .constdata          GUI_CM3_L.lib(f20b_1.o)
    0x0000b914   0x0000b914   0x00000028   Data   RO         2692    .constdata          GUI_CM3_L.lib(f20b_1.o)
    0x0000b93c   0x0000b93c   0x00000028   Data   RO         2693    .constdata          GUI_CM3_L.lib(f20b_1.o)
    0x0000b964   0x0000b964   0x00000028   Data   RO         2694    .constdata          GUI_CM3_L.lib(f20b_1.o)
    0x0000b98c   0x0000b98c   0x00000028   Data   RO         2695    .constdata          GUI_CM3_L.lib(f20b_1.o)
    0x0000b9b4   0x0000b9b4   0x00000028   Data   RO         2696    .constdata          GUI_CM3_L.lib(f20b_1.o)
    0x0000b9dc   0x0000b9dc   0x0000003c   Data   RO         2697    .constdata          GUI_CM3_L.lib(f20b_1.o)
    0x0000ba18   0x0000ba18   0x00000028   Data   RO         2698    .constdata          GUI_CM3_L.lib(f20b_1.o)
    0x0000ba40   0x0000ba40   0x00000028   Data   RO         2699    .constdata          GUI_CM3_L.lib(f20b_1.o)
    0x0000ba68   0x0000ba68   0x00000028   Data   RO         2700    .constdata          GUI_CM3_L.lib(f20b_1.o)
    0x0000ba90   0x0000ba90   0x00000028   Data   RO         2701    .constdata          GUI_CM3_L.lib(f20b_1.o)
    0x0000bab8   0x0000bab8   0x00000028   Data   RO         2702    .constdata          GUI_CM3_L.lib(f20b_1.o)
    0x0000bae0   0x0000bae0   0x00000014   Data   RO         2703    .constdata          GUI_CM3_L.lib(f20b_1.o)
    0x0000baf4   0x0000baf4   0x00000014   Data   RO         2704    .constdata          GUI_CM3_L.lib(f20b_1.o)
    0x0000bb08   0x0000bb08   0x00000014   Data   RO         2705    .constdata          GUI_CM3_L.lib(f20b_1.o)
    0x0000bb1c   0x0000bb1c   0x00000014   Data   RO         2706    .constdata          GUI_CM3_L.lib(f20b_1.o)
    0x0000bb30   0x0000bb30   0x00000028   Data   RO         2707    .constdata          GUI_CM3_L.lib(f20b_1.o)
    0x0000bb58   0x0000bb58   0x00000028   Data   RO         2708    .constdata          GUI_CM3_L.lib(f20b_1.o)
    0x0000bb80   0x0000bb80   0x00000028   Data   RO         2709    .constdata          GUI_CM3_L.lib(f20b_1.o)
    0x0000bba8   0x0000bba8   0x00000028   Data   RO         2710    .constdata          GUI_CM3_L.lib(f20b_1.o)
    0x0000bbd0   0x0000bbd0   0x00000028   Data   RO         2711    .constdata          GUI_CM3_L.lib(f20b_1.o)
    0x0000bbf8   0x0000bbf8   0x00000028   Data   RO         2712    .constdata          GUI_CM3_L.lib(f20b_1.o)
    0x0000bc20   0x0000bc20   0x00000028   Data   RO         2713    .constdata          GUI_CM3_L.lib(f20b_1.o)
    0x0000bc48   0x0000bc48   0x00000028   Data   RO         2714    .constdata          GUI_CM3_L.lib(f20b_1.o)
    0x0000bc70   0x0000bc70   0x00000028   Data   RO         2715    .constdata          GUI_CM3_L.lib(f20b_1.o)
    0x0000bc98   0x0000bc98   0x00000028   Data   RO         2716    .constdata          GUI_CM3_L.lib(f20b_1.o)
    0x0000bcc0   0x0000bcc0   0x00000028   Data   RO         2717    .constdata          GUI_CM3_L.lib(f20b_1.o)
    0x0000bce8   0x0000bce8   0x00000028   Data   RO         2718    .constdata          GUI_CM3_L.lib(f20b_1.o)
    0x0000bd10   0x0000bd10   0x00000028   Data   RO         2719    .constdata          GUI_CM3_L.lib(f20b_1.o)
    0x0000bd38   0x0000bd38   0x00000028   Data   RO         2720    .constdata          GUI_CM3_L.lib(f20b_1.o)
    0x0000bd60   0x0000bd60   0x00000028   Data   RO         2721    .constdata          GUI_CM3_L.lib(f20b_1.o)
    0x0000bd88   0x0000bd88   0x00000028   Data   RO         2722    .constdata          GUI_CM3_L.lib(f20b_1.o)
    0x0000bdb0   0x0000bdb0   0x00000028   Data   RO         2723    .constdata          GUI_CM3_L.lib(f20b_1.o)
    0x0000bdd8   0x0000bdd8   0x00000028   Data   RO         2724    .constdata          GUI_CM3_L.lib(f20b_1.o)
    0x0000be00   0x0000be00   0x00000028   Data   RO         2725    .constdata          GUI_CM3_L.lib(f20b_1.o)
    0x0000be28   0x0000be28   0x00000028   Data   RO         2726    .constdata          GUI_CM3_L.lib(f20b_1.o)
    0x0000be50   0x0000be50   0x00000028   Data   RO         2727    .constdata          GUI_CM3_L.lib(f20b_1.o)
    0x0000be78   0x0000be78   0x00000028   Data   RO         2728    .constdata          GUI_CM3_L.lib(f20b_1.o)
    0x0000bea0   0x0000bea0   0x00000028   Data   RO         2729    .constdata          GUI_CM3_L.lib(f20b_1.o)
    0x0000bec8   0x0000bec8   0x00000028   Data   RO         2730    .constdata          GUI_CM3_L.lib(f20b_1.o)
    0x0000bef0   0x0000bef0   0x00000028   Data   RO         2731    .constdata          GUI_CM3_L.lib(f20b_1.o)
    0x0000bf18   0x0000bf18   0x00000028   Data   RO         2732    .constdata          GUI_CM3_L.lib(f20b_1.o)
    0x0000bf40   0x0000bf40   0x00000028   Data   RO         2733    .constdata          GUI_CM3_L.lib(f20b_1.o)
    0x0000bf68   0x0000bf68   0x00000028   Data   RO         2734    .constdata          GUI_CM3_L.lib(f20b_1.o)
    0x0000bf90   0x0000bf90   0x00000014   Data   RO         2735    .constdata          GUI_CM3_L.lib(f20b_1.o)
    0x0000bfa4   0x0000bfa4   0x00000014   Data   RO         2736    .constdata          GUI_CM3_L.lib(f20b_1.o)
    0x0000bfb8   0x0000bfb8   0x00000014   Data   RO         2737    .constdata          GUI_CM3_L.lib(f20b_1.o)
    0x0000bfcc   0x0000bfcc   0x00000014   Data   RO         2738    .constdata          GUI_CM3_L.lib(f20b_1.o)
    0x0000bfe0   0x0000bfe0   0x00000028   Data   RO         2739    .constdata          GUI_CM3_L.lib(f20b_1.o)
    0x0000c008   0x0000c008   0x00000028   Data   RO         2740    .constdata          GUI_CM3_L.lib(f20b_1.o)
    0x0000c030   0x0000c030   0x00000028   Data   RO         2741    .constdata          GUI_CM3_L.lib(f20b_1.o)
    0x0000c058   0x0000c058   0x00000028   Data   RO         2742    .constdata          GUI_CM3_L.lib(f20b_1.o)
    0x0000c080   0x0000c080   0x00000028   Data   RO         2743    .constdata          GUI_CM3_L.lib(f20b_1.o)
    0x0000c0a8   0x0000c0a8   0x00000028   Data   RO         2744    .constdata          GUI_CM3_L.lib(f20b_1.o)
    0x0000c0d0   0x0000c0d0   0x00000028   Data   RO         2745    .constdata          GUI_CM3_L.lib(f20b_1.o)
    0x0000c0f8   0x0000c0f8   0x00000028   Data   RO         2746    .constdata          GUI_CM3_L.lib(f20b_1.o)
    0x0000c120   0x0000c120   0x00000028   Data   RO         2747    .constdata          GUI_CM3_L.lib(f20b_1.o)
    0x0000c148   0x0000c148   0x00000028   Data   RO         2748    .constdata          GUI_CM3_L.lib(f20b_1.o)
    0x0000c170   0x0000c170   0x00000028   Data   RO         2749    .constdata          GUI_CM3_L.lib(f20b_1.o)
    0x0000c198   0x0000c198   0x00000028   Data   RO         2750    .constdata          GUI_CM3_L.lib(f20b_1.o)
    0x0000c1c0   0x0000c1c0   0x00000028   Data   RO         2751    .constdata          GUI_CM3_L.lib(f20b_1.o)
    0x0000c1e8   0x0000c1e8   0x00000028   Data   RO         2752    .constdata          GUI_CM3_L.lib(f20b_1.o)
    0x0000c210   0x0000c210   0x00000028   Data   RO         2753    .constdata          GUI_CM3_L.lib(f20b_1.o)
    0x0000c238   0x0000c238   0x00000028   Data   RO         2754    .constdata          GUI_CM3_L.lib(f20b_1.o)
    0x0000c260   0x0000c260   0x00000300   Data   RO         2755    .constdata          GUI_CM3_L.lib(f20b_1.o)
    0x0000c560   0x0000c560   0x0000000c   Data   RO         2756    .constdata          GUI_CM3_L.lib(f20b_1.o)
    0x0000c56c   0x0000c56c   0x00000024   Data   RO         2757    .constdata          GUI_CM3_L.lib(f20b_1.o)
    0x0000c590   0x0000c590   0x00000100   Data   RO         3229    .constdata          GUI_CM3_L.lib(gui__divtbl_255_31.o)
    0x0000c690   0x0000c690   0x00000100   Data   RO         3236    .constdata          GUI_CM3_L.lib(gui__divtbl_255_63.o)
    0x0000c790   0x0000c790   0x00000020   Data   RO         3243    .constdata          GUI_CM3_L.lib(gui__divtbl_31_255.o)
    0x0000c7b0   0x0000c7b0   0x00000040   Data   RO         3250    .constdata          GUI_CM3_L.lib(gui__divtbl_63_255.o)
    0x0000c7f0   0x0000c7f0   0x00000028   Data   RO         3276    .constdata          GUI_CM3_L.lib(gui_adddecshift.o)
    0x0000c818   0x0000c818   0x00000010   Data   RO         3394    .constdata          GUI_CM3_L.lib(gui_uc_encodenone.o)
    0x0000c828   0x0000c828   0x0000000c   Data   RO         3424    .constdata          GUI_CM3_L.lib(lcd.o)
    0x0000c834   0x0000c834   0x00000100   Data   RO         3471    .constdata          GUI_CM3_L.lib(lcd_mirror.o)
    0x0000c934   0x0000c934   0x0000000d   Data   RO         3478    .constdata          GUI_CM3_L.lib(f13_ascii.o)
    0x0000c941   0x0000c941   0x0000000d   Data   RO         3479    .constdata          GUI_CM3_L.lib(f13_ascii.o)
    0x0000c94e   0x0000c94e   0x0000000d   Data   RO         3480    .constdata          GUI_CM3_L.lib(f13_ascii.o)
    0x0000c95b   0x0000c95b   0x0000000d   Data   RO         3481    .constdata          GUI_CM3_L.lib(f13_ascii.o)
    0x0000c968   0x0000c968   0x0000000d   Data   RO         3482    .constdata          GUI_CM3_L.lib(f13_ascii.o)
    0x0000c975   0x0000c975   0x0000001a   Data   RO         3483    .constdata          GUI_CM3_L.lib(f13_ascii.o)
    0x0000c98f   0x0000c98f   0x0000000d   Data   RO         3484    .constdata          GUI_CM3_L.lib(f13_ascii.o)
    0x0000c99c   0x0000c99c   0x0000000d   Data   RO         3485    .constdata          GUI_CM3_L.lib(f13_ascii.o)
    0x0000c9a9   0x0000c9a9   0x0000000d   Data   RO         3486    .constdata          GUI_CM3_L.lib(f13_ascii.o)
    0x0000c9b6   0x0000c9b6   0x0000000d   Data   RO         3487    .constdata          GUI_CM3_L.lib(f13_ascii.o)
    0x0000c9c3   0x0000c9c3   0x0000000d   Data   RO         3488    .constdata          GUI_CM3_L.lib(f13_ascii.o)
    0x0000c9d0   0x0000c9d0   0x0000000d   Data   RO         3489    .constdata          GUI_CM3_L.lib(f13_ascii.o)
    0x0000c9dd   0x0000c9dd   0x0000000d   Data   RO         3490    .constdata          GUI_CM3_L.lib(f13_ascii.o)
    0x0000c9ea   0x0000c9ea   0x0000000d   Data   RO         3491    .constdata          GUI_CM3_L.lib(f13_ascii.o)
    0x0000c9f7   0x0000c9f7   0x0000000d   Data   RO         3492    .constdata          GUI_CM3_L.lib(f13_ascii.o)
    0x0000ca04   0x0000ca04   0x0000000d   Data   RO         3493    .constdata          GUI_CM3_L.lib(f13_ascii.o)
    0x0000ca11   0x0000ca11   0x0000000d   Data   RO         3494    .constdata          GUI_CM3_L.lib(f13_ascii.o)
    0x0000ca1e   0x0000ca1e   0x0000000d   Data   RO         3495    .constdata          GUI_CM3_L.lib(f13_ascii.o)
    0x0000ca2b   0x0000ca2b   0x0000000d   Data   RO         3496    .constdata          GUI_CM3_L.lib(f13_ascii.o)
    0x0000ca38   0x0000ca38   0x0000000d   Data   RO         3497    .constdata          GUI_CM3_L.lib(f13_ascii.o)
    0x0000ca45   0x0000ca45   0x0000000d   Data   RO         3498    .constdata          GUI_CM3_L.lib(f13_ascii.o)
    0x0000ca52   0x0000ca52   0x0000000d   Data   RO         3499    .constdata          GUI_CM3_L.lib(f13_ascii.o)
    0x0000ca5f   0x0000ca5f   0x0000000d   Data   RO         3500    .constdata          GUI_CM3_L.lib(f13_ascii.o)
    0x0000ca6c   0x0000ca6c   0x0000000d   Data   RO         3501    .constdata          GUI_CM3_L.lib(f13_ascii.o)
    0x0000ca79   0x0000ca79   0x0000000d   Data   RO         3502    .constdata          GUI_CM3_L.lib(f13_ascii.o)
    0x0000ca86   0x0000ca86   0x0000000d   Data   RO         3503    .constdata          GUI_CM3_L.lib(f13_ascii.o)
    0x0000ca93   0x0000ca93   0x0000000d   Data   RO         3504    .constdata          GUI_CM3_L.lib(f13_ascii.o)
    0x0000caa0   0x0000caa0   0x0000000d   Data   RO         3505    .constdata          GUI_CM3_L.lib(f13_ascii.o)
    0x0000caad   0x0000caad   0x0000000d   Data   RO         3506    .constdata          GUI_CM3_L.lib(f13_ascii.o)
    0x0000caba   0x0000caba   0x0000000d   Data   RO         3507    .constdata          GUI_CM3_L.lib(f13_ascii.o)
    0x0000cac7   0x0000cac7   0x0000000d   Data   RO         3508    .constdata          GUI_CM3_L.lib(f13_ascii.o)
    0x0000cad4   0x0000cad4   0x0000000d   Data   RO         3509    .constdata          GUI_CM3_L.lib(f13_ascii.o)
    0x0000cae1   0x0000cae1   0x0000001a   Data   RO         3510    .constdata          GUI_CM3_L.lib(f13_ascii.o)
    0x0000cafb   0x0000cafb   0x0000000d   Data   RO         3511    .constdata          GUI_CM3_L.lib(f13_ascii.o)
    0x0000cb08   0x0000cb08   0x0000000d   Data   RO         3512    .constdata          GUI_CM3_L.lib(f13_ascii.o)
    0x0000cb15   0x0000cb15   0x0000000d   Data   RO         3513    .constdata          GUI_CM3_L.lib(f13_ascii.o)
    0x0000cb22   0x0000cb22   0x0000000d   Data   RO         3514    .constdata          GUI_CM3_L.lib(f13_ascii.o)
    0x0000cb2f   0x0000cb2f   0x0000000d   Data   RO         3515    .constdata          GUI_CM3_L.lib(f13_ascii.o)
    0x0000cb3c   0x0000cb3c   0x0000000d   Data   RO         3516    .constdata          GUI_CM3_L.lib(f13_ascii.o)
    0x0000cb49   0x0000cb49   0x0000000d   Data   RO         3517    .constdata          GUI_CM3_L.lib(f13_ascii.o)
    0x0000cb56   0x0000cb56   0x0000000d   Data   RO         3518    .constdata          GUI_CM3_L.lib(f13_ascii.o)
    0x0000cb63   0x0000cb63   0x0000000d   Data   RO         3519    .constdata          GUI_CM3_L.lib(f13_ascii.o)
    0x0000cb70   0x0000cb70   0x0000000d   Data   RO         3520    .constdata          GUI_CM3_L.lib(f13_ascii.o)
    0x0000cb7d   0x0000cb7d   0x0000000d   Data   RO         3521    .constdata          GUI_CM3_L.lib(f13_ascii.o)
    0x0000cb8a   0x0000cb8a   0x0000000d   Data   RO         3522    .constdata          GUI_CM3_L.lib(f13_ascii.o)
    0x0000cb97   0x0000cb97   0x0000000d   Data   RO         3523    .constdata          GUI_CM3_L.lib(f13_ascii.o)
    0x0000cba4   0x0000cba4   0x0000000d   Data   RO         3524    .constdata          GUI_CM3_L.lib(f13_ascii.o)
    0x0000cbb1   0x0000cbb1   0x0000000d   Data   RO         3525    .constdata          GUI_CM3_L.lib(f13_ascii.o)
    0x0000cbbe   0x0000cbbe   0x0000000d   Data   RO         3526    .constdata          GUI_CM3_L.lib(f13_ascii.o)
    0x0000cbcb   0x0000cbcb   0x0000000d   Data   RO         3527    .constdata          GUI_CM3_L.lib(f13_ascii.o)
    0x0000cbd8   0x0000cbd8   0x0000000d   Data   RO         3528    .constdata          GUI_CM3_L.lib(f13_ascii.o)
    0x0000cbe5   0x0000cbe5   0x0000000d   Data   RO         3529    .constdata          GUI_CM3_L.lib(f13_ascii.o)
    0x0000cbf2   0x0000cbf2   0x0000000d   Data   RO         3530    .constdata          GUI_CM3_L.lib(f13_ascii.o)
    0x0000cbff   0x0000cbff   0x0000000d   Data   RO         3531    .constdata          GUI_CM3_L.lib(f13_ascii.o)
    0x0000cc0c   0x0000cc0c   0x0000000d   Data   RO         3532    .constdata          GUI_CM3_L.lib(f13_ascii.o)
    0x0000cc19   0x0000cc19   0x0000001a   Data   RO         3533    .constdata          GUI_CM3_L.lib(f13_ascii.o)
    0x0000cc33   0x0000cc33   0x0000000d   Data   RO         3534    .constdata          GUI_CM3_L.lib(f13_ascii.o)
    0x0000cc40   0x0000cc40   0x0000000d   Data   RO         3535    .constdata          GUI_CM3_L.lib(f13_ascii.o)
    0x0000cc4d   0x0000cc4d   0x0000000d   Data   RO         3536    .constdata          GUI_CM3_L.lib(f13_ascii.o)
    0x0000cc5a   0x0000cc5a   0x0000000d   Data   RO         3537    .constdata          GUI_CM3_L.lib(f13_ascii.o)
    0x0000cc67   0x0000cc67   0x0000000d   Data   RO         3538    .constdata          GUI_CM3_L.lib(f13_ascii.o)
    0x0000cc74   0x0000cc74   0x0000000d   Data   RO         3539    .constdata          GUI_CM3_L.lib(f13_ascii.o)
    0x0000cc81   0x0000cc81   0x0000000d   Data   RO         3540    .constdata          GUI_CM3_L.lib(f13_ascii.o)
    0x0000cc8e   0x0000cc8e   0x0000000d   Data   RO         3541    .constdata          GUI_CM3_L.lib(f13_ascii.o)
    0x0000cc9b   0x0000cc9b   0x0000000d   Data   RO         3542    .constdata          GUI_CM3_L.lib(f13_ascii.o)
    0x0000cca8   0x0000cca8   0x0000000d   Data   RO         3543    .constdata          GUI_CM3_L.lib(f13_ascii.o)
    0x0000ccb5   0x0000ccb5   0x0000000d   Data   RO         3544    .constdata          GUI_CM3_L.lib(f13_ascii.o)
    0x0000ccc2   0x0000ccc2   0x0000000d   Data   RO         3545    .constdata          GUI_CM3_L.lib(f13_ascii.o)
    0x0000cccf   0x0000cccf   0x0000000d   Data   RO         3546    .constdata          GUI_CM3_L.lib(f13_ascii.o)
    0x0000ccdc   0x0000ccdc   0x0000000d   Data   RO         3547    .constdata          GUI_CM3_L.lib(f13_ascii.o)
    0x0000cce9   0x0000cce9   0x0000000d   Data   RO         3548    .constdata          GUI_CM3_L.lib(f13_ascii.o)
    0x0000ccf6   0x0000ccf6   0x0000000d   Data   RO         3549    .constdata          GUI_CM3_L.lib(f13_ascii.o)
    0x0000cd03   0x0000cd03   0x0000000d   Data   RO         3550    .constdata          GUI_CM3_L.lib(f13_ascii.o)
    0x0000cd10   0x0000cd10   0x0000000d   Data   RO         3551    .constdata          GUI_CM3_L.lib(f13_ascii.o)
    0x0000cd1d   0x0000cd1d   0x0000000d   Data   RO         3552    .constdata          GUI_CM3_L.lib(f13_ascii.o)
    0x0000cd2a   0x0000cd2a   0x0000000d   Data   RO         3553    .constdata          GUI_CM3_L.lib(f13_ascii.o)
    0x0000cd37   0x0000cd37   0x0000000d   Data   RO         3554    .constdata          GUI_CM3_L.lib(f13_ascii.o)
    0x0000cd44   0x0000cd44   0x0000000d   Data   RO         3555    .constdata          GUI_CM3_L.lib(f13_ascii.o)
    0x0000cd51   0x0000cd51   0x0000000d   Data   RO         3556    .constdata          GUI_CM3_L.lib(f13_ascii.o)
    0x0000cd5e   0x0000cd5e   0x0000000d   Data   RO         3557    .constdata          GUI_CM3_L.lib(f13_ascii.o)
    0x0000cd6b   0x0000cd6b   0x0000000d   Data   RO         3558    .constdata          GUI_CM3_L.lib(f13_ascii.o)
    0x0000cd78   0x0000cd78   0x0000000d   Data   RO         3559    .constdata          GUI_CM3_L.lib(f13_ascii.o)
    0x0000cd85   0x0000cd85   0x0000000d   Data   RO         3560    .constdata          GUI_CM3_L.lib(f13_ascii.o)
    0x0000cd92   0x0000cd92   0x0000000d   Data   RO         3561    .constdata          GUI_CM3_L.lib(f13_ascii.o)
    0x0000cd9f   0x0000cd9f   0x0000000d   Data   RO         3562    .constdata          GUI_CM3_L.lib(f13_ascii.o)
    0x0000cdac   0x0000cdac   0x0000000d   Data   RO         3563    .constdata          GUI_CM3_L.lib(f13_ascii.o)
    0x0000cdb9   0x0000cdb9   0x0000000d   Data   RO         3564    .constdata          GUI_CM3_L.lib(f13_ascii.o)
    0x0000cdc6   0x0000cdc6   0x0000000d   Data   RO         3565    .constdata          GUI_CM3_L.lib(f13_ascii.o)
    0x0000cdd3   0x0000cdd3   0x0000000d   Data   RO         3566    .constdata          GUI_CM3_L.lib(f13_ascii.o)
    0x0000cde0   0x0000cde0   0x0000000d   Data   RO         3567    .constdata          GUI_CM3_L.lib(f13_ascii.o)
    0x0000cded   0x0000cded   0x0000000d   Data   RO         3568    .constdata          GUI_CM3_L.lib(f13_ascii.o)
    0x0000cdfa   0x0000cdfa   0x0000000d   Data   RO         3569    .constdata          GUI_CM3_L.lib(f13_ascii.o)
    0x0000ce07   0x0000ce07   0x0000000d   Data   RO         3570    .constdata          GUI_CM3_L.lib(f13_ascii.o)
    0x0000ce14   0x0000ce14   0x0000000d   Data   RO         3571    .constdata          GUI_CM3_L.lib(f13_ascii.o)
    0x0000ce21   0x0000ce21   0x0000000d   Data   RO         3572    .constdata          GUI_CM3_L.lib(f13_ascii.o)
    0x0000ce2e   0x0000ce2e   0x00000002   PAD
    0x0000ce30   0x0000ce30   0x000002f8   Data   RO         3573    .constdata          GUI_CM3_L.lib(f13_ascii.o)
    0x0000d128   0x0000d128   0x0000000c   Data   RO         3574    .constdata          GUI_CM3_L.lib(f13_ascii.o)
    0x0000d134   0x0000d134   0x00000010   Data   RO         3582    .constdata          GUI_CM3_L.lib(f16b_ascii.o)
    0x0000d144   0x0000d144   0x00000010   Data   RO         3583    .constdata          GUI_CM3_L.lib(f16b_ascii.o)
    0x0000d154   0x0000d154   0x00000010   Data   RO         3584    .constdata          GUI_CM3_L.lib(f16b_ascii.o)
    0x0000d164   0x0000d164   0x00000010   Data   RO         3585    .constdata          GUI_CM3_L.lib(f16b_ascii.o)
    0x0000d174   0x0000d174   0x00000010   Data   RO         3586    .constdata          GUI_CM3_L.lib(f16b_ascii.o)
    0x0000d184   0x0000d184   0x00000020   Data   RO         3587    .constdata          GUI_CM3_L.lib(f16b_ascii.o)
    0x0000d1a4   0x0000d1a4   0x00000020   Data   RO         3588    .constdata          GUI_CM3_L.lib(f16b_ascii.o)
    0x0000d1c4   0x0000d1c4   0x00000010   Data   RO         3589    .constdata          GUI_CM3_L.lib(f16b_ascii.o)
    0x0000d1d4   0x0000d1d4   0x00000010   Data   RO         3590    .constdata          GUI_CM3_L.lib(f16b_ascii.o)
    0x0000d1e4   0x0000d1e4   0x00000010   Data   RO         3591    .constdata          GUI_CM3_L.lib(f16b_ascii.o)
    0x0000d1f4   0x0000d1f4   0x00000010   Data   RO         3592    .constdata          GUI_CM3_L.lib(f16b_ascii.o)
    0x0000d204   0x0000d204   0x00000010   Data   RO         3593    .constdata          GUI_CM3_L.lib(f16b_ascii.o)
    0x0000d214   0x0000d214   0x00000010   Data   RO         3594    .constdata          GUI_CM3_L.lib(f16b_ascii.o)
    0x0000d224   0x0000d224   0x00000010   Data   RO         3595    .constdata          GUI_CM3_L.lib(f16b_ascii.o)
    0x0000d234   0x0000d234   0x00000010   Data   RO         3596    .constdata          GUI_CM3_L.lib(f16b_ascii.o)
    0x0000d244   0x0000d244   0x00000010   Data   RO         3597    .constdata          GUI_CM3_L.lib(f16b_ascii.o)
    0x0000d254   0x0000d254   0x00000010   Data   RO         3598    .constdata          GUI_CM3_L.lib(f16b_ascii.o)
    0x0000d264   0x0000d264   0x00000010   Data   RO         3599    .constdata          GUI_CM3_L.lib(f16b_ascii.o)
    0x0000d274   0x0000d274   0x00000010   Data   RO         3600    .constdata          GUI_CM3_L.lib(f16b_ascii.o)
    0x0000d284   0x0000d284   0x00000010   Data   RO         3601    .constdata          GUI_CM3_L.lib(f16b_ascii.o)
    0x0000d294   0x0000d294   0x00000010   Data   RO         3602    .constdata          GUI_CM3_L.lib(f16b_ascii.o)
    0x0000d2a4   0x0000d2a4   0x00000010   Data   RO         3603    .constdata          GUI_CM3_L.lib(f16b_ascii.o)
    0x0000d2b4   0x0000d2b4   0x00000010   Data   RO         3604    .constdata          GUI_CM3_L.lib(f16b_ascii.o)
    0x0000d2c4   0x0000d2c4   0x00000010   Data   RO         3605    .constdata          GUI_CM3_L.lib(f16b_ascii.o)
    0x0000d2d4   0x0000d2d4   0x00000010   Data   RO         3606    .constdata          GUI_CM3_L.lib(f16b_ascii.o)
    0x0000d2e4   0x0000d2e4   0x00000010   Data   RO         3607    .constdata          GUI_CM3_L.lib(f16b_ascii.o)
    0x0000d2f4   0x0000d2f4   0x00000010   Data   RO         3608    .constdata          GUI_CM3_L.lib(f16b_ascii.o)
    0x0000d304   0x0000d304   0x00000010   Data   RO         3609    .constdata          GUI_CM3_L.lib(f16b_ascii.o)
    0x0000d314   0x0000d314   0x00000010   Data   RO         3610    .constdata          GUI_CM3_L.lib(f16b_ascii.o)
    0x0000d324   0x0000d324   0x00000010   Data   RO         3611    .constdata          GUI_CM3_L.lib(f16b_ascii.o)
    0x0000d334   0x0000d334   0x00000010   Data   RO         3612    .constdata          GUI_CM3_L.lib(f16b_ascii.o)
    0x0000d344   0x0000d344   0x00000010   Data   RO         3613    .constdata          GUI_CM3_L.lib(f16b_ascii.o)
    0x0000d354   0x0000d354   0x00000020   Data   RO         3614    .constdata          GUI_CM3_L.lib(f16b_ascii.o)
    0x0000d374   0x0000d374   0x00000020   Data   RO         3615    .constdata          GUI_CM3_L.lib(f16b_ascii.o)
    0x0000d394   0x0000d394   0x00000020   Data   RO         3616    .constdata          GUI_CM3_L.lib(f16b_ascii.o)
    0x0000d3b4   0x0000d3b4   0x00000020   Data   RO         3617    .constdata          GUI_CM3_L.lib(f16b_ascii.o)
    0x0000d3d4   0x0000d3d4   0x00000020   Data   RO         3618    .constdata          GUI_CM3_L.lib(f16b_ascii.o)
    0x0000d3f4   0x0000d3f4   0x00000010   Data   RO         3619    .constdata          GUI_CM3_L.lib(f16b_ascii.o)
    0x0000d404   0x0000d404   0x00000010   Data   RO         3620    .constdata          GUI_CM3_L.lib(f16b_ascii.o)
    0x0000d414   0x0000d414   0x00000020   Data   RO         3621    .constdata          GUI_CM3_L.lib(f16b_ascii.o)
    0x0000d434   0x0000d434   0x00000020   Data   RO         3622    .constdata          GUI_CM3_L.lib(f16b_ascii.o)
    0x0000d454   0x0000d454   0x00000010   Data   RO         3623    .constdata          GUI_CM3_L.lib(f16b_ascii.o)
    0x0000d464   0x0000d464   0x00000010   Data   RO         3624    .constdata          GUI_CM3_L.lib(f16b_ascii.o)
    0x0000d474   0x0000d474   0x00000020   Data   RO         3625    .constdata          GUI_CM3_L.lib(f16b_ascii.o)
    0x0000d494   0x0000d494   0x00000010   Data   RO         3626    .constdata          GUI_CM3_L.lib(f16b_ascii.o)
    0x0000d4a4   0x0000d4a4   0x00000020   Data   RO         3627    .constdata          GUI_CM3_L.lib(f16b_ascii.o)
    0x0000d4c4   0x0000d4c4   0x00000020   Data   RO         3628    .constdata          GUI_CM3_L.lib(f16b_ascii.o)
    0x0000d4e4   0x0000d4e4   0x00000020   Data   RO         3629    .constdata          GUI_CM3_L.lib(f16b_ascii.o)
    0x0000d504   0x0000d504   0x00000020   Data   RO         3630    .constdata          GUI_CM3_L.lib(f16b_ascii.o)
    0x0000d524   0x0000d524   0x00000020   Data   RO         3631    .constdata          GUI_CM3_L.lib(f16b_ascii.o)
    0x0000d544   0x0000d544   0x00000020   Data   RO         3632    .constdata          GUI_CM3_L.lib(f16b_ascii.o)
    0x0000d564   0x0000d564   0x00000020   Data   RO         3633    .constdata          GUI_CM3_L.lib(f16b_ascii.o)
    0x0000d584   0x0000d584   0x00000010   Data   RO         3634    .constdata          GUI_CM3_L.lib(f16b_ascii.o)
    0x0000d594   0x0000d594   0x00000020   Data   RO         3635    .constdata          GUI_CM3_L.lib(f16b_ascii.o)
    0x0000d5b4   0x0000d5b4   0x00000020   Data   RO         3636    .constdata          GUI_CM3_L.lib(f16b_ascii.o)
    0x0000d5d4   0x0000d5d4   0x00000020   Data   RO         3637    .constdata          GUI_CM3_L.lib(f16b_ascii.o)
    0x0000d5f4   0x0000d5f4   0x00000020   Data   RO         3638    .constdata          GUI_CM3_L.lib(f16b_ascii.o)
    0x0000d614   0x0000d614   0x00000010   Data   RO         3639    .constdata          GUI_CM3_L.lib(f16b_ascii.o)
    0x0000d624   0x0000d624   0x00000010   Data   RO         3640    .constdata          GUI_CM3_L.lib(f16b_ascii.o)
    0x0000d634   0x0000d634   0x00000010   Data   RO         3641    .constdata          GUI_CM3_L.lib(f16b_ascii.o)
    0x0000d644   0x0000d644   0x00000010   Data   RO         3642    .constdata          GUI_CM3_L.lib(f16b_ascii.o)
    0x0000d654   0x0000d654   0x00000010   Data   RO         3643    .constdata          GUI_CM3_L.lib(f16b_ascii.o)
    0x0000d664   0x0000d664   0x00000010   Data   RO         3644    .constdata          GUI_CM3_L.lib(f16b_ascii.o)
    0x0000d674   0x0000d674   0x00000010   Data   RO         3645    .constdata          GUI_CM3_L.lib(f16b_ascii.o)
    0x0000d684   0x0000d684   0x00000010   Data   RO         3646    .constdata          GUI_CM3_L.lib(f16b_ascii.o)
    0x0000d694   0x0000d694   0x00000010   Data   RO         3647    .constdata          GUI_CM3_L.lib(f16b_ascii.o)
    0x0000d6a4   0x0000d6a4   0x00000010   Data   RO         3648    .constdata          GUI_CM3_L.lib(f16b_ascii.o)
    0x0000d6b4   0x0000d6b4   0x00000010   Data   RO         3649    .constdata          GUI_CM3_L.lib(f16b_ascii.o)
    0x0000d6c4   0x0000d6c4   0x00000010   Data   RO         3650    .constdata          GUI_CM3_L.lib(f16b_ascii.o)
    0x0000d6d4   0x0000d6d4   0x00000010   Data   RO         3651    .constdata          GUI_CM3_L.lib(f16b_ascii.o)
    0x0000d6e4   0x0000d6e4   0x00000010   Data   RO         3652    .constdata          GUI_CM3_L.lib(f16b_ascii.o)
    0x0000d6f4   0x0000d6f4   0x00000010   Data   RO         3653    .constdata          GUI_CM3_L.lib(f16b_ascii.o)
    0x0000d704   0x0000d704   0x00000010   Data   RO         3654    .constdata          GUI_CM3_L.lib(f16b_ascii.o)
    0x0000d714   0x0000d714   0x00000010   Data   RO         3655    .constdata          GUI_CM3_L.lib(f16b_ascii.o)
    0x0000d724   0x0000d724   0x00000010   Data   RO         3656    .constdata          GUI_CM3_L.lib(f16b_ascii.o)
    0x0000d734   0x0000d734   0x00000010   Data   RO         3657    .constdata          GUI_CM3_L.lib(f16b_ascii.o)
    0x0000d744   0x0000d744   0x00000010   Data   RO         3658    .constdata          GUI_CM3_L.lib(f16b_ascii.o)
    0x0000d754   0x0000d754   0x00000020   Data   RO         3659    .constdata          GUI_CM3_L.lib(f16b_ascii.o)
    0x0000d774   0x0000d774   0x00000010   Data   RO         3660    .constdata          GUI_CM3_L.lib(f16b_ascii.o)
    0x0000d784   0x0000d784   0x00000010   Data   RO         3661    .constdata          GUI_CM3_L.lib(f16b_ascii.o)
    0x0000d794   0x0000d794   0x00000010   Data   RO         3662    .constdata          GUI_CM3_L.lib(f16b_ascii.o)
    0x0000d7a4   0x0000d7a4   0x00000010   Data   RO         3663    .constdata          GUI_CM3_L.lib(f16b_ascii.o)
    0x0000d7b4   0x0000d7b4   0x00000010   Data   RO         3664    .constdata          GUI_CM3_L.lib(f16b_ascii.o)
    0x0000d7c4   0x0000d7c4   0x00000010   Data   RO         3665    .constdata          GUI_CM3_L.lib(f16b_ascii.o)
    0x0000d7d4   0x0000d7d4   0x00000010   Data   RO         3666    .constdata          GUI_CM3_L.lib(f16b_ascii.o)
    0x0000d7e4   0x0000d7e4   0x00000010   Data   RO         3667    .constdata          GUI_CM3_L.lib(f16b_ascii.o)
    0x0000d7f4   0x0000d7f4   0x00000010   Data   RO         3668    .constdata          GUI_CM3_L.lib(f16b_ascii.o)
    0x0000d804   0x0000d804   0x00000020   Data   RO         3669    .constdata          GUI_CM3_L.lib(f16b_ascii.o)
    0x0000d824   0x0000d824   0x00000010   Data   RO         3670    .constdata          GUI_CM3_L.lib(f16b_ascii.o)
    0x0000d834   0x0000d834   0x00000010   Data   RO         3671    .constdata          GUI_CM3_L.lib(f16b_ascii.o)
    0x0000d844   0x0000d844   0x00000010   Data   RO         3672    .constdata          GUI_CM3_L.lib(f16b_ascii.o)
    0x0000d854   0x0000d854   0x00000010   Data   RO         3673    .constdata          GUI_CM3_L.lib(f16b_ascii.o)
    0x0000d864   0x0000d864   0x00000010   Data   RO         3674    .constdata          GUI_CM3_L.lib(f16b_ascii.o)
    0x0000d874   0x0000d874   0x00000010   Data   RO         3675    .constdata          GUI_CM3_L.lib(f16b_ascii.o)
    0x0000d884   0x0000d884   0x00000010   Data   RO         3676    .constdata          GUI_CM3_L.lib(f16b_ascii.o)
    0x0000d894   0x0000d894   0x000002f8   Data   RO         3677    .constdata          GUI_CM3_L.lib(f16b_ascii.o)
    0x0000db8c   0x0000db8c   0x0000000c   Data   RO         3678    .constdata          GUI_CM3_L.lib(f16b_ascii.o)
    0x0000db98   0x0000db98   0x00000014   Data   RO         3686    .constdata          GUI_CM3_L.lib(f20b_ascii.o)
    0x0000dbac   0x0000dbac   0x00000014   Data   RO         3687    .constdata          GUI_CM3_L.lib(f20b_ascii.o)
    0x0000dbc0   0x0000dbc0   0x00000028   Data   RO         3688    .constdata          GUI_CM3_L.lib(f20b_ascii.o)
    0x0000dbe8   0x0000dbe8   0x00000028   Data   RO         3689    .constdata          GUI_CM3_L.lib(f20b_ascii.o)
    0x0000dc10   0x0000dc10   0x00000028   Data   RO         3690    .constdata          GUI_CM3_L.lib(f20b_ascii.o)
    0x0000dc38   0x0000dc38   0x0000003c   Data   RO         3691    .constdata          GUI_CM3_L.lib(f20b_ascii.o)
    0x0000dc74   0x0000dc74   0x00000028   Data   RO         3692    .constdata          GUI_CM3_L.lib(f20b_ascii.o)
    0x0000dc9c   0x0000dc9c   0x00000014   Data   RO         3693    .constdata          GUI_CM3_L.lib(f20b_ascii.o)
    0x0000dcb0   0x0000dcb0   0x00000014   Data   RO         3694    .constdata          GUI_CM3_L.lib(f20b_ascii.o)
    0x0000dcc4   0x0000dcc4   0x00000014   Data   RO         3695    .constdata          GUI_CM3_L.lib(f20b_ascii.o)
    0x0000dcd8   0x0000dcd8   0x00000014   Data   RO         3696    .constdata          GUI_CM3_L.lib(f20b_ascii.o)
    0x0000dcec   0x0000dcec   0x00000028   Data   RO         3697    .constdata          GUI_CM3_L.lib(f20b_ascii.o)
    0x0000dd14   0x0000dd14   0x00000014   Data   RO         3698    .constdata          GUI_CM3_L.lib(f20b_ascii.o)
    0x0000dd28   0x0000dd28   0x00000014   Data   RO         3699    .constdata          GUI_CM3_L.lib(f20b_ascii.o)
    0x0000dd3c   0x0000dd3c   0x00000014   Data   RO         3700    .constdata          GUI_CM3_L.lib(f20b_ascii.o)
    0x0000dd50   0x0000dd50   0x00000014   Data   RO         3701    .constdata          GUI_CM3_L.lib(f20b_ascii.o)
    0x0000dd64   0x0000dd64   0x00000028   Data   RO         3702    .constdata          GUI_CM3_L.lib(f20b_ascii.o)
    0x0000dd8c   0x0000dd8c   0x00000028   Data   RO         3703    .constdata          GUI_CM3_L.lib(f20b_ascii.o)
    0x0000ddb4   0x0000ddb4   0x00000028   Data   RO         3704    .constdata          GUI_CM3_L.lib(f20b_ascii.o)
    0x0000dddc   0x0000dddc   0x00000028   Data   RO         3705    .constdata          GUI_CM3_L.lib(f20b_ascii.o)
    0x0000de04   0x0000de04   0x00000028   Data   RO         3706    .constdata          GUI_CM3_L.lib(f20b_ascii.o)
    0x0000de2c   0x0000de2c   0x00000028   Data   RO         3707    .constdata          GUI_CM3_L.lib(f20b_ascii.o)
    0x0000de54   0x0000de54   0x00000028   Data   RO         3708    .constdata          GUI_CM3_L.lib(f20b_ascii.o)
    0x0000de7c   0x0000de7c   0x00000028   Data   RO         3709    .constdata          GUI_CM3_L.lib(f20b_ascii.o)
    0x0000dea4   0x0000dea4   0x00000028   Data   RO         3710    .constdata          GUI_CM3_L.lib(f20b_ascii.o)
    0x0000decc   0x0000decc   0x00000028   Data   RO         3711    .constdata          GUI_CM3_L.lib(f20b_ascii.o)
    0x0000def4   0x0000def4   0x00000014   Data   RO         3712    .constdata          GUI_CM3_L.lib(f20b_ascii.o)
    0x0000df08   0x0000df08   0x00000014   Data   RO         3713    .constdata          GUI_CM3_L.lib(f20b_ascii.o)
    0x0000df1c   0x0000df1c   0x00000028   Data   RO         3714    .constdata          GUI_CM3_L.lib(f20b_ascii.o)
    0x0000df44   0x0000df44   0x00000028   Data   RO         3715    .constdata          GUI_CM3_L.lib(f20b_ascii.o)
    0x0000df6c   0x0000df6c   0x00000028   Data   RO         3716    .constdata          GUI_CM3_L.lib(f20b_ascii.o)
    0x0000df94   0x0000df94   0x00000028   Data   RO         3717    .constdata          GUI_CM3_L.lib(f20b_ascii.o)
    0x0000dfbc   0x0000dfbc   0x0000003c   Data   RO         3718    .constdata          GUI_CM3_L.lib(f20b_ascii.o)
    0x0000dff8   0x0000dff8   0x00000028   Data   RO         3719    .constdata          GUI_CM3_L.lib(f20b_ascii.o)
    0x0000e020   0x0000e020   0x00000028   Data   RO         3720    .constdata          GUI_CM3_L.lib(f20b_ascii.o)
    0x0000e048   0x0000e048   0x00000028   Data   RO         3721    .constdata          GUI_CM3_L.lib(f20b_ascii.o)
    0x0000e070   0x0000e070   0x00000028   Data   RO         3722    .constdata          GUI_CM3_L.lib(f20b_ascii.o)
    0x0000e098   0x0000e098   0x00000028   Data   RO         3723    .constdata          GUI_CM3_L.lib(f20b_ascii.o)
    0x0000e0c0   0x0000e0c0   0x00000028   Data   RO         3724    .constdata          GUI_CM3_L.lib(f20b_ascii.o)
    0x0000e0e8   0x0000e0e8   0x00000028   Data   RO         3725    .constdata          GUI_CM3_L.lib(f20b_ascii.o)
    0x0000e110   0x0000e110   0x00000028   Data   RO         3726    .constdata          GUI_CM3_L.lib(f20b_ascii.o)
    0x0000e138   0x0000e138   0x00000014   Data   RO         3727    .constdata          GUI_CM3_L.lib(f20b_ascii.o)
    0x0000e14c   0x0000e14c   0x00000028   Data   RO         3728    .constdata          GUI_CM3_L.lib(f20b_ascii.o)
    0x0000e174   0x0000e174   0x00000028   Data   RO         3729    .constdata          GUI_CM3_L.lib(f20b_ascii.o)
    0x0000e19c   0x0000e19c   0x00000028   Data   RO         3730    .constdata          GUI_CM3_L.lib(f20b_ascii.o)
    0x0000e1c4   0x0000e1c4   0x00000028   Data   RO         3731    .constdata          GUI_CM3_L.lib(f20b_ascii.o)
    0x0000e1ec   0x0000e1ec   0x00000028   Data   RO         3732    .constdata          GUI_CM3_L.lib(f20b_ascii.o)
    0x0000e214   0x0000e214   0x00000028   Data   RO         3733    .constdata          GUI_CM3_L.lib(f20b_ascii.o)
    0x0000e23c   0x0000e23c   0x00000028   Data   RO         3734    .constdata          GUI_CM3_L.lib(f20b_ascii.o)
    0x0000e264   0x0000e264   0x00000028   Data   RO         3735    .constdata          GUI_CM3_L.lib(f20b_ascii.o)
    0x0000e28c   0x0000e28c   0x00000028   Data   RO         3736    .constdata          GUI_CM3_L.lib(f20b_ascii.o)
    0x0000e2b4   0x0000e2b4   0x00000028   Data   RO         3737    .constdata          GUI_CM3_L.lib(f20b_ascii.o)
    0x0000e2dc   0x0000e2dc   0x00000028   Data   RO         3738    .constdata          GUI_CM3_L.lib(f20b_ascii.o)
    0x0000e304   0x0000e304   0x00000028   Data   RO         3739    .constdata          GUI_CM3_L.lib(f20b_ascii.o)
    0x0000e32c   0x0000e32c   0x00000028   Data   RO         3740    .constdata          GUI_CM3_L.lib(f20b_ascii.o)
    0x0000e354   0x0000e354   0x0000003c   Data   RO         3741    .constdata          GUI_CM3_L.lib(f20b_ascii.o)
    0x0000e390   0x0000e390   0x00000028   Data   RO         3742    .constdata          GUI_CM3_L.lib(f20b_ascii.o)
    0x0000e3b8   0x0000e3b8   0x00000028   Data   RO         3743    .constdata          GUI_CM3_L.lib(f20b_ascii.o)
    0x0000e3e0   0x0000e3e0   0x00000028   Data   RO         3744    .constdata          GUI_CM3_L.lib(f20b_ascii.o)
    0x0000e408   0x0000e408   0x00000014   Data   RO         3745    .constdata          GUI_CM3_L.lib(f20b_ascii.o)
    0x0000e41c   0x0000e41c   0x00000014   Data   RO         3746    .constdata          GUI_CM3_L.lib(f20b_ascii.o)
    0x0000e430   0x0000e430   0x00000014   Data   RO         3747    .constdata          GUI_CM3_L.lib(f20b_ascii.o)
    0x0000e444   0x0000e444   0x00000028   Data   RO         3748    .constdata          GUI_CM3_L.lib(f20b_ascii.o)
    0x0000e46c   0x0000e46c   0x00000028   Data   RO         3749    .constdata          GUI_CM3_L.lib(f20b_ascii.o)
    0x0000e494   0x0000e494   0x00000014   Data   RO         3750    .constdata          GUI_CM3_L.lib(f20b_ascii.o)
    0x0000e4a8   0x0000e4a8   0x00000028   Data   RO         3751    .constdata          GUI_CM3_L.lib(f20b_ascii.o)
    0x0000e4d0   0x0000e4d0   0x00000028   Data   RO         3752    .constdata          GUI_CM3_L.lib(f20b_ascii.o)
    0x0000e4f8   0x0000e4f8   0x00000028   Data   RO         3753    .constdata          GUI_CM3_L.lib(f20b_ascii.o)
    0x0000e520   0x0000e520   0x00000028   Data   RO         3754    .constdata          GUI_CM3_L.lib(f20b_ascii.o)
    0x0000e548   0x0000e548   0x00000028   Data   RO         3755    .constdata          GUI_CM3_L.lib(f20b_ascii.o)
    0x0000e570   0x0000e570   0x00000014   Data   RO         3756    .constdata          GUI_CM3_L.lib(f20b_ascii.o)
    0x0000e584   0x0000e584   0x00000028   Data   RO         3757    .constdata          GUI_CM3_L.lib(f20b_ascii.o)
    0x0000e5ac   0x0000e5ac   0x00000028   Data   RO         3758    .constdata          GUI_CM3_L.lib(f20b_ascii.o)
    0x0000e5d4   0x0000e5d4   0x00000014   Data   RO         3759    .constdata          GUI_CM3_L.lib(f20b_ascii.o)
    0x0000e5e8   0x0000e5e8   0x00000014   Data   RO         3760    .constdata          GUI_CM3_L.lib(f20b_ascii.o)
    0x0000e5fc   0x0000e5fc   0x00000028   Data   RO         3761    .constdata          GUI_CM3_L.lib(f20b_ascii.o)
    0x0000e624   0x0000e624   0x00000014   Data   RO         3762    .constdata          GUI_CM3_L.lib(f20b_ascii.o)
    0x0000e638   0x0000e638   0x0000003c   Data   RO         3763    .constdata          GUI_CM3_L.lib(f20b_ascii.o)
    0x0000e674   0x0000e674   0x00000028   Data   RO         3764    .constdata          GUI_CM3_L.lib(f20b_ascii.o)
    0x0000e69c   0x0000e69c   0x00000028   Data   RO         3765    .constdata          GUI_CM3_L.lib(f20b_ascii.o)
    0x0000e6c4   0x0000e6c4   0x00000028   Data   RO         3766    .constdata          GUI_CM3_L.lib(f20b_ascii.o)
    0x0000e6ec   0x0000e6ec   0x00000028   Data   RO         3767    .constdata          GUI_CM3_L.lib(f20b_ascii.o)
    0x0000e714   0x0000e714   0x00000014   Data   RO         3768    .constdata          GUI_CM3_L.lib(f20b_ascii.o)
    0x0000e728   0x0000e728   0x00000028   Data   RO         3769    .constdata          GUI_CM3_L.lib(f20b_ascii.o)
    0x0000e750   0x0000e750   0x00000014   Data   RO         3770    .constdata          GUI_CM3_L.lib(f20b_ascii.o)
    0x0000e764   0x0000e764   0x00000028   Data   RO         3771    .constdata          GUI_CM3_L.lib(f20b_ascii.o)
    0x0000e78c   0x0000e78c   0x00000028   Data   RO         3772    .constdata          GUI_CM3_L.lib(f20b_ascii.o)
    0x0000e7b4   0x0000e7b4   0x00000028   Data   RO         3773    .constdata          GUI_CM3_L.lib(f20b_ascii.o)
    0x0000e7dc   0x0000e7dc   0x00000028   Data   RO         3774    .constdata          GUI_CM3_L.lib(f20b_ascii.o)
    0x0000e804   0x0000e804   0x00000028   Data   RO         3775    .constdata          GUI_CM3_L.lib(f20b_ascii.o)
    0x0000e82c   0x0000e82c   0x00000028   Data   RO         3776    .constdata          GUI_CM3_L.lib(f20b_ascii.o)
    0x0000e854   0x0000e854   0x00000014   Data   RO         3777    .constdata          GUI_CM3_L.lib(f20b_ascii.o)
    0x0000e868   0x0000e868   0x00000014   Data   RO         3778    .constdata          GUI_CM3_L.lib(f20b_ascii.o)
    0x0000e87c   0x0000e87c   0x00000014   Data   RO         3779    .constdata          GUI_CM3_L.lib(f20b_ascii.o)
    0x0000e890   0x0000e890   0x00000028   Data   RO         3780    .constdata          GUI_CM3_L.lib(f20b_ascii.o)
    0x0000e8b8   0x0000e8b8   0x000002f8   Data   RO         3781    .constdata          GUI_CM3_L.lib(f20b_ascii.o)
    0x0000ebb0   0x0000ebb0   0x0000000c   Data   RO         3782    .constdata          GUI_CM3_L.lib(f20b_ascii.o)
    0x0000ebbc   0x0000ebbc   0x00000074   Data   RO         3806    .constdata          GUI_CM3_L.lib(guidev_16.o)
    0x0000ec30   0x0000ec30   0x00000018   Data   RO         4207    .constdata          GUI_CM3_L.lib(guicc_0.o)
    0x0000ec48   0x0000ec48   0x00000008   Data   RO         4320    .constdata          GUI_CM3_L.lib(guidev_writetoactiveopaque.o)
    0x0000ec50   0x0000ec50   0x00000028   Data   RO         5385    .constdata          c_w.l(_printf_hex_int.o)
    0x0000ec78   0x0000ec78   0x00000030   Data   RO         5613    Region$$Table       anon$$obj.o


    Execution Region RW_IRAM1 (Exec base: 0x10000000, Load base: 0x0000eca8, Size: 0x00008000, Max: 0x00008000, ABSOLUTE)

    Exec Addr    Load Addr    Size         Type   Attr      Idx    E Section Name        Object

    0x10000000        -       0x00008000   Zero   RW          177    .bss                lcd.o


    Execution Region RW_IRAM2 (Exec base: 0x2007c000, Load base: 0x0000eca8, Size: 0x00004970, Max: 0x00008000, ABSOLUTE, COMPRESSED[0x000000a4])

    Exec Addr    Load Addr    Size         Type   Attr      Idx    E Section Name        Object

    0x2007c000   COMPRESSED   0x00000094   Data   RW           14    .data               0.o
    0x2007c094   COMPRESSED   0x00000004   Data   RW          178    .data               lcd.o
    0x2007c098   COMPRESSED   0x0000000d   Data   RW          300    .data               serach_sender.o
    0x2007c0a5   COMPRESSED   0x00000003   PAD
    0x2007c0a8   COMPRESSED   0x00000004   Data   RW          342    .data               nrf.o
    0x2007c0ac   COMPRESSED   0x00000030   Data   RW          434    .data               foramt.o
    0x2007c0dc   COMPRESSED   0x00000004   Data   RW          561    .data               rtx_conf_cm.o
    0x2007c0e0   COMPRESSED   0x00000004   Data   RW          562    .data               rtx_conf_cm.o
    0x2007c0e4   COMPRESSED   0x00000004   Data   RW          563    .data               rtx_conf_cm.o
    0x2007c0e8   COMPRESSED   0x00000002   Data   RW          658    .data               ssp_lpc17xx.o
    0x2007c0ea   COMPRESSED   0x00000002   Data   RW          659    .data               ssp_lpc17xx.o
    0x2007c0ec   COMPRESSED   0x00000002   Data   RW          660    .data               ssp_lpc17xx.o
    0x2007c0ee   COMPRESSED   0x00000002   Data   RW          661    .data               ssp_lpc17xx.o
    0x2007c0f0   COMPRESSED   0x00000002   Data   RW          662    .data               ssp_lpc17xx.o
    0x2007c0f2   COMPRESSED   0x00000002   Data   RW          663    .data               ssp_lpc17xx.o
    0x2007c0f4   COMPRESSED   0x00000002   Data   RW          664    .data               ssp_lpc17xx.o
    0x2007c0f6   COMPRESSED   0x00000002   PAD
    0x2007c0f8   COMPRESSED   0x00000008   Data   RW          665    .data               ssp_lpc17xx.o
    0x2007c100   COMPRESSED   0x00000008   Data   RW          868    .data               gpdma_lpc17xx.o
    0x2007c108   COMPRESSED   0x00000004   Data   RW         1039    .data               system_lpc17xx.o
    0x2007c10c   COMPRESSED   0x00000010   Data   RW         1088    .data               gui_x_rte.o
    0x2007c11c   COMPRESSED   0x00000008   Data   RW         1316    .data               RTX_CM3.lib(rt_cmsis.o)
    0x2007c124   COMPRESSED   0x00000008   Data   RW         1853    .data               RTX_CM3.lib(rt_task.o)
    0x2007c12c   COMPRESSED   0x00000034   Data   RW         2069    .data               GUI_CM3_L.lib(gui_core.o)
    0x2007c160   COMPRESSED   0x00000004   Data   RW         2073    .data               GUI_CM3_L.lib(gui_core.o)
    0x2007c164   COMPRESSED   0x00000004   Data   RW         2078    .data               GUI_CM3_L.lib(gui_core.o)
    0x2007c168   COMPRESSED   0x00000002   Data   RW         2079    .data               GUI_CM3_L.lib(gui_core.o)
    0x2007c16a   COMPRESSED   0x00000002   Data   RW         2080    .data               GUI_CM3_L.lib(gui_core.o)
    0x2007c16c   COMPRESSED   0x00000008   Data   RW         2253    .data               GUI_CM3_L.lib(lcd_getex.o)
    0x2007c174   COMPRESSED   0x00000008   Data   RW         2777    .data               RTX_CM3.lib(rt_system.o)
    0x2007c17c   COMPRESSED   0x00000004   Data   RW         3067    .data               RTX_CM3.lib(rt_time.o)
    0x2007c180   COMPRESSED   0x00000008   Data   RW         3098    .data               RTX_CM3.lib(rt_robin.o)
    0x2007c188   COMPRESSED   0x00000001   Data   RW         3177    .data               RTX_CM3.lib(hal_cm.o)
    0x2007c189   COMPRESSED   0x00000003   PAD
    0x2007c18c   COMPRESSED   0x0000001c   Data   RW         3373    .data               GUI_CM3_L.lib(gui_task.o)
    0x2007c1a8   COMPRESSED   0x00000004   Data   RW         3425    .data               GUI_CM3_L.lib(lcd.o)
    0x2007c1ac   COMPRESSED   0x00000010   Data   RW         3457    .data               GUI_CM3_L.lib(lcd_color.o)
    0x2007c1bc   COMPRESSED   0x00000064   Data   RW         3888    .data               GUI_CM3_L.lib(wm.o)
    0x2007c220   COMPRESSED   0x00000018   Data   RW         3986    .data               GUI_CM3_L.lib(gui__managecache.o)
    0x2007c238   COMPRESSED   0x00000004   Data   RW         4039    .data               GUI_CM3_L.lib(gui_charline.o)
    0x2007c23c   COMPRESSED   0x00000010   Data   RW         4093    .data               GUI_CM3_L.lib(gui_onkey.o)
    0x2007c24c   COMPRESSED   0x0000000c   Data   RW         4189    .data               GUI_CM3_L.lib(gui_waitevent.o)
    0x2007c258   COMPRESSED   0x00000004   Data   RW         4333    .data               GUI_CM3_L.lib(wm__sendmessage.o)
    0x2007c25c        -       0x000001a4   Zero   RW           12    .bss                0.o
    0x2007c400        -       0x0000023c   Zero   RW          299    .bss                serach_sender.o
    0x2007c63c        -       0x00000012   Zero   RW          341    .bss                nrf.o
    0x2007c64e   COMPRESSED   0x00000002   PAD
    0x2007c650        -       0x0000001c   Zero   RW          433    .bss                foramt.o
    0x2007c66c        -       0x00000020   Zero   RW          536    .bss                rtx_conf_cm.o
    0x2007c68c        -       0x00000178   Zero   RW          537    .bss                rtx_conf_cm.o
    0x2007c804   COMPRESSED   0x00000004   PAD
    0x2007c808        -       0x00000c10   Zero   RW          538    .bss                rtx_conf_cm.o
    0x2007d418        -       0x000008e8   Zero   RW          539    .bss                rtx_conf_cm.o
    0x2007dd00        -       0x00000084   Zero   RW          540    .bss                rtx_conf_cm.o
    0x2007dd84        -       0x0000001c   Zero   RW          541    .bss                rtx_conf_cm.o
    0x2007dda0        -       0x0000000c   Zero   RW          651    .bss                ssp_lpc17xx.o
    0x2007ddac        -       0x0000001c   Zero   RW          652    .bss                ssp_lpc17xx.o
    0x2007ddc8        -       0x0000000c   Zero   RW          653    .bss                ssp_lpc17xx.o
    0x2007ddd4        -       0x0000001c   Zero   RW          654    .bss                ssp_lpc17xx.o
    0x2007ddf0        -       0x000000a0   Zero   RW          867    .bss                gpdma_lpc17xx.o
    0x2007de90        -       0x00000010   Zero   RW         1085    .bss                gui_x_rte.o
    0x2007dea0        -       0x00000018   Zero   RW         1086    .bss                gui_x_rte.o
    0x2007deb8        -       0x00001000   Zero   RW         1184    .bss                guiconf.o
    0x2007eeb8        -       0x00000034   Zero   RW         1852    .bss                RTX_CM3.lib(rt_task.o)
    0x2007eeec        -       0x000000cc   Zero   RW         2010    .bss                GUI_CM3_L.lib(gui_alloc.o)
    0x2007efb8        -       0x00000070   Zero   RW         2067    .bss                GUI_CM3_L.lib(gui_core.o)
    0x2007f028        -       0x00000030   Zero   RW         2907    .bss                RTX_CM3.lib(rt_list.o)
    0x2007f058        -       0x00000018   Zero   RW         3886    .bss                GUI_CM3_L.lib(wm.o)
    0x2007f070        -       0x00000058   Zero   RW         4092    .bss                GUI_CM3_L.lib(gui_onkey.o)
    0x2007f0c8        -       0x00000048   Zero   RW         4430    .bss                GUI_CM3_L.lib(wm_touch.o)
    0x2007f110        -       0x00000060   Zero   RW         5369    .bss                c_w.l(libspace.o)
    0x2007f170        -       0x00000800   Zero   RW         1025    HEAP                startup_lpc17xx.o
    0x2007f970        -       0x00001000   Zero   RW         1024    STACK               startup_lpc17xx.o


==============================================================================

Image component sizes


      Code (inc. data)   RO Data    RW Data    ZI Data      Debug   Object Name

       508        126          0        148        420      16803   0.o
      1084         82          0          0          0       3441   download_img.o
       218         68          0         48         28       3205   foramt.o
       896         80          0          8        160       7078   gpdma_lpc17xx.o
        58          0          0          0          0       1154   gpio_lpc17xx.o
       114         34         12         16         40       4475   gui_x_rte.o
        32         10          0          0       4096        503   guiconf.o
      1124         58          0          4      32768       8971   lcd.o
        68         14          0          0          0        985   lcdconf.o
       520         16          0          0          0       1824   menu.o
       972         80          0          4         18      10989   nrf.o
       126          0          0          0          0        856   pin_lpc17xx.o
        92         22         84         12       5936       9111   rtx_conf_cm.o
       648         64          0         13        572       3502   serach_sender.o
      3738        174        240         22         80      75759   ssp_lpc17xx.o
        68         30        204          0       6144       1028   startup_lpc17xx.o
       228         12          0          4          0        887   system_lpc17xx.o

    ----------------------------------------------------------------------
     10502        870        600        284      50268     150571   Object Totals
         0          0         48          0          0          0   (incl. Generated)
         8          0         12          5          6          0   (incl. Padding)

    ----------------------------------------------------------------------

      Code (inc. data)   RO Data    RW Data    ZI Data      Debug   Library Member Name

         0          0       2155          0          0          0   f13_1.o
         0          0       2046          0          0          0   f13_ascii.o
         0          0       2784          0          0          0   f16b_1.o
         0          0       2660          0          0          0   f16b_ascii.o
         0          0       4236          0          0          0   f20b_1.o
         0          0       4132          0          0          0   f20b_ascii.o
         0          0       1816          0          0          0   f6x8.o
       128          4          0          0          0         84   gui_2dlib.o
       292          0          0          0          0         76   gui__compactpixelindices.o
         0          0        256          0          0          0   gui__divtbl_255_31.o
         0          0        256          0          0          0   gui__divtbl_255_63.o
         0          0         32          0          0          0   gui__divtbl_31_255.o
         0          0         64          0          0          0   gui__divtbl_63_255.o
        58          0          0          0          0         68   gui__intersectrect.o
        82          0          0          0          0         80   gui__intersectrects.o
       228          8          0         24          0        156   gui__managecache.o
        76          0          0          0          0         76   gui__memset.o
        60          0          0          0          0         76   gui__memset16.o
       152         10         40          0          0         84   gui_adddecshift.o
      1626         78          0          0        204       1472   gui_alloc.o
        46          0          0          0          0         80   gui_alloc_alloczero.o
        60          0          0          0          0         76   gui_calccolordist.o
       164         20          0          0          0        308   gui_char.o
       458         36          0          4          0        472   gui_charline.o
       394         10          0          0          0        300   gui_charm.o
       308         10          0          0          0        384   gui_charp.o
       468         60          8         64        112        620   gui_core.o
       370         22          0          0          0        600   gui_device.o
        44          4          0          0          0         80   gui_dispceol.o
       264          4          0          0          0         88   gui_dispstring.o
        40          6          0          0          0         88   gui_dispstringat.o
        14          0          0          0          0         80   gui_dispstringatceol.o
        52          4          0          0          0         92   gui_dispstringhcenter.o
        88          4          0          0          0         84   gui_fillrect.o
        48          0          0          0          0        152   gui_getcolor.o
        66         12          0          0          0        216   gui_goto.o
        88          0          0          0          0         76   gui_mergerect.o
        30          0          0          0          0         68   gui_moverect.o
        16          4          0         16         88         68   gui_onkey.o
        56          0          0          0          0         68   gui_rectsintersect.o
        56         10          0          0          0         80   gui_selectlayer.o
        26          0          0          0          0         80   gui_selectlcd.o
        44          0          0          0          0        160   gui_setcolor.o
        32          6          0          0          0         80   gui_setfont.o
        64         16          0          0          0         88   gui_setorg.o
        32          6          0          0          0         80   gui_settextalign.o
       376         42          0         28          0        476   gui_task.o
        84         10          0          0          0        168   gui_uc.o
        18          0         16          0          0        272   gui_uc_encodenone.o
        26          0          0          0          0        144   gui_val.o
        16          4          0         12          0         68   gui_waitevent.o
       198          0         24          0          0        244   guicc_0.o
       218         38         24          0          0        388   guicc_565.o
       122          6          0          0          0        160   guidev.o
      2286         60        116          0          0       1336   guidev_16.o
        40          0          0          0          0         80   guidev_getdataptr.o
        84          0          0          0          0        164   guidev_usage.o
      1854         18          8          0          0        492   guidev_writetoactiveopaque.o
      3260        182         52          0          0       2800   guidrv_lin_16.o
      1730        118         12          4          0       1436   lcd.o
       272         30          0         16          0        392   lcd_color.o
        32         12          0          0          0        136   lcd_getcolorindex.o
       404         44          0          8          0       1476   lcd_getex.o
        26          0          0          0          0         80   lcd_getnumdisplays.o
         0          0        256          0          0          0   lcd_mirror.o
        64          8          0          0          0         80   lcd_selectlcd.o
       172          0          0          0          0        332   lcd_set.o
        48         10          0          0          0         80   lcd_setcliprectex.o
        36          4          0          0          0         80   lcd_updatecolorindices.o
      3072        148          0        100         24       2572   wm.o
        18          0          0          0          0         76   wm__getfirstsibling.o
        36          0          0          0          0         80   wm__getprevsibling.o
        60          6          0          4          0         88   wm__sendmessage.o
       136          0          0          0          0         92   wm_bringtobottom.o
        16          6          0          0          0         68   wm_criticalhandle.o
        32          0          0          0          0         80   wm_getclientrect.o
        24         10          0          0          0         68   wm_getdesktopwindow.o
        26          0          0          0          0         76   wm_getfirstchild.o
        26          0          0          0          0         76   wm_getparent.o
        38          0          0          0          0         92   wm_sendtoparent.o
         0          0          0          0         72          0   wm_touch.o
       238         24          0          1          0       3312   hal_cm.o
       304         36          0          0          0        768   hal_cm3.o
      1672        196          0          8          0      40806   rt_cmsis.o
        80          4          0          0          0        661   rt_event.o
       530         34          0          0         48       8253   rt_list.o
       554         10          0          0          0       3949   rt_mailbox.o
       140          0          0          0          0       1925   rt_membox.o
       128          0          0          0          0       2307   rt_memory.o
       352         14          0          0          0       2105   rt_mutex.o
        96         22          0          8          0       1158   rt_robin.o
        52          4          0          0          0        573   rt_semaphore.o
       298         52          0          8          0       6223   rt_system.o
      1216        174          0          8         52       9649   rt_task.o
         6          0          0          4          0        652   rt_time.o
         4          4          0          0          0        208   svc_table.o
        90          0          0          0          0          0   __dczerorl2.o
         8          0          0          0          0         68   __main.o
       104          0          0          0          0         84   __printf.o
         0          0          0          0          0          0   __rtentry.o
        20          0          0          0          0          0   __rtentry2.o
         6          0          0          0          0          0   __rtentry4.o
        52          8          0          0          0          0   __scatter.o
        28          0          0          0          0          0   __scatter_zi.o
        48          6          0          0          0         96   _printf_char_common.o
         6          0          0          0          0          0   _printf_d.o
       120         16          0          0          0         92   _printf_dec.o
        88          4         40          0          0         88   _printf_hex_int.o
       178          0          0          0          0         88   _printf_intcommon.o
         0          0          0          0          0          0   _printf_percent.o
         4          0          0          0          0          0   _printf_percent_end.o
         6          0          0          0          0          0   _printf_x.o
        10          0          0          0          0         68   _sputc.o
        18          0          0          0          0         80   exit.o
         6          0          0          0          0        152   heapauxi.o
         0          0          0          0          0          0   indicate_semi.o
         2          0          0          0          0          0   libinit.o
         2          0          0          0          0          0   libinit2.o
         2          0          0          0          0          0   libshutdown.o
         2          0          0          0          0          0   libshutdown2.o
         8          4          0          0         96         68   libspace.o
       238          0          0          0          0        100   lludivv7m.o
        40          6          0          0          0         84   noretval__2sprintf.o
        78          0          0          0          0         80   rt_memclr_w.o
       138          0          0          0          0         68   rt_memcpy_v6.o
       100          0          0          0          0         80   rt_memcpy_w.o
       132          0          0          0          0         68   rt_memmove_v6.o
       122          0          0          0          0         80   rt_memmove_w.o
         2          0          0          0          0          0   rtexit.o
        10          0          0          0          0          0   rtexit2.o
        72          0          0          0          0         80   strcpy.o
        12          4          0          0          0         68   sys_exit.o
        74          0          0          0          0         80   sys_stackheap_outer.o
         2          0          0          0          0         68   use_no_semi.o

    ----------------------------------------------------------------------
     28446       1712      21036        320        696     105281   Library Totals
        68          0          3          3          0          0   (incl. Padding)

    ----------------------------------------------------------------------

      Code (inc. data)   RO Data    RW Data    ZI Data      Debug   Library Name

     20880       1090      20993        280        500      20992   GUI_CM3_L.lib
      5670        574          0         37        100      82549   RTX_CM3.lib
      1828         48         40          0         96       1740   c_w.l

    ----------------------------------------------------------------------
     28446       1712      21036        320        696     105281   Library Totals

    ----------------------------------------------------------------------

==============================================================================


      Code (inc. data)   RO Data    RW Data    ZI Data      Debug   

     38948       2582      21636        604      50964     231980   Grand Totals
     38948       2582      21636        164      50964     231980   ELF Image Totals (compressed)
     38948       2582      21636        164          0          0   ROM Totals

==============================================================================

    Total RO  Size (Code + RO Data)                60584 (  59.16kB)
    Total RW  Size (RW Data + ZI Data)             51568 (  50.36kB)
    Total ROM Size (Code + RO Data + RW Data)      60748 (  59.32kB)

==============================================================================

